Traceback (most recent call last):
  File "/home/vdemeyer/TRACKING/KATJA/POSTPROCESSING/EETCs_stat.py", line 379, in <module>
    main(iyear, sim, ref, output_file)
  File "/home/vdemeyer/TRACKING/KATJA/POSTPROCESSING/EETCs_stat.py", line 116, in main
    percentile_precip = xr.open_dataset(f'/home/vdemeyer/projects/rrg-gachon/vdemeyer/{sim}/PR_Percentile/pr_{sim.lower()}_percentile_1980-2014_wetdays.nc') ###à changer
                        ^^^^^^^^^^^^^^^^^^^^^^^^^^^^^^^^^^^^^^^^^^^^^^^^^^^^^^^^^^^^^^^^^^^^^^^^^^^^^^^^^^^^^^^^^^^^^^^^^^^^^^^^^^^^^^^^^^^^^^^^^^^^^^^^^^^^
  File "/home/vdemeyer/py3/lib/python3.11/site-packages/xarray/backends/api.py", line 686, in open_dataset
    backend_ds = backend.open_dataset(
                 ^^^^^^^^^^^^^^^^^^^^^
  File "/home/vdemeyer/py3/lib/python3.11/site-packages/xarray/backends/netCDF4_.py", line 666, in open_dataset
    store = NetCDF4DataStore.open(
            ^^^^^^^^^^^^^^^^^^^^^^
  File "/home/vdemeyer/py3/lib/python3.11/site-packages/xarray/backends/netCDF4_.py", line 414, in open
    import netCDF4
  File "/home/vdemeyer/py3/lib/python3.11/site-packages/netCDF4/__init__.py", line 3, in <module>
    from ._netCDF4 import *
  File "src/netCDF4/_netCDF4.pyx", line 1, in init netCDF4._netCDF4
ModuleNotFoundError: No module named 'mpi4py'
#executed by process	0 in 9.09881s	with status	1 : python /home/vdemeyer/TRACKING/KATJA/POSTPROCESSING/EETCs_stat.py 1979 --sim ERA5 --metric ratio
Traceback (most recent call last):
  File "/home/vdemeyer/TRACKING/KATJA/POSTPROCESSING/EETCs_stat.py", line 379, in <module>
    main(iyear, sim, ref, output_file)
  File "/home/vdemeyer/TRACKING/KATJA/POSTPROCESSING/EETCs_stat.py", line 116, in main
    percentile_precip = xr.open_dataset(f'/home/vdemeyer/projects/rrg-gachon/vdemeyer/{sim}/PR_Percentile/pr_{sim.lower()}_percentile_1980-2014_wetdays.nc') ###à changer
                        ^^^^^^^^^^^^^^^^^^^^^^^^^^^^^^^^^^^^^^^^^^^^^^^^^^^^^^^^^^^^^^^^^^^^^^^^^^^^^^^^^^^^^^^^^^^^^^^^^^^^^^^^^^^^^^^^^^^^^^^^^^^^^^^^^^^^
  File "/home/vdemeyer/py3/lib/python3.11/site-packages/xarray/backends/api.py", line 686, in open_dataset
    backend_ds = backend.open_dataset(
                 ^^^^^^^^^^^^^^^^^^^^^
  File "/home/vdemeyer/py3/lib/python3.11/site-packages/xarray/backends/netCDF4_.py", line 666, in open_dataset
    store = NetCDF4DataStore.open(
            ^^^^^^^^^^^^^^^^^^^^^^
  File "/home/vdemeyer/py3/lib/python3.11/site-packages/xarray/backends/netCDF4_.py", line 414, in open
    import netCDF4
  File "/home/vdemeyer/py3/lib/python3.11/site-packages/netCDF4/__init__.py", line 3, in <module>
    from ._netCDF4 import *
  File "src/netCDF4/_netCDF4.pyx", line 1, in init netCDF4._netCDF4
ModuleNotFoundError: No module named 'mpi4py'
#executed by process	0 in 8.93804s	with status	1 : python /home/vdemeyer/TRACKING/KATJA/POSTPROCESSING/EETCs_stat.py 1980 --sim ERA5 --metric ratio
Traceback (most recent call last):
  File "/home/vdemeyer/TRACKING/KATJA/POSTPROCESSING/EETCs_stat.py", line 379, in <module>
    main(iyear, sim, ref, output_file)
  File "/home/vdemeyer/TRACKING/KATJA/POSTPROCESSING/EETCs_stat.py", line 116, in main
    percentile_precip = xr.open_dataset(f'/home/vdemeyer/projects/rrg-gachon/vdemeyer/{sim}/PR_Percentile/pr_{sim.lower()}_percentile_1980-2014_wetdays.nc') ###à changer
                        ^^^^^^^^^^^^^^^^^^^^^^^^^^^^^^^^^^^^^^^^^^^^^^^^^^^^^^^^^^^^^^^^^^^^^^^^^^^^^^^^^^^^^^^^^^^^^^^^^^^^^^^^^^^^^^^^^^^^^^^^^^^^^^^^^^^^
  File "/home/vdemeyer/py3/lib/python3.11/site-packages/xarray/backends/api.py", line 686, in open_dataset
    backend_ds = backend.open_dataset(
                 ^^^^^^^^^^^^^^^^^^^^^
  File "/home/vdemeyer/py3/lib/python3.11/site-packages/xarray/backends/netCDF4_.py", line 666, in open_dataset
    store = NetCDF4DataStore.open(
            ^^^^^^^^^^^^^^^^^^^^^^
  File "/home/vdemeyer/py3/lib/python3.11/site-packages/xarray/backends/netCDF4_.py", line 414, in open
    import netCDF4
  File "/home/vdemeyer/py3/lib/python3.11/site-packages/netCDF4/__init__.py", line 3, in <module>
    from ._netCDF4 import *
  File "src/netCDF4/_netCDF4.pyx", line 1, in init netCDF4._netCDF4
ModuleNotFoundError: No module named 'mpi4py'
#executed by process	0 in 8.9627s	with status	1 : python /home/vdemeyer/TRACKING/KATJA/POSTPROCESSING/EETCs_stat.py 1981 --sim ERA5 --metric ratio
Traceback (most recent call last):
  File "/home/vdemeyer/TRACKING/KATJA/POSTPROCESSING/EETCs_stat.py", line 379, in <module>
    main(iyear, sim, ref, output_file)
  File "/home/vdemeyer/TRACKING/KATJA/POSTPROCESSING/EETCs_stat.py", line 116, in main
    percentile_precip = xr.open_dataset(f'/home/vdemeyer/projects/rrg-gachon/vdemeyer/{sim}/PR_Percentile/pr_{sim.lower()}_percentile_1980-2014_wetdays.nc') ###à changer
                        ^^^^^^^^^^^^^^^^^^^^^^^^^^^^^^^^^^^^^^^^^^^^^^^^^^^^^^^^^^^^^^^^^^^^^^^^^^^^^^^^^^^^^^^^^^^^^^^^^^^^^^^^^^^^^^^^^^^^^^^^^^^^^^^^^^^^
  File "/home/vdemeyer/py3/lib/python3.11/site-packages/xarray/backends/api.py", line 686, in open_dataset
    backend_ds = backend.open_dataset(
                 ^^^^^^^^^^^^^^^^^^^^^
  File "/home/vdemeyer/py3/lib/python3.11/site-packages/xarray/backends/netCDF4_.py", line 666, in open_dataset
    store = NetCDF4DataStore.open(
            ^^^^^^^^^^^^^^^^^^^^^^
  File "/home/vdemeyer/py3/lib/python3.11/site-packages/xarray/backends/netCDF4_.py", line 414, in open
    import netCDF4
  File "/home/vdemeyer/py3/lib/python3.11/site-packages/netCDF4/__init__.py", line 3, in <module>
    from ._netCDF4 import *
  File "src/netCDF4/_netCDF4.pyx", line 1, in init netCDF4._netCDF4
ModuleNotFoundError: No module named 'mpi4py'
#executed by process	0 in 8.81803s	with status	1 : python /home/vdemeyer/TRACKING/KATJA/POSTPROCESSING/EETCs_stat.py 1982 --sim ERA5 --metric ratio
Traceback (most recent call last):
  File "/home/vdemeyer/TRACKING/KATJA/POSTPROCESSING/EETCs_stat.py", line 379, in <module>
    main(iyear, sim, ref, output_file)
  File "/home/vdemeyer/TRACKING/KATJA/POSTPROCESSING/EETCs_stat.py", line 116, in main
    percentile_precip = xr.open_dataset(f'/home/vdemeyer/projects/rrg-gachon/vdemeyer/{sim}/PR_Percentile/pr_{sim.lower()}_percentile_1980-2014_wetdays.nc') ###à changer
                        ^^^^^^^^^^^^^^^^^^^^^^^^^^^^^^^^^^^^^^^^^^^^^^^^^^^^^^^^^^^^^^^^^^^^^^^^^^^^^^^^^^^^^^^^^^^^^^^^^^^^^^^^^^^^^^^^^^^^^^^^^^^^^^^^^^^^
  File "/home/vdemeyer/py3/lib/python3.11/site-packages/xarray/backends/api.py", line 686, in open_dataset
    backend_ds = backend.open_dataset(
                 ^^^^^^^^^^^^^^^^^^^^^
  File "/home/vdemeyer/py3/lib/python3.11/site-packages/xarray/backends/netCDF4_.py", line 666, in open_dataset
    store = NetCDF4DataStore.open(
            ^^^^^^^^^^^^^^^^^^^^^^
  File "/home/vdemeyer/py3/lib/python3.11/site-packages/xarray/backends/netCDF4_.py", line 414, in open
    import netCDF4
  File "/home/vdemeyer/py3/lib/python3.11/site-packages/netCDF4/__init__.py", line 3, in <module>
    from ._netCDF4 import *
  File "src/netCDF4/_netCDF4.pyx", line 1, in init netCDF4._netCDF4
ModuleNotFoundError: No module named 'mpi4py'
#executed by process	0 in 8.75455s	with status	1 : python /home/vdemeyer/TRACKING/KATJA/POSTPROCESSING/EETCs_stat.py 1983 --sim ERA5 --metric ratio
Traceback (most recent call last):
  File "/home/vdemeyer/TRACKING/KATJA/POSTPROCESSING/EETCs_stat.py", line 379, in <module>
    main(iyear, sim, ref, output_file)
  File "/home/vdemeyer/TRACKING/KATJA/POSTPROCESSING/EETCs_stat.py", line 116, in main
    percentile_precip = xr.open_dataset(f'/home/vdemeyer/projects/rrg-gachon/vdemeyer/{sim}/PR_Percentile/pr_{sim.lower()}_percentile_1980-2014_wetdays.nc') ###à changer
                        ^^^^^^^^^^^^^^^^^^^^^^^^^^^^^^^^^^^^^^^^^^^^^^^^^^^^^^^^^^^^^^^^^^^^^^^^^^^^^^^^^^^^^^^^^^^^^^^^^^^^^^^^^^^^^^^^^^^^^^^^^^^^^^^^^^^^
  File "/home/vdemeyer/py3/lib/python3.11/site-packages/xarray/backends/api.py", line 686, in open_dataset
    backend_ds = backend.open_dataset(
                 ^^^^^^^^^^^^^^^^^^^^^
  File "/home/vdemeyer/py3/lib/python3.11/site-packages/xarray/backends/netCDF4_.py", line 666, in open_dataset
    store = NetCDF4DataStore.open(
            ^^^^^^^^^^^^^^^^^^^^^^
  File "/home/vdemeyer/py3/lib/python3.11/site-packages/xarray/backends/netCDF4_.py", line 414, in open
    import netCDF4
  File "/home/vdemeyer/py3/lib/python3.11/site-packages/netCDF4/__init__.py", line 3, in <module>
    from ._netCDF4 import *
  File "src/netCDF4/_netCDF4.pyx", line 1, in init netCDF4._netCDF4
ModuleNotFoundError: No module named 'mpi4py'
#executed by process	0 in 8.36613s	with status	1 : python /home/vdemeyer/TRACKING/KATJA/POSTPROCESSING/EETCs_stat.py 1984 --sim ERA5 --metric ratio
Traceback (most recent call last):
  File "/home/vdemeyer/TRACKING/KATJA/POSTPROCESSING/EETCs_stat.py", line 379, in <module>
    main(iyear, sim, ref, output_file)
  File "/home/vdemeyer/TRACKING/KATJA/POSTPROCESSING/EETCs_stat.py", line 116, in main
    percentile_precip = xr.open_dataset(f'/home/vdemeyer/projects/rrg-gachon/vdemeyer/{sim}/PR_Percentile/pr_{sim.lower()}_percentile_1980-2014_wetdays.nc') ###à changer
                        ^^^^^^^^^^^^^^^^^^^^^^^^^^^^^^^^^^^^^^^^^^^^^^^^^^^^^^^^^^^^^^^^^^^^^^^^^^^^^^^^^^^^^^^^^^^^^^^^^^^^^^^^^^^^^^^^^^^^^^^^^^^^^^^^^^^^
  File "/home/vdemeyer/py3/lib/python3.11/site-packages/xarray/backends/api.py", line 686, in open_dataset
    backend_ds = backend.open_dataset(
                 ^^^^^^^^^^^^^^^^^^^^^
  File "/home/vdemeyer/py3/lib/python3.11/site-packages/xarray/backends/netCDF4_.py", line 666, in open_dataset
    store = NetCDF4DataStore.open(
            ^^^^^^^^^^^^^^^^^^^^^^
  File "/home/vdemeyer/py3/lib/python3.11/site-packages/xarray/backends/netCDF4_.py", line 414, in open
    import netCDF4
  File "/home/vdemeyer/py3/lib/python3.11/site-packages/netCDF4/__init__.py", line 3, in <module>
    from ._netCDF4 import *
  File "src/netCDF4/_netCDF4.pyx", line 1, in init netCDF4._netCDF4
ModuleNotFoundError: No module named 'mpi4py'
#executed by process	0 in 8.40229s	with status	1 : python /home/vdemeyer/TRACKING/KATJA/POSTPROCESSING/EETCs_stat.py 1985 --sim ERA5 --metric ratio
Traceback (most recent call last):
  File "/home/vdemeyer/TRACKING/KATJA/POSTPROCESSING/EETCs_stat.py", line 379, in <module>
    main(iyear, sim, ref, output_file)
  File "/home/vdemeyer/TRACKING/KATJA/POSTPROCESSING/EETCs_stat.py", line 116, in main
    percentile_precip = xr.open_dataset(f'/home/vdemeyer/projects/rrg-gachon/vdemeyer/{sim}/PR_Percentile/pr_{sim.lower()}_percentile_1980-2014_wetdays.nc') ###à changer
                        ^^^^^^^^^^^^^^^^^^^^^^^^^^^^^^^^^^^^^^^^^^^^^^^^^^^^^^^^^^^^^^^^^^^^^^^^^^^^^^^^^^^^^^^^^^^^^^^^^^^^^^^^^^^^^^^^^^^^^^^^^^^^^^^^^^^^
  File "/home/vdemeyer/py3/lib/python3.11/site-packages/xarray/backends/api.py", line 686, in open_dataset
    backend_ds = backend.open_dataset(
                 ^^^^^^^^^^^^^^^^^^^^^
  File "/home/vdemeyer/py3/lib/python3.11/site-packages/xarray/backends/netCDF4_.py", line 666, in open_dataset
    store = NetCDF4DataStore.open(
            ^^^^^^^^^^^^^^^^^^^^^^
  File "/home/vdemeyer/py3/lib/python3.11/site-packages/xarray/backends/netCDF4_.py", line 414, in open
    import netCDF4
  File "/home/vdemeyer/py3/lib/python3.11/site-packages/netCDF4/__init__.py", line 3, in <module>
    from ._netCDF4 import *
  File "src/netCDF4/_netCDF4.pyx", line 1, in init netCDF4._netCDF4
ModuleNotFoundError: No module named 'mpi4py'
#executed by process	0 in 8.25136s	with status	1 : python /home/vdemeyer/TRACKING/KATJA/POSTPROCESSING/EETCs_stat.py 1986 --sim ERA5 --metric ratio
Traceback (most recent call last):
  File "/home/vdemeyer/TRACKING/KATJA/POSTPROCESSING/EETCs_stat.py", line 379, in <module>
    main(iyear, sim, ref, output_file)
  File "/home/vdemeyer/TRACKING/KATJA/POSTPROCESSING/EETCs_stat.py", line 116, in main
    percentile_precip = xr.open_dataset(f'/home/vdemeyer/projects/rrg-gachon/vdemeyer/{sim}/PR_Percentile/pr_{sim.lower()}_percentile_1980-2014_wetdays.nc') ###à changer
                        ^^^^^^^^^^^^^^^^^^^^^^^^^^^^^^^^^^^^^^^^^^^^^^^^^^^^^^^^^^^^^^^^^^^^^^^^^^^^^^^^^^^^^^^^^^^^^^^^^^^^^^^^^^^^^^^^^^^^^^^^^^^^^^^^^^^^
  File "/home/vdemeyer/py3/lib/python3.11/site-packages/xarray/backends/api.py", line 686, in open_dataset
    backend_ds = backend.open_dataset(
                 ^^^^^^^^^^^^^^^^^^^^^
  File "/home/vdemeyer/py3/lib/python3.11/site-packages/xarray/backends/netCDF4_.py", line 666, in open_dataset
    store = NetCDF4DataStore.open(
            ^^^^^^^^^^^^^^^^^^^^^^
  File "/home/vdemeyer/py3/lib/python3.11/site-packages/xarray/backends/netCDF4_.py", line 414, in open
    import netCDF4
  File "/home/vdemeyer/py3/lib/python3.11/site-packages/netCDF4/__init__.py", line 3, in <module>
    from ._netCDF4 import *
  File "src/netCDF4/_netCDF4.pyx", line 1, in init netCDF4._netCDF4
ModuleNotFoundError: No module named 'mpi4py'
#executed by process	0 in 8.27027s	with status	1 : python /home/vdemeyer/TRACKING/KATJA/POSTPROCESSING/EETCs_stat.py 1987 --sim ERA5 --metric ratio
Traceback (most recent call last):
  File "/home/vdemeyer/TRACKING/KATJA/POSTPROCESSING/EETCs_stat.py", line 379, in <module>
    main(iyear, sim, ref, output_file)
  File "/home/vdemeyer/TRACKING/KATJA/POSTPROCESSING/EETCs_stat.py", line 116, in main
    percentile_precip = xr.open_dataset(f'/home/vdemeyer/projects/rrg-gachon/vdemeyer/{sim}/PR_Percentile/pr_{sim.lower()}_percentile_1980-2014_wetdays.nc') ###à changer
                        ^^^^^^^^^^^^^^^^^^^^^^^^^^^^^^^^^^^^^^^^^^^^^^^^^^^^^^^^^^^^^^^^^^^^^^^^^^^^^^^^^^^^^^^^^^^^^^^^^^^^^^^^^^^^^^^^^^^^^^^^^^^^^^^^^^^^
  File "/home/vdemeyer/py3/lib/python3.11/site-packages/xarray/backends/api.py", line 686, in open_dataset
    backend_ds = backend.open_dataset(
                 ^^^^^^^^^^^^^^^^^^^^^
  File "/home/vdemeyer/py3/lib/python3.11/site-packages/xarray/backends/netCDF4_.py", line 666, in open_dataset
    store = NetCDF4DataStore.open(
            ^^^^^^^^^^^^^^^^^^^^^^
  File "/home/vdemeyer/py3/lib/python3.11/site-packages/xarray/backends/netCDF4_.py", line 414, in open
    import netCDF4
  File "/home/vdemeyer/py3/lib/python3.11/site-packages/netCDF4/__init__.py", line 3, in <module>
    from ._netCDF4 import *
  File "src/netCDF4/_netCDF4.pyx", line 1, in init netCDF4._netCDF4
ModuleNotFoundError: No module named 'mpi4py'
#executed by process	0 in 8.33658s	with status	1 : python /home/vdemeyer/TRACKING/KATJA/POSTPROCESSING/EETCs_stat.py 1988 --sim ERA5 --metric ratio
Traceback (most recent call last):
  File "/home/vdemeyer/TRACKING/KATJA/POSTPROCESSING/EETCs_stat.py", line 379, in <module>
    main(iyear, sim, ref, output_file)
  File "/home/vdemeyer/TRACKING/KATJA/POSTPROCESSING/EETCs_stat.py", line 116, in main
    percentile_precip = xr.open_dataset(f'/home/vdemeyer/projects/rrg-gachon/vdemeyer/{sim}/PR_Percentile/pr_{sim.lower()}_percentile_1980-2014_wetdays.nc') ###à changer
                        ^^^^^^^^^^^^^^^^^^^^^^^^^^^^^^^^^^^^^^^^^^^^^^^^^^^^^^^^^^^^^^^^^^^^^^^^^^^^^^^^^^^^^^^^^^^^^^^^^^^^^^^^^^^^^^^^^^^^^^^^^^^^^^^^^^^^
  File "/home/vdemeyer/py3/lib/python3.11/site-packages/xarray/backends/api.py", line 686, in open_dataset
    backend_ds = backend.open_dataset(
                 ^^^^^^^^^^^^^^^^^^^^^
  File "/home/vdemeyer/py3/lib/python3.11/site-packages/xarray/backends/netCDF4_.py", line 666, in open_dataset
    store = NetCDF4DataStore.open(
            ^^^^^^^^^^^^^^^^^^^^^^
  File "/home/vdemeyer/py3/lib/python3.11/site-packages/xarray/backends/netCDF4_.py", line 414, in open
    import netCDF4
  File "/home/vdemeyer/py3/lib/python3.11/site-packages/netCDF4/__init__.py", line 3, in <module>
    from ._netCDF4 import *
  File "src/netCDF4/_netCDF4.pyx", line 1, in init netCDF4._netCDF4
ModuleNotFoundError: No module named 'mpi4py'
#executed by process	0 in 8.42738s	with status	1 : python /home/vdemeyer/TRACKING/KATJA/POSTPROCESSING/EETCs_stat.py 1989 --sim ERA5 --metric ratio
Traceback (most recent call last):
  File "/home/vdemeyer/TRACKING/KATJA/POSTPROCESSING/EETCs_stat.py", line 379, in <module>
    main(iyear, sim, ref, output_file)
  File "/home/vdemeyer/TRACKING/KATJA/POSTPROCESSING/EETCs_stat.py", line 116, in main
    percentile_precip = xr.open_dataset(f'/home/vdemeyer/projects/rrg-gachon/vdemeyer/{sim}/PR_Percentile/pr_{sim.lower()}_percentile_1980-2014_wetdays.nc') ###à changer
                        ^^^^^^^^^^^^^^^^^^^^^^^^^^^^^^^^^^^^^^^^^^^^^^^^^^^^^^^^^^^^^^^^^^^^^^^^^^^^^^^^^^^^^^^^^^^^^^^^^^^^^^^^^^^^^^^^^^^^^^^^^^^^^^^^^^^^
  File "/home/vdemeyer/py3/lib/python3.11/site-packages/xarray/backends/api.py", line 686, in open_dataset
    backend_ds = backend.open_dataset(
                 ^^^^^^^^^^^^^^^^^^^^^
  File "/home/vdemeyer/py3/lib/python3.11/site-packages/xarray/backends/netCDF4_.py", line 666, in open_dataset
    store = NetCDF4DataStore.open(
            ^^^^^^^^^^^^^^^^^^^^^^
  File "/home/vdemeyer/py3/lib/python3.11/site-packages/xarray/backends/netCDF4_.py", line 414, in open
    import netCDF4
  File "/home/vdemeyer/py3/lib/python3.11/site-packages/netCDF4/__init__.py", line 3, in <module>
    from ._netCDF4 import *
  File "src/netCDF4/_netCDF4.pyx", line 1, in init netCDF4._netCDF4
ModuleNotFoundError: No module named 'mpi4py'
#executed by process	0 in 8.39407s	with status	1 : python /home/vdemeyer/TRACKING/KATJA/POSTPROCESSING/EETCs_stat.py 1990 --sim ERA5 --metric ratio
Traceback (most recent call last):
  File "/home/vdemeyer/TRACKING/KATJA/POSTPROCESSING/EETCs_stat.py", line 379, in <module>
    main(iyear, sim, ref, output_file)
  File "/home/vdemeyer/TRACKING/KATJA/POSTPROCESSING/EETCs_stat.py", line 116, in main
    percentile_precip = xr.open_dataset(f'/home/vdemeyer/projects/rrg-gachon/vdemeyer/{sim}/PR_Percentile/pr_{sim.lower()}_percentile_1980-2014_wetdays.nc') ###à changer
                        ^^^^^^^^^^^^^^^^^^^^^^^^^^^^^^^^^^^^^^^^^^^^^^^^^^^^^^^^^^^^^^^^^^^^^^^^^^^^^^^^^^^^^^^^^^^^^^^^^^^^^^^^^^^^^^^^^^^^^^^^^^^^^^^^^^^^
  File "/home/vdemeyer/py3/lib/python3.11/site-packages/xarray/backends/api.py", line 686, in open_dataset
    backend_ds = backend.open_dataset(
                 ^^^^^^^^^^^^^^^^^^^^^
  File "/home/vdemeyer/py3/lib/python3.11/site-packages/xarray/backends/netCDF4_.py", line 666, in open_dataset
    store = NetCDF4DataStore.open(
            ^^^^^^^^^^^^^^^^^^^^^^
  File "/home/vdemeyer/py3/lib/python3.11/site-packages/xarray/backends/netCDF4_.py", line 414, in open
    import netCDF4
  File "/home/vdemeyer/py3/lib/python3.11/site-packages/netCDF4/__init__.py", line 3, in <module>
    from ._netCDF4 import *
  File "src/netCDF4/_netCDF4.pyx", line 1, in init netCDF4._netCDF4
ModuleNotFoundError: No module named 'mpi4py'
#executed by process	0 in 8.21839s	with status	1 : python /home/vdemeyer/TRACKING/KATJA/POSTPROCESSING/EETCs_stat.py 1991 --sim ERA5 --metric ratio
Traceback (most recent call last):
  File "/home/vdemeyer/TRACKING/KATJA/POSTPROCESSING/EETCs_stat.py", line 379, in <module>
    main(iyear, sim, ref, output_file)
  File "/home/vdemeyer/TRACKING/KATJA/POSTPROCESSING/EETCs_stat.py", line 116, in main
    percentile_precip = xr.open_dataset(f'/home/vdemeyer/projects/rrg-gachon/vdemeyer/{sim}/PR_Percentile/pr_{sim.lower()}_percentile_1980-2014_wetdays.nc') ###à changer
                        ^^^^^^^^^^^^^^^^^^^^^^^^^^^^^^^^^^^^^^^^^^^^^^^^^^^^^^^^^^^^^^^^^^^^^^^^^^^^^^^^^^^^^^^^^^^^^^^^^^^^^^^^^^^^^^^^^^^^^^^^^^^^^^^^^^^^
  File "/home/vdemeyer/py3/lib/python3.11/site-packages/xarray/backends/api.py", line 686, in open_dataset
    backend_ds = backend.open_dataset(
                 ^^^^^^^^^^^^^^^^^^^^^
  File "/home/vdemeyer/py3/lib/python3.11/site-packages/xarray/backends/netCDF4_.py", line 666, in open_dataset
    store = NetCDF4DataStore.open(
            ^^^^^^^^^^^^^^^^^^^^^^
  File "/home/vdemeyer/py3/lib/python3.11/site-packages/xarray/backends/netCDF4_.py", line 414, in open
    import netCDF4
  File "/home/vdemeyer/py3/lib/python3.11/site-packages/netCDF4/__init__.py", line 3, in <module>
    from ._netCDF4 import *
  File "src/netCDF4/_netCDF4.pyx", line 1, in init netCDF4._netCDF4
ModuleNotFoundError: No module named 'mpi4py'
#executed by process	0 in 8.29124s	with status	1 : python /home/vdemeyer/TRACKING/KATJA/POSTPROCESSING/EETCs_stat.py 1992 --sim ERA5 --metric ratio
Traceback (most recent call last):
  File "/home/vdemeyer/TRACKING/KATJA/POSTPROCESSING/EETCs_stat.py", line 379, in <module>
    main(iyear, sim, ref, output_file)
  File "/home/vdemeyer/TRACKING/KATJA/POSTPROCESSING/EETCs_stat.py", line 116, in main
    percentile_precip = xr.open_dataset(f'/home/vdemeyer/projects/rrg-gachon/vdemeyer/{sim}/PR_Percentile/pr_{sim.lower()}_percentile_1980-2014_wetdays.nc') ###à changer
                        ^^^^^^^^^^^^^^^^^^^^^^^^^^^^^^^^^^^^^^^^^^^^^^^^^^^^^^^^^^^^^^^^^^^^^^^^^^^^^^^^^^^^^^^^^^^^^^^^^^^^^^^^^^^^^^^^^^^^^^^^^^^^^^^^^^^^
  File "/home/vdemeyer/py3/lib/python3.11/site-packages/xarray/backends/api.py", line 686, in open_dataset
    backend_ds = backend.open_dataset(
                 ^^^^^^^^^^^^^^^^^^^^^
  File "/home/vdemeyer/py3/lib/python3.11/site-packages/xarray/backends/netCDF4_.py", line 666, in open_dataset
    store = NetCDF4DataStore.open(
            ^^^^^^^^^^^^^^^^^^^^^^
  File "/home/vdemeyer/py3/lib/python3.11/site-packages/xarray/backends/netCDF4_.py", line 414, in open
    import netCDF4
  File "/home/vdemeyer/py3/lib/python3.11/site-packages/netCDF4/__init__.py", line 3, in <module>
    from ._netCDF4 import *
  File "src/netCDF4/_netCDF4.pyx", line 1, in init netCDF4._netCDF4
ModuleNotFoundError: No module named 'mpi4py'
#executed by process	0 in 8.2687s	with status	1 : python /home/vdemeyer/TRACKING/KATJA/POSTPROCESSING/EETCs_stat.py 1993 --sim ERA5 --metric ratio
Traceback (most recent call last):
  File "/home/vdemeyer/TRACKING/KATJA/POSTPROCESSING/EETCs_stat.py", line 379, in <module>
    main(iyear, sim, ref, output_file)
  File "/home/vdemeyer/TRACKING/KATJA/POSTPROCESSING/EETCs_stat.py", line 116, in main
    percentile_precip = xr.open_dataset(f'/home/vdemeyer/projects/rrg-gachon/vdemeyer/{sim}/PR_Percentile/pr_{sim.lower()}_percentile_1980-2014_wetdays.nc') ###à changer
                        ^^^^^^^^^^^^^^^^^^^^^^^^^^^^^^^^^^^^^^^^^^^^^^^^^^^^^^^^^^^^^^^^^^^^^^^^^^^^^^^^^^^^^^^^^^^^^^^^^^^^^^^^^^^^^^^^^^^^^^^^^^^^^^^^^^^^
  File "/home/vdemeyer/py3/lib/python3.11/site-packages/xarray/backends/api.py", line 686, in open_dataset
    backend_ds = backend.open_dataset(
                 ^^^^^^^^^^^^^^^^^^^^^
  File "/home/vdemeyer/py3/lib/python3.11/site-packages/xarray/backends/netCDF4_.py", line 666, in open_dataset
    store = NetCDF4DataStore.open(
            ^^^^^^^^^^^^^^^^^^^^^^
  File "/home/vdemeyer/py3/lib/python3.11/site-packages/xarray/backends/netCDF4_.py", line 414, in open
    import netCDF4
  File "/home/vdemeyer/py3/lib/python3.11/site-packages/netCDF4/__init__.py", line 3, in <module>
    from ._netCDF4 import *
  File "src/netCDF4/_netCDF4.pyx", line 1, in init netCDF4._netCDF4
ModuleNotFoundError: No module named 'mpi4py'
#executed by process	0 in 8.33536s	with status	1 : python /home/vdemeyer/TRACKING/KATJA/POSTPROCESSING/EETCs_stat.py 1994 --sim ERA5 --metric ratio
Traceback (most recent call last):
  File "/home/vdemeyer/TRACKING/KATJA/POSTPROCESSING/EETCs_stat.py", line 379, in <module>
    main(iyear, sim, ref, output_file)
  File "/home/vdemeyer/TRACKING/KATJA/POSTPROCESSING/EETCs_stat.py", line 116, in main
    percentile_precip = xr.open_dataset(f'/home/vdemeyer/projects/rrg-gachon/vdemeyer/{sim}/PR_Percentile/pr_{sim.lower()}_percentile_1980-2014_wetdays.nc') ###à changer
                        ^^^^^^^^^^^^^^^^^^^^^^^^^^^^^^^^^^^^^^^^^^^^^^^^^^^^^^^^^^^^^^^^^^^^^^^^^^^^^^^^^^^^^^^^^^^^^^^^^^^^^^^^^^^^^^^^^^^^^^^^^^^^^^^^^^^^
  File "/home/vdemeyer/py3/lib/python3.11/site-packages/xarray/backends/api.py", line 686, in open_dataset
    backend_ds = backend.open_dataset(
                 ^^^^^^^^^^^^^^^^^^^^^
  File "/home/vdemeyer/py3/lib/python3.11/site-packages/xarray/backends/netCDF4_.py", line 666, in open_dataset
    store = NetCDF4DataStore.open(
            ^^^^^^^^^^^^^^^^^^^^^^
  File "/home/vdemeyer/py3/lib/python3.11/site-packages/xarray/backends/netCDF4_.py", line 414, in open
    import netCDF4
  File "/home/vdemeyer/py3/lib/python3.11/site-packages/netCDF4/__init__.py", line 3, in <module>
    from ._netCDF4 import *
  File "src/netCDF4/_netCDF4.pyx", line 1, in init netCDF4._netCDF4
ModuleNotFoundError: No module named 'mpi4py'
#executed by process	0 in 8.35626s	with status	1 : python /home/vdemeyer/TRACKING/KATJA/POSTPROCESSING/EETCs_stat.py 1995 --sim ERA5 --metric ratio
Traceback (most recent call last):
  File "/home/vdemeyer/TRACKING/KATJA/POSTPROCESSING/EETCs_stat.py", line 379, in <module>
    main(iyear, sim, ref, output_file)
  File "/home/vdemeyer/TRACKING/KATJA/POSTPROCESSING/EETCs_stat.py", line 116, in main
    percentile_precip = xr.open_dataset(f'/home/vdemeyer/projects/rrg-gachon/vdemeyer/{sim}/PR_Percentile/pr_{sim.lower()}_percentile_1980-2014_wetdays.nc') ###à changer
                        ^^^^^^^^^^^^^^^^^^^^^^^^^^^^^^^^^^^^^^^^^^^^^^^^^^^^^^^^^^^^^^^^^^^^^^^^^^^^^^^^^^^^^^^^^^^^^^^^^^^^^^^^^^^^^^^^^^^^^^^^^^^^^^^^^^^^
  File "/home/vdemeyer/py3/lib/python3.11/site-packages/xarray/backends/api.py", line 686, in open_dataset
    backend_ds = backend.open_dataset(
                 ^^^^^^^^^^^^^^^^^^^^^
  File "/home/vdemeyer/py3/lib/python3.11/site-packages/xarray/backends/netCDF4_.py", line 666, in open_dataset
    store = NetCDF4DataStore.open(
            ^^^^^^^^^^^^^^^^^^^^^^
  File "/home/vdemeyer/py3/lib/python3.11/site-packages/xarray/backends/netCDF4_.py", line 414, in open
    import netCDF4
  File "/home/vdemeyer/py3/lib/python3.11/site-packages/netCDF4/__init__.py", line 3, in <module>
    from ._netCDF4 import *
  File "src/netCDF4/_netCDF4.pyx", line 1, in init netCDF4._netCDF4
ModuleNotFoundError: No module named 'mpi4py'
#executed by process	0 in 8.39447s	with status	1 : python /home/vdemeyer/TRACKING/KATJA/POSTPROCESSING/EETCs_stat.py 1996 --sim ERA5 --metric ratio
Traceback (most recent call last):
  File "/home/vdemeyer/TRACKING/KATJA/POSTPROCESSING/EETCs_stat.py", line 379, in <module>
    main(iyear, sim, ref, output_file)
  File "/home/vdemeyer/TRACKING/KATJA/POSTPROCESSING/EETCs_stat.py", line 116, in main
    percentile_precip = xr.open_dataset(f'/home/vdemeyer/projects/rrg-gachon/vdemeyer/{sim}/PR_Percentile/pr_{sim.lower()}_percentile_1980-2014_wetdays.nc') ###à changer
                        ^^^^^^^^^^^^^^^^^^^^^^^^^^^^^^^^^^^^^^^^^^^^^^^^^^^^^^^^^^^^^^^^^^^^^^^^^^^^^^^^^^^^^^^^^^^^^^^^^^^^^^^^^^^^^^^^^^^^^^^^^^^^^^^^^^^^
  File "/home/vdemeyer/py3/lib/python3.11/site-packages/xarray/backends/api.py", line 686, in open_dataset
    backend_ds = backend.open_dataset(
                 ^^^^^^^^^^^^^^^^^^^^^
  File "/home/vdemeyer/py3/lib/python3.11/site-packages/xarray/backends/netCDF4_.py", line 666, in open_dataset
    store = NetCDF4DataStore.open(
            ^^^^^^^^^^^^^^^^^^^^^^
  File "/home/vdemeyer/py3/lib/python3.11/site-packages/xarray/backends/netCDF4_.py", line 414, in open
    import netCDF4
  File "/home/vdemeyer/py3/lib/python3.11/site-packages/netCDF4/__init__.py", line 3, in <module>
    from ._netCDF4 import *
  File "src/netCDF4/_netCDF4.pyx", line 1, in init netCDF4._netCDF4
ModuleNotFoundError: No module named 'mpi4py'
#executed by process	0 in 8.31755s	with status	1 : python /home/vdemeyer/TRACKING/KATJA/POSTPROCESSING/EETCs_stat.py 1997 --sim ERA5 --metric ratio
Traceback (most recent call last):
  File "/home/vdemeyer/TRACKING/KATJA/POSTPROCESSING/EETCs_stat.py", line 379, in <module>
    main(iyear, sim, ref, output_file)
  File "/home/vdemeyer/TRACKING/KATJA/POSTPROCESSING/EETCs_stat.py", line 116, in main
    percentile_precip = xr.open_dataset(f'/home/vdemeyer/projects/rrg-gachon/vdemeyer/{sim}/PR_Percentile/pr_{sim.lower()}_percentile_1980-2014_wetdays.nc') ###à changer
                        ^^^^^^^^^^^^^^^^^^^^^^^^^^^^^^^^^^^^^^^^^^^^^^^^^^^^^^^^^^^^^^^^^^^^^^^^^^^^^^^^^^^^^^^^^^^^^^^^^^^^^^^^^^^^^^^^^^^^^^^^^^^^^^^^^^^^
  File "/home/vdemeyer/py3/lib/python3.11/site-packages/xarray/backends/api.py", line 686, in open_dataset
    backend_ds = backend.open_dataset(
                 ^^^^^^^^^^^^^^^^^^^^^
  File "/home/vdemeyer/py3/lib/python3.11/site-packages/xarray/backends/netCDF4_.py", line 666, in open_dataset
    store = NetCDF4DataStore.open(
            ^^^^^^^^^^^^^^^^^^^^^^
  File "/home/vdemeyer/py3/lib/python3.11/site-packages/xarray/backends/netCDF4_.py", line 414, in open
    import netCDF4
  File "/home/vdemeyer/py3/lib/python3.11/site-packages/netCDF4/__init__.py", line 3, in <module>
    from ._netCDF4 import *
  File "src/netCDF4/_netCDF4.pyx", line 1, in init netCDF4._netCDF4
ModuleNotFoundError: No module named 'mpi4py'
#executed by process	0 in 8.41565s	with status	1 : python /home/vdemeyer/TRACKING/KATJA/POSTPROCESSING/EETCs_stat.py 1998 --sim ERA5 --metric ratio
Traceback (most recent call last):
  File "/home/vdemeyer/TRACKING/KATJA/POSTPROCESSING/EETCs_stat.py", line 379, in <module>
    main(iyear, sim, ref, output_file)
  File "/home/vdemeyer/TRACKING/KATJA/POSTPROCESSING/EETCs_stat.py", line 116, in main
    percentile_precip = xr.open_dataset(f'/home/vdemeyer/projects/rrg-gachon/vdemeyer/{sim}/PR_Percentile/pr_{sim.lower()}_percentile_1980-2014_wetdays.nc') ###à changer
                        ^^^^^^^^^^^^^^^^^^^^^^^^^^^^^^^^^^^^^^^^^^^^^^^^^^^^^^^^^^^^^^^^^^^^^^^^^^^^^^^^^^^^^^^^^^^^^^^^^^^^^^^^^^^^^^^^^^^^^^^^^^^^^^^^^^^^
  File "/home/vdemeyer/py3/lib/python3.11/site-packages/xarray/backends/api.py", line 686, in open_dataset
    backend_ds = backend.open_dataset(
                 ^^^^^^^^^^^^^^^^^^^^^
  File "/home/vdemeyer/py3/lib/python3.11/site-packages/xarray/backends/netCDF4_.py", line 666, in open_dataset
    store = NetCDF4DataStore.open(
            ^^^^^^^^^^^^^^^^^^^^^^
  File "/home/vdemeyer/py3/lib/python3.11/site-packages/xarray/backends/netCDF4_.py", line 414, in open
    import netCDF4
  File "/home/vdemeyer/py3/lib/python3.11/site-packages/netCDF4/__init__.py", line 3, in <module>
    from ._netCDF4 import *
  File "src/netCDF4/_netCDF4.pyx", line 1, in init netCDF4._netCDF4
ModuleNotFoundError: No module named 'mpi4py'
#executed by process	0 in 8.40029s	with status	1 : python /home/vdemeyer/TRACKING/KATJA/POSTPROCESSING/EETCs_stat.py 1999 --sim ERA5 --metric ratio
Traceback (most recent call last):
  File "/home/vdemeyer/TRACKING/KATJA/POSTPROCESSING/EETCs_stat.py", line 379, in <module>
    main(iyear, sim, ref, output_file)
  File "/home/vdemeyer/TRACKING/KATJA/POSTPROCESSING/EETCs_stat.py", line 116, in main
    percentile_precip = xr.open_dataset(f'/home/vdemeyer/projects/rrg-gachon/vdemeyer/{sim}/PR_Percentile/pr_{sim.lower()}_percentile_1980-2014_wetdays.nc') ###à changer
                        ^^^^^^^^^^^^^^^^^^^^^^^^^^^^^^^^^^^^^^^^^^^^^^^^^^^^^^^^^^^^^^^^^^^^^^^^^^^^^^^^^^^^^^^^^^^^^^^^^^^^^^^^^^^^^^^^^^^^^^^^^^^^^^^^^^^^
  File "/home/vdemeyer/py3/lib/python3.11/site-packages/xarray/backends/api.py", line 686, in open_dataset
    backend_ds = backend.open_dataset(
                 ^^^^^^^^^^^^^^^^^^^^^
  File "/home/vdemeyer/py3/lib/python3.11/site-packages/xarray/backends/netCDF4_.py", line 666, in open_dataset
    store = NetCDF4DataStore.open(
            ^^^^^^^^^^^^^^^^^^^^^^
  File "/home/vdemeyer/py3/lib/python3.11/site-packages/xarray/backends/netCDF4_.py", line 414, in open
    import netCDF4
  File "/home/vdemeyer/py3/lib/python3.11/site-packages/netCDF4/__init__.py", line 3, in <module>
    from ._netCDF4 import *
  File "src/netCDF4/_netCDF4.pyx", line 1, in init netCDF4._netCDF4
ModuleNotFoundError: No module named 'mpi4py'
#executed by process	0 in 8.37831s	with status	1 : python /home/vdemeyer/TRACKING/KATJA/POSTPROCESSING/EETCs_stat.py 2000 --sim ERA5 --metric ratio
Traceback (most recent call last):
  File "/home/vdemeyer/TRACKING/KATJA/POSTPROCESSING/EETCs_stat.py", line 379, in <module>
    main(iyear, sim, ref, output_file)
  File "/home/vdemeyer/TRACKING/KATJA/POSTPROCESSING/EETCs_stat.py", line 116, in main
    percentile_precip = xr.open_dataset(f'/home/vdemeyer/projects/rrg-gachon/vdemeyer/{sim}/PR_Percentile/pr_{sim.lower()}_percentile_1980-2014_wetdays.nc') ###à changer
                        ^^^^^^^^^^^^^^^^^^^^^^^^^^^^^^^^^^^^^^^^^^^^^^^^^^^^^^^^^^^^^^^^^^^^^^^^^^^^^^^^^^^^^^^^^^^^^^^^^^^^^^^^^^^^^^^^^^^^^^^^^^^^^^^^^^^^
  File "/home/vdemeyer/py3/lib/python3.11/site-packages/xarray/backends/api.py", line 686, in open_dataset
    backend_ds = backend.open_dataset(
                 ^^^^^^^^^^^^^^^^^^^^^
  File "/home/vdemeyer/py3/lib/python3.11/site-packages/xarray/backends/netCDF4_.py", line 666, in open_dataset
    store = NetCDF4DataStore.open(
            ^^^^^^^^^^^^^^^^^^^^^^
  File "/home/vdemeyer/py3/lib/python3.11/site-packages/xarray/backends/netCDF4_.py", line 414, in open
    import netCDF4
  File "/home/vdemeyer/py3/lib/python3.11/site-packages/netCDF4/__init__.py", line 3, in <module>
    from ._netCDF4 import *
  File "src/netCDF4/_netCDF4.pyx", line 1, in init netCDF4._netCDF4
ModuleNotFoundError: No module named 'mpi4py'
#executed by process	0 in 8.32533s	with status	1 : python /home/vdemeyer/TRACKING/KATJA/POSTPROCESSING/EETCs_stat.py 2001 --sim ERA5 --metric ratio
Traceback (most recent call last):
  File "/home/vdemeyer/TRACKING/KATJA/POSTPROCESSING/EETCs_stat.py", line 379, in <module>
    main(iyear, sim, ref, output_file)
  File "/home/vdemeyer/TRACKING/KATJA/POSTPROCESSING/EETCs_stat.py", line 116, in main
    percentile_precip = xr.open_dataset(f'/home/vdemeyer/projects/rrg-gachon/vdemeyer/{sim}/PR_Percentile/pr_{sim.lower()}_percentile_1980-2014_wetdays.nc') ###à changer
                        ^^^^^^^^^^^^^^^^^^^^^^^^^^^^^^^^^^^^^^^^^^^^^^^^^^^^^^^^^^^^^^^^^^^^^^^^^^^^^^^^^^^^^^^^^^^^^^^^^^^^^^^^^^^^^^^^^^^^^^^^^^^^^^^^^^^^
  File "/home/vdemeyer/py3/lib/python3.11/site-packages/xarray/backends/api.py", line 686, in open_dataset
    backend_ds = backend.open_dataset(
                 ^^^^^^^^^^^^^^^^^^^^^
  File "/home/vdemeyer/py3/lib/python3.11/site-packages/xarray/backends/netCDF4_.py", line 666, in open_dataset
    store = NetCDF4DataStore.open(
            ^^^^^^^^^^^^^^^^^^^^^^
  File "/home/vdemeyer/py3/lib/python3.11/site-packages/xarray/backends/netCDF4_.py", line 414, in open
    import netCDF4
  File "/home/vdemeyer/py3/lib/python3.11/site-packages/netCDF4/__init__.py", line 3, in <module>
    from ._netCDF4 import *
  File "src/netCDF4/_netCDF4.pyx", line 1, in init netCDF4._netCDF4
ModuleNotFoundError: No module named 'mpi4py'
#executed by process	0 in 8.3934s	with status	1 : python /home/vdemeyer/TRACKING/KATJA/POSTPROCESSING/EETCs_stat.py 2002 --sim ERA5 --metric ratio
Traceback (most recent call last):
  File "/home/vdemeyer/TRACKING/KATJA/POSTPROCESSING/EETCs_stat.py", line 379, in <module>
    main(iyear, sim, ref, output_file)
  File "/home/vdemeyer/TRACKING/KATJA/POSTPROCESSING/EETCs_stat.py", line 116, in main
    percentile_precip = xr.open_dataset(f'/home/vdemeyer/projects/rrg-gachon/vdemeyer/{sim}/PR_Percentile/pr_{sim.lower()}_percentile_1980-2014_wetdays.nc') ###à changer
                        ^^^^^^^^^^^^^^^^^^^^^^^^^^^^^^^^^^^^^^^^^^^^^^^^^^^^^^^^^^^^^^^^^^^^^^^^^^^^^^^^^^^^^^^^^^^^^^^^^^^^^^^^^^^^^^^^^^^^^^^^^^^^^^^^^^^^
  File "/home/vdemeyer/py3/lib/python3.11/site-packages/xarray/backends/api.py", line 686, in open_dataset
    backend_ds = backend.open_dataset(
                 ^^^^^^^^^^^^^^^^^^^^^
  File "/home/vdemeyer/py3/lib/python3.11/site-packages/xarray/backends/netCDF4_.py", line 666, in open_dataset
    store = NetCDF4DataStore.open(
            ^^^^^^^^^^^^^^^^^^^^^^
  File "/home/vdemeyer/py3/lib/python3.11/site-packages/xarray/backends/netCDF4_.py", line 414, in open
    import netCDF4
  File "/home/vdemeyer/py3/lib/python3.11/site-packages/netCDF4/__init__.py", line 3, in <module>
    from ._netCDF4 import *
  File "src/netCDF4/_netCDF4.pyx", line 1, in init netCDF4._netCDF4
ModuleNotFoundError: No module named 'mpi4py'
#executed by process	0 in 8.35101s	with status	1 : python /home/vdemeyer/TRACKING/KATJA/POSTPROCESSING/EETCs_stat.py 2003 --sim ERA5 --metric ratio
Traceback (most recent call last):
  File "/home/vdemeyer/TRACKING/KATJA/POSTPROCESSING/EETCs_stat.py", line 379, in <module>
    main(iyear, sim, ref, output_file)
  File "/home/vdemeyer/TRACKING/KATJA/POSTPROCESSING/EETCs_stat.py", line 116, in main
    percentile_precip = xr.open_dataset(f'/home/vdemeyer/projects/rrg-gachon/vdemeyer/{sim}/PR_Percentile/pr_{sim.lower()}_percentile_1980-2014_wetdays.nc') ###à changer
                        ^^^^^^^^^^^^^^^^^^^^^^^^^^^^^^^^^^^^^^^^^^^^^^^^^^^^^^^^^^^^^^^^^^^^^^^^^^^^^^^^^^^^^^^^^^^^^^^^^^^^^^^^^^^^^^^^^^^^^^^^^^^^^^^^^^^^
  File "/home/vdemeyer/py3/lib/python3.11/site-packages/xarray/backends/api.py", line 686, in open_dataset
    backend_ds = backend.open_dataset(
                 ^^^^^^^^^^^^^^^^^^^^^
  File "/home/vdemeyer/py3/lib/python3.11/site-packages/xarray/backends/netCDF4_.py", line 666, in open_dataset
    store = NetCDF4DataStore.open(
            ^^^^^^^^^^^^^^^^^^^^^^
  File "/home/vdemeyer/py3/lib/python3.11/site-packages/xarray/backends/netCDF4_.py", line 414, in open
    import netCDF4
  File "/home/vdemeyer/py3/lib/python3.11/site-packages/netCDF4/__init__.py", line 3, in <module>
    from ._netCDF4 import *
  File "src/netCDF4/_netCDF4.pyx", line 1, in init netCDF4._netCDF4
ModuleNotFoundError: No module named 'mpi4py'
#executed by process	0 in 8.34538s	with status	1 : python /home/vdemeyer/TRACKING/KATJA/POSTPROCESSING/EETCs_stat.py 2004 --sim ERA5 --metric ratio
Traceback (most recent call last):
  File "/home/vdemeyer/TRACKING/KATJA/POSTPROCESSING/EETCs_stat.py", line 379, in <module>
    main(iyear, sim, ref, output_file)
  File "/home/vdemeyer/TRACKING/KATJA/POSTPROCESSING/EETCs_stat.py", line 116, in main
    percentile_precip = xr.open_dataset(f'/home/vdemeyer/projects/rrg-gachon/vdemeyer/{sim}/PR_Percentile/pr_{sim.lower()}_percentile_1980-2014_wetdays.nc') ###à changer
                        ^^^^^^^^^^^^^^^^^^^^^^^^^^^^^^^^^^^^^^^^^^^^^^^^^^^^^^^^^^^^^^^^^^^^^^^^^^^^^^^^^^^^^^^^^^^^^^^^^^^^^^^^^^^^^^^^^^^^^^^^^^^^^^^^^^^^
  File "/home/vdemeyer/py3/lib/python3.11/site-packages/xarray/backends/api.py", line 686, in open_dataset
    backend_ds = backend.open_dataset(
                 ^^^^^^^^^^^^^^^^^^^^^
  File "/home/vdemeyer/py3/lib/python3.11/site-packages/xarray/backends/netCDF4_.py", line 666, in open_dataset
    store = NetCDF4DataStore.open(
            ^^^^^^^^^^^^^^^^^^^^^^
  File "/home/vdemeyer/py3/lib/python3.11/site-packages/xarray/backends/netCDF4_.py", line 414, in open
    import netCDF4
  File "/home/vdemeyer/py3/lib/python3.11/site-packages/netCDF4/__init__.py", line 3, in <module>
    from ._netCDF4 import *
  File "src/netCDF4/_netCDF4.pyx", line 1, in init netCDF4._netCDF4
ModuleNotFoundError: No module named 'mpi4py'
#executed by process	0 in 8.38633s	with status	1 : python /home/vdemeyer/TRACKING/KATJA/POSTPROCESSING/EETCs_stat.py 2005 --sim ERA5 --metric ratio
Traceback (most recent call last):
  File "/home/vdemeyer/TRACKING/KATJA/POSTPROCESSING/EETCs_stat.py", line 379, in <module>
    main(iyear, sim, ref, output_file)
  File "/home/vdemeyer/TRACKING/KATJA/POSTPROCESSING/EETCs_stat.py", line 116, in main
    percentile_precip = xr.open_dataset(f'/home/vdemeyer/projects/rrg-gachon/vdemeyer/{sim}/PR_Percentile/pr_{sim.lower()}_percentile_1980-2014_wetdays.nc') ###à changer
                        ^^^^^^^^^^^^^^^^^^^^^^^^^^^^^^^^^^^^^^^^^^^^^^^^^^^^^^^^^^^^^^^^^^^^^^^^^^^^^^^^^^^^^^^^^^^^^^^^^^^^^^^^^^^^^^^^^^^^^^^^^^^^^^^^^^^^
  File "/home/vdemeyer/py3/lib/python3.11/site-packages/xarray/backends/api.py", line 686, in open_dataset
    backend_ds = backend.open_dataset(
                 ^^^^^^^^^^^^^^^^^^^^^
  File "/home/vdemeyer/py3/lib/python3.11/site-packages/xarray/backends/netCDF4_.py", line 666, in open_dataset
    store = NetCDF4DataStore.open(
            ^^^^^^^^^^^^^^^^^^^^^^
  File "/home/vdemeyer/py3/lib/python3.11/site-packages/xarray/backends/netCDF4_.py", line 414, in open
    import netCDF4
  File "/home/vdemeyer/py3/lib/python3.11/site-packages/netCDF4/__init__.py", line 3, in <module>
    from ._netCDF4 import *
  File "src/netCDF4/_netCDF4.pyx", line 1, in init netCDF4._netCDF4
ModuleNotFoundError: No module named 'mpi4py'
#executed by process	0 in 8.36396s	with status	1 : python /home/vdemeyer/TRACKING/KATJA/POSTPROCESSING/EETCs_stat.py 2006 --sim ERA5 --metric ratio
Traceback (most recent call last):
  File "/home/vdemeyer/TRACKING/KATJA/POSTPROCESSING/EETCs_stat.py", line 379, in <module>
    main(iyear, sim, ref, output_file)
  File "/home/vdemeyer/TRACKING/KATJA/POSTPROCESSING/EETCs_stat.py", line 116, in main
    percentile_precip = xr.open_dataset(f'/home/vdemeyer/projects/rrg-gachon/vdemeyer/{sim}/PR_Percentile/pr_{sim.lower()}_percentile_1980-2014_wetdays.nc') ###à changer
                        ^^^^^^^^^^^^^^^^^^^^^^^^^^^^^^^^^^^^^^^^^^^^^^^^^^^^^^^^^^^^^^^^^^^^^^^^^^^^^^^^^^^^^^^^^^^^^^^^^^^^^^^^^^^^^^^^^^^^^^^^^^^^^^^^^^^^
  File "/home/vdemeyer/py3/lib/python3.11/site-packages/xarray/backends/api.py", line 686, in open_dataset
    backend_ds = backend.open_dataset(
                 ^^^^^^^^^^^^^^^^^^^^^
  File "/home/vdemeyer/py3/lib/python3.11/site-packages/xarray/backends/netCDF4_.py", line 666, in open_dataset
    store = NetCDF4DataStore.open(
            ^^^^^^^^^^^^^^^^^^^^^^
  File "/home/vdemeyer/py3/lib/python3.11/site-packages/xarray/backends/netCDF4_.py", line 414, in open
    import netCDF4
  File "/home/vdemeyer/py3/lib/python3.11/site-packages/netCDF4/__init__.py", line 3, in <module>
    from ._netCDF4 import *
  File "src/netCDF4/_netCDF4.pyx", line 1, in init netCDF4._netCDF4
ModuleNotFoundError: No module named 'mpi4py'
#executed by process	0 in 8.31017s	with status	1 : python /home/vdemeyer/TRACKING/KATJA/POSTPROCESSING/EETCs_stat.py 2007 --sim ERA5 --metric ratio
Traceback (most recent call last):
  File "/home/vdemeyer/TRACKING/KATJA/POSTPROCESSING/EETCs_stat.py", line 379, in <module>
    main(iyear, sim, ref, output_file)
  File "/home/vdemeyer/TRACKING/KATJA/POSTPROCESSING/EETCs_stat.py", line 116, in main
    percentile_precip = xr.open_dataset(f'/home/vdemeyer/projects/rrg-gachon/vdemeyer/{sim}/PR_Percentile/pr_{sim.lower()}_percentile_1980-2014_wetdays.nc') ###à changer
                        ^^^^^^^^^^^^^^^^^^^^^^^^^^^^^^^^^^^^^^^^^^^^^^^^^^^^^^^^^^^^^^^^^^^^^^^^^^^^^^^^^^^^^^^^^^^^^^^^^^^^^^^^^^^^^^^^^^^^^^^^^^^^^^^^^^^^
  File "/home/vdemeyer/py3/lib/python3.11/site-packages/xarray/backends/api.py", line 686, in open_dataset
    backend_ds = backend.open_dataset(
                 ^^^^^^^^^^^^^^^^^^^^^
  File "/home/vdemeyer/py3/lib/python3.11/site-packages/xarray/backends/netCDF4_.py", line 666, in open_dataset
    store = NetCDF4DataStore.open(
            ^^^^^^^^^^^^^^^^^^^^^^
  File "/home/vdemeyer/py3/lib/python3.11/site-packages/xarray/backends/netCDF4_.py", line 414, in open
    import netCDF4
  File "/home/vdemeyer/py3/lib/python3.11/site-packages/netCDF4/__init__.py", line 3, in <module>
    from ._netCDF4 import *
  File "src/netCDF4/_netCDF4.pyx", line 1, in init netCDF4._netCDF4
ModuleNotFoundError: No module named 'mpi4py'
#executed by process	0 in 8.32079s	with status	1 : python /home/vdemeyer/TRACKING/KATJA/POSTPROCESSING/EETCs_stat.py 2008 --sim ERA5 --metric ratio
Traceback (most recent call last):
  File "/home/vdemeyer/TRACKING/KATJA/POSTPROCESSING/EETCs_stat.py", line 379, in <module>
    main(iyear, sim, ref, output_file)
  File "/home/vdemeyer/TRACKING/KATJA/POSTPROCESSING/EETCs_stat.py", line 116, in main
    percentile_precip = xr.open_dataset(f'/home/vdemeyer/projects/rrg-gachon/vdemeyer/{sim}/PR_Percentile/pr_{sim.lower()}_percentile_1980-2014_wetdays.nc') ###à changer
                        ^^^^^^^^^^^^^^^^^^^^^^^^^^^^^^^^^^^^^^^^^^^^^^^^^^^^^^^^^^^^^^^^^^^^^^^^^^^^^^^^^^^^^^^^^^^^^^^^^^^^^^^^^^^^^^^^^^^^^^^^^^^^^^^^^^^^
  File "/home/vdemeyer/py3/lib/python3.11/site-packages/xarray/backends/api.py", line 686, in open_dataset
    backend_ds = backend.open_dataset(
                 ^^^^^^^^^^^^^^^^^^^^^
  File "/home/vdemeyer/py3/lib/python3.11/site-packages/xarray/backends/netCDF4_.py", line 666, in open_dataset
    store = NetCDF4DataStore.open(
            ^^^^^^^^^^^^^^^^^^^^^^
  File "/home/vdemeyer/py3/lib/python3.11/site-packages/xarray/backends/netCDF4_.py", line 414, in open
    import netCDF4
  File "/home/vdemeyer/py3/lib/python3.11/site-packages/netCDF4/__init__.py", line 3, in <module>
    from ._netCDF4 import *
  File "src/netCDF4/_netCDF4.pyx", line 1, in init netCDF4._netCDF4
ModuleNotFoundError: No module named 'mpi4py'
#executed by process	0 in 8.27602s	with status	1 : python /home/vdemeyer/TRACKING/KATJA/POSTPROCESSING/EETCs_stat.py 2009 --sim ERA5 --metric ratio
Traceback (most recent call last):
  File "/home/vdemeyer/TRACKING/KATJA/POSTPROCESSING/EETCs_stat.py", line 379, in <module>
    main(iyear, sim, ref, output_file)
  File "/home/vdemeyer/TRACKING/KATJA/POSTPROCESSING/EETCs_stat.py", line 116, in main
    percentile_precip = xr.open_dataset(f'/home/vdemeyer/projects/rrg-gachon/vdemeyer/{sim}/PR_Percentile/pr_{sim.lower()}_percentile_1980-2014_wetdays.nc') ###à changer
                        ^^^^^^^^^^^^^^^^^^^^^^^^^^^^^^^^^^^^^^^^^^^^^^^^^^^^^^^^^^^^^^^^^^^^^^^^^^^^^^^^^^^^^^^^^^^^^^^^^^^^^^^^^^^^^^^^^^^^^^^^^^^^^^^^^^^^
  File "/home/vdemeyer/py3/lib/python3.11/site-packages/xarray/backends/api.py", line 686, in open_dataset
    backend_ds = backend.open_dataset(
                 ^^^^^^^^^^^^^^^^^^^^^
  File "/home/vdemeyer/py3/lib/python3.11/site-packages/xarray/backends/netCDF4_.py", line 666, in open_dataset
    store = NetCDF4DataStore.open(
            ^^^^^^^^^^^^^^^^^^^^^^
  File "/home/vdemeyer/py3/lib/python3.11/site-packages/xarray/backends/netCDF4_.py", line 414, in open
    import netCDF4
  File "/home/vdemeyer/py3/lib/python3.11/site-packages/netCDF4/__init__.py", line 3, in <module>
    from ._netCDF4 import *
  File "src/netCDF4/_netCDF4.pyx", line 1, in init netCDF4._netCDF4
ModuleNotFoundError: No module named 'mpi4py'
#executed by process	0 in 8.34133s	with status	1 : python /home/vdemeyer/TRACKING/KATJA/POSTPROCESSING/EETCs_stat.py 2010 --sim ERA5 --metric ratio
Traceback (most recent call last):
  File "/home/vdemeyer/TRACKING/KATJA/POSTPROCESSING/EETCs_stat.py", line 379, in <module>
    main(iyear, sim, ref, output_file)
  File "/home/vdemeyer/TRACKING/KATJA/POSTPROCESSING/EETCs_stat.py", line 116, in main
    percentile_precip = xr.open_dataset(f'/home/vdemeyer/projects/rrg-gachon/vdemeyer/{sim}/PR_Percentile/pr_{sim.lower()}_percentile_1980-2014_wetdays.nc') ###à changer
                        ^^^^^^^^^^^^^^^^^^^^^^^^^^^^^^^^^^^^^^^^^^^^^^^^^^^^^^^^^^^^^^^^^^^^^^^^^^^^^^^^^^^^^^^^^^^^^^^^^^^^^^^^^^^^^^^^^^^^^^^^^^^^^^^^^^^^
  File "/home/vdemeyer/py3/lib/python3.11/site-packages/xarray/backends/api.py", line 686, in open_dataset
    backend_ds = backend.open_dataset(
                 ^^^^^^^^^^^^^^^^^^^^^
  File "/home/vdemeyer/py3/lib/python3.11/site-packages/xarray/backends/netCDF4_.py", line 666, in open_dataset
    store = NetCDF4DataStore.open(
            ^^^^^^^^^^^^^^^^^^^^^^
  File "/home/vdemeyer/py3/lib/python3.11/site-packages/xarray/backends/netCDF4_.py", line 414, in open
    import netCDF4
  File "/home/vdemeyer/py3/lib/python3.11/site-packages/netCDF4/__init__.py", line 3, in <module>
    from ._netCDF4 import *
  File "src/netCDF4/_netCDF4.pyx", line 1, in init netCDF4._netCDF4
ModuleNotFoundError: No module named 'mpi4py'
#executed by process	0 in 8.42536s	with status	1 : python /home/vdemeyer/TRACKING/KATJA/POSTPROCESSING/EETCs_stat.py 2011 --sim ERA5 --metric ratio
Traceback (most recent call last):
  File "/home/vdemeyer/TRACKING/KATJA/POSTPROCESSING/EETCs_stat.py", line 379, in <module>
    main(iyear, sim, ref, output_file)
  File "/home/vdemeyer/TRACKING/KATJA/POSTPROCESSING/EETCs_stat.py", line 116, in main
    percentile_precip = xr.open_dataset(f'/home/vdemeyer/projects/rrg-gachon/vdemeyer/{sim}/PR_Percentile/pr_{sim.lower()}_percentile_1980-2014_wetdays.nc') ###à changer
                        ^^^^^^^^^^^^^^^^^^^^^^^^^^^^^^^^^^^^^^^^^^^^^^^^^^^^^^^^^^^^^^^^^^^^^^^^^^^^^^^^^^^^^^^^^^^^^^^^^^^^^^^^^^^^^^^^^^^^^^^^^^^^^^^^^^^^
  File "/home/vdemeyer/py3/lib/python3.11/site-packages/xarray/backends/api.py", line 686, in open_dataset
    backend_ds = backend.open_dataset(
                 ^^^^^^^^^^^^^^^^^^^^^
  File "/home/vdemeyer/py3/lib/python3.11/site-packages/xarray/backends/netCDF4_.py", line 666, in open_dataset
    store = NetCDF4DataStore.open(
            ^^^^^^^^^^^^^^^^^^^^^^
  File "/home/vdemeyer/py3/lib/python3.11/site-packages/xarray/backends/netCDF4_.py", line 414, in open
    import netCDF4
  File "/home/vdemeyer/py3/lib/python3.11/site-packages/netCDF4/__init__.py", line 3, in <module>
    from ._netCDF4 import *
  File "src/netCDF4/_netCDF4.pyx", line 1, in init netCDF4._netCDF4
ModuleNotFoundError: No module named 'mpi4py'
#executed by process	0 in 8.34967s	with status	1 : python /home/vdemeyer/TRACKING/KATJA/POSTPROCESSING/EETCs_stat.py 2012 --sim ERA5 --metric ratio
Traceback (most recent call last):
  File "/home/vdemeyer/TRACKING/KATJA/POSTPROCESSING/EETCs_stat.py", line 379, in <module>
    main(iyear, sim, ref, output_file)
  File "/home/vdemeyer/TRACKING/KATJA/POSTPROCESSING/EETCs_stat.py", line 116, in main
    percentile_precip = xr.open_dataset(f'/home/vdemeyer/projects/rrg-gachon/vdemeyer/{sim}/PR_Percentile/pr_{sim.lower()}_percentile_1980-2014_wetdays.nc') ###à changer
                        ^^^^^^^^^^^^^^^^^^^^^^^^^^^^^^^^^^^^^^^^^^^^^^^^^^^^^^^^^^^^^^^^^^^^^^^^^^^^^^^^^^^^^^^^^^^^^^^^^^^^^^^^^^^^^^^^^^^^^^^^^^^^^^^^^^^^
  File "/home/vdemeyer/py3/lib/python3.11/site-packages/xarray/backends/api.py", line 686, in open_dataset
    backend_ds = backend.open_dataset(
                 ^^^^^^^^^^^^^^^^^^^^^
  File "/home/vdemeyer/py3/lib/python3.11/site-packages/xarray/backends/netCDF4_.py", line 666, in open_dataset
    store = NetCDF4DataStore.open(
            ^^^^^^^^^^^^^^^^^^^^^^
  File "/home/vdemeyer/py3/lib/python3.11/site-packages/xarray/backends/netCDF4_.py", line 414, in open
    import netCDF4
  File "/home/vdemeyer/py3/lib/python3.11/site-packages/netCDF4/__init__.py", line 3, in <module>
    from ._netCDF4 import *
  File "src/netCDF4/_netCDF4.pyx", line 1, in init netCDF4._netCDF4
ModuleNotFoundError: No module named 'mpi4py'
#executed by process	0 in 8.3798s	with status	1 : python /home/vdemeyer/TRACKING/KATJA/POSTPROCESSING/EETCs_stat.py 2013 --sim ERA5 --metric ratio
slurmstepd: error: *** JOB 49851378 ON nl10301 CANCELLED AT 2025-09-18T05:14:47 DUE TO TIME LIMIT ***
slurmstepd: error: *** STEP 49851378.0 ON nl10301 CANCELLED AT 2025-09-18T05:14:48 DUE TO TIME LIMIT ***
