Traceback (most recent call last):
  File "/home/vdemeyer/TRACKING/KATJA/POSTPROCESSING/EETCs_stat.py", line 387, in <module>
    main(iyear, sim, ref, output_file)
  File "/home/vdemeyer/TRACKING/KATJA/POSTPROCESSING/EETCs_stat.py", line 82, in main
    ds_precip = xr.open_mfdataset(filenames_precip)
                ^^^^^^^^^^^^^^^^^^^^^^^^^^^^^^^^^^^
  File "/home/vdemeyer/pytrack/lib/python3.11/site-packages/xarray/backends/api.py", line 1788, in open_mfdataset
    ds = open_(p, **open_kwargs)
         ^^^^^^^^^^^^^^^^^^^^^^^
  File "/home/vdemeyer/pytrack/lib/python3.11/site-packages/xarray/backends/api.py", line 741, in open_dataset
    engine = plugins.guess_engine(filename_or_obj)
             ^^^^^^^^^^^^^^^^^^^^^^^^^^^^^^^^^^^^^
  File "/home/vdemeyer/pytrack/lib/python3.11/site-packages/xarray/backends/plugins.py", line 199, in guess_engine
    raise ValueError(error_msg)
ValueError: found the following matches with the input file in xarray's IO backends: ['zarr']. But their dependencies may not be installed, see:
https://docs.xarray.dev/en/stable/user-guide/io.html 
https://docs.xarray.dev/en/stable/getting-started-guide/installing.html
#executed by process	0 in 12.0472s	with status	1 : python /home/vdemeyer/TRACKING/KATJA/POSTPROCESSING/EETCs_stat.py 1979 --sim ERA5 --metric ratio
Traceback (most recent call last):
  File "/home/vdemeyer/TRACKING/KATJA/POSTPROCESSING/EETCs_stat.py", line 387, in <module>
    main(iyear, sim, ref, output_file)
  File "/home/vdemeyer/TRACKING/KATJA/POSTPROCESSING/EETCs_stat.py", line 82, in main
    ds_precip = xr.open_mfdataset(filenames_precip)
                ^^^^^^^^^^^^^^^^^^^^^^^^^^^^^^^^^^^
  File "/home/vdemeyer/pytrack/lib/python3.11/site-packages/xarray/backends/api.py", line 1788, in open_mfdataset
    ds = open_(p, **open_kwargs)
         ^^^^^^^^^^^^^^^^^^^^^^^
  File "/home/vdemeyer/pytrack/lib/python3.11/site-packages/xarray/backends/api.py", line 741, in open_dataset
    engine = plugins.guess_engine(filename_or_obj)
             ^^^^^^^^^^^^^^^^^^^^^^^^^^^^^^^^^^^^^
  File "/home/vdemeyer/pytrack/lib/python3.11/site-packages/xarray/backends/plugins.py", line 199, in guess_engine
    raise ValueError(error_msg)
ValueError: found the following matches with the input file in xarray's IO backends: ['zarr']. But their dependencies may not be installed, see:
https://docs.xarray.dev/en/stable/user-guide/io.html 
https://docs.xarray.dev/en/stable/getting-started-guide/installing.html
#executed by process	0 in 6.29256s	with status	1 : python /home/vdemeyer/TRACKING/KATJA/POSTPROCESSING/EETCs_stat.py 1980 --sim ERA5 --metric ratio
Traceback (most recent call last):
  File "/home/vdemeyer/TRACKING/KATJA/POSTPROCESSING/EETCs_stat.py", line 387, in <module>
    main(iyear, sim, ref, output_file)
  File "/home/vdemeyer/TRACKING/KATJA/POSTPROCESSING/EETCs_stat.py", line 82, in main
    ds_precip = xr.open_mfdataset(filenames_precip)
                ^^^^^^^^^^^^^^^^^^^^^^^^^^^^^^^^^^^
  File "/home/vdemeyer/pytrack/lib/python3.11/site-packages/xarray/backends/api.py", line 1788, in open_mfdataset
    ds = open_(p, **open_kwargs)
         ^^^^^^^^^^^^^^^^^^^^^^^
  File "/home/vdemeyer/pytrack/lib/python3.11/site-packages/xarray/backends/api.py", line 741, in open_dataset
    engine = plugins.guess_engine(filename_or_obj)
             ^^^^^^^^^^^^^^^^^^^^^^^^^^^^^^^^^^^^^
  File "/home/vdemeyer/pytrack/lib/python3.11/site-packages/xarray/backends/plugins.py", line 199, in guess_engine
    raise ValueError(error_msg)
ValueError: found the following matches with the input file in xarray's IO backends: ['zarr']. But their dependencies may not be installed, see:
https://docs.xarray.dev/en/stable/user-guide/io.html 
https://docs.xarray.dev/en/stable/getting-started-guide/installing.html
#executed by process	0 in 6.42319s	with status	1 : python /home/vdemeyer/TRACKING/KATJA/POSTPROCESSING/EETCs_stat.py 1981 --sim ERA5 --metric ratio
Traceback (most recent call last):
  File "/home/vdemeyer/TRACKING/KATJA/POSTPROCESSING/EETCs_stat.py", line 387, in <module>
    main(iyear, sim, ref, output_file)
  File "/home/vdemeyer/TRACKING/KATJA/POSTPROCESSING/EETCs_stat.py", line 82, in main
    ds_precip = xr.open_mfdataset(filenames_precip)
                ^^^^^^^^^^^^^^^^^^^^^^^^^^^^^^^^^^^
  File "/home/vdemeyer/pytrack/lib/python3.11/site-packages/xarray/backends/api.py", line 1788, in open_mfdataset
    ds = open_(p, **open_kwargs)
         ^^^^^^^^^^^^^^^^^^^^^^^
  File "/home/vdemeyer/pytrack/lib/python3.11/site-packages/xarray/backends/api.py", line 741, in open_dataset
    engine = plugins.guess_engine(filename_or_obj)
             ^^^^^^^^^^^^^^^^^^^^^^^^^^^^^^^^^^^^^
  File "/home/vdemeyer/pytrack/lib/python3.11/site-packages/xarray/backends/plugins.py", line 199, in guess_engine
    raise ValueError(error_msg)
ValueError: found the following matches with the input file in xarray's IO backends: ['zarr']. But their dependencies may not be installed, see:
https://docs.xarray.dev/en/stable/user-guide/io.html 
https://docs.xarray.dev/en/stable/getting-started-guide/installing.html
#executed by process	0 in 6.36655s	with status	1 : python /home/vdemeyer/TRACKING/KATJA/POSTPROCESSING/EETCs_stat.py 1982 --sim ERA5 --metric ratio
Traceback (most recent call last):
  File "/home/vdemeyer/TRACKING/KATJA/POSTPROCESSING/EETCs_stat.py", line 387, in <module>
    main(iyear, sim, ref, output_file)
  File "/home/vdemeyer/TRACKING/KATJA/POSTPROCESSING/EETCs_stat.py", line 82, in main
    ds_precip = xr.open_mfdataset(filenames_precip)
                ^^^^^^^^^^^^^^^^^^^^^^^^^^^^^^^^^^^
  File "/home/vdemeyer/pytrack/lib/python3.11/site-packages/xarray/backends/api.py", line 1788, in open_mfdataset
    ds = open_(p, **open_kwargs)
         ^^^^^^^^^^^^^^^^^^^^^^^
  File "/home/vdemeyer/pytrack/lib/python3.11/site-packages/xarray/backends/api.py", line 741, in open_dataset
    engine = plugins.guess_engine(filename_or_obj)
             ^^^^^^^^^^^^^^^^^^^^^^^^^^^^^^^^^^^^^
  File "/home/vdemeyer/pytrack/lib/python3.11/site-packages/xarray/backends/plugins.py", line 199, in guess_engine
    raise ValueError(error_msg)
ValueError: found the following matches with the input file in xarray's IO backends: ['zarr']. But their dependencies may not be installed, see:
https://docs.xarray.dev/en/stable/user-guide/io.html 
https://docs.xarray.dev/en/stable/getting-started-guide/installing.html
#executed by process	0 in 6.275s	with status	1 : python /home/vdemeyer/TRACKING/KATJA/POSTPROCESSING/EETCs_stat.py 1983 --sim ERA5 --metric ratio
Traceback (most recent call last):
  File "/home/vdemeyer/TRACKING/KATJA/POSTPROCESSING/EETCs_stat.py", line 387, in <module>
    main(iyear, sim, ref, output_file)
  File "/home/vdemeyer/TRACKING/KATJA/POSTPROCESSING/EETCs_stat.py", line 82, in main
    ds_precip = xr.open_mfdataset(filenames_precip)
                ^^^^^^^^^^^^^^^^^^^^^^^^^^^^^^^^^^^
  File "/home/vdemeyer/pytrack/lib/python3.11/site-packages/xarray/backends/api.py", line 1788, in open_mfdataset
    ds = open_(p, **open_kwargs)
         ^^^^^^^^^^^^^^^^^^^^^^^
  File "/home/vdemeyer/pytrack/lib/python3.11/site-packages/xarray/backends/api.py", line 741, in open_dataset
    engine = plugins.guess_engine(filename_or_obj)
             ^^^^^^^^^^^^^^^^^^^^^^^^^^^^^^^^^^^^^
  File "/home/vdemeyer/pytrack/lib/python3.11/site-packages/xarray/backends/plugins.py", line 199, in guess_engine
    raise ValueError(error_msg)
ValueError: found the following matches with the input file in xarray's IO backends: ['zarr']. But their dependencies may not be installed, see:
https://docs.xarray.dev/en/stable/user-guide/io.html 
https://docs.xarray.dev/en/stable/getting-started-guide/installing.html
#executed by process	0 in 6.25561s	with status	1 : python /home/vdemeyer/TRACKING/KATJA/POSTPROCESSING/EETCs_stat.py 1984 --sim ERA5 --metric ratio
Traceback (most recent call last):
  File "/home/vdemeyer/TRACKING/KATJA/POSTPROCESSING/EETCs_stat.py", line 387, in <module>
    main(iyear, sim, ref, output_file)
  File "/home/vdemeyer/TRACKING/KATJA/POSTPROCESSING/EETCs_stat.py", line 82, in main
    ds_precip = xr.open_mfdataset(filenames_precip)
                ^^^^^^^^^^^^^^^^^^^^^^^^^^^^^^^^^^^
  File "/home/vdemeyer/pytrack/lib/python3.11/site-packages/xarray/backends/api.py", line 1788, in open_mfdataset
    ds = open_(p, **open_kwargs)
         ^^^^^^^^^^^^^^^^^^^^^^^
  File "/home/vdemeyer/pytrack/lib/python3.11/site-packages/xarray/backends/api.py", line 741, in open_dataset
    engine = plugins.guess_engine(filename_or_obj)
             ^^^^^^^^^^^^^^^^^^^^^^^^^^^^^^^^^^^^^
  File "/home/vdemeyer/pytrack/lib/python3.11/site-packages/xarray/backends/plugins.py", line 199, in guess_engine
    raise ValueError(error_msg)
ValueError: found the following matches with the input file in xarray's IO backends: ['zarr']. But their dependencies may not be installed, see:
https://docs.xarray.dev/en/stable/user-guide/io.html 
https://docs.xarray.dev/en/stable/getting-started-guide/installing.html
#executed by process	0 in 6.43696s	with status	1 : python /home/vdemeyer/TRACKING/KATJA/POSTPROCESSING/EETCs_stat.py 1985 --sim ERA5 --metric ratio
Traceback (most recent call last):
  File "/home/vdemeyer/TRACKING/KATJA/POSTPROCESSING/EETCs_stat.py", line 387, in <module>
    main(iyear, sim, ref, output_file)
  File "/home/vdemeyer/TRACKING/KATJA/POSTPROCESSING/EETCs_stat.py", line 82, in main
    ds_precip = xr.open_mfdataset(filenames_precip)
                ^^^^^^^^^^^^^^^^^^^^^^^^^^^^^^^^^^^
  File "/home/vdemeyer/pytrack/lib/python3.11/site-packages/xarray/backends/api.py", line 1788, in open_mfdataset
    ds = open_(p, **open_kwargs)
         ^^^^^^^^^^^^^^^^^^^^^^^
  File "/home/vdemeyer/pytrack/lib/python3.11/site-packages/xarray/backends/api.py", line 741, in open_dataset
    engine = plugins.guess_engine(filename_or_obj)
             ^^^^^^^^^^^^^^^^^^^^^^^^^^^^^^^^^^^^^
  File "/home/vdemeyer/pytrack/lib/python3.11/site-packages/xarray/backends/plugins.py", line 199, in guess_engine
    raise ValueError(error_msg)
ValueError: found the following matches with the input file in xarray's IO backends: ['zarr']. But their dependencies may not be installed, see:
https://docs.xarray.dev/en/stable/user-guide/io.html 
https://docs.xarray.dev/en/stable/getting-started-guide/installing.html
#executed by process	0 in 6.49179s	with status	1 : python /home/vdemeyer/TRACKING/KATJA/POSTPROCESSING/EETCs_stat.py 1986 --sim ERA5 --metric ratio
Traceback (most recent call last):
  File "/home/vdemeyer/TRACKING/KATJA/POSTPROCESSING/EETCs_stat.py", line 387, in <module>
    main(iyear, sim, ref, output_file)
  File "/home/vdemeyer/TRACKING/KATJA/POSTPROCESSING/EETCs_stat.py", line 82, in main
    ds_precip = xr.open_mfdataset(filenames_precip)
                ^^^^^^^^^^^^^^^^^^^^^^^^^^^^^^^^^^^
  File "/home/vdemeyer/pytrack/lib/python3.11/site-packages/xarray/backends/api.py", line 1788, in open_mfdataset
    ds = open_(p, **open_kwargs)
         ^^^^^^^^^^^^^^^^^^^^^^^
  File "/home/vdemeyer/pytrack/lib/python3.11/site-packages/xarray/backends/api.py", line 741, in open_dataset
    engine = plugins.guess_engine(filename_or_obj)
             ^^^^^^^^^^^^^^^^^^^^^^^^^^^^^^^^^^^^^
  File "/home/vdemeyer/pytrack/lib/python3.11/site-packages/xarray/backends/plugins.py", line 199, in guess_engine
    raise ValueError(error_msg)
ValueError: found the following matches with the input file in xarray's IO backends: ['zarr']. But their dependencies may not be installed, see:
https://docs.xarray.dev/en/stable/user-guide/io.html 
https://docs.xarray.dev/en/stable/getting-started-guide/installing.html
#executed by process	0 in 6.28806s	with status	1 : python /home/vdemeyer/TRACKING/KATJA/POSTPROCESSING/EETCs_stat.py 1987 --sim ERA5 --metric ratio
Traceback (most recent call last):
  File "/home/vdemeyer/TRACKING/KATJA/POSTPROCESSING/EETCs_stat.py", line 387, in <module>
    main(iyear, sim, ref, output_file)
  File "/home/vdemeyer/TRACKING/KATJA/POSTPROCESSING/EETCs_stat.py", line 82, in main
    ds_precip = xr.open_mfdataset(filenames_precip)
                ^^^^^^^^^^^^^^^^^^^^^^^^^^^^^^^^^^^
  File "/home/vdemeyer/pytrack/lib/python3.11/site-packages/xarray/backends/api.py", line 1788, in open_mfdataset
    ds = open_(p, **open_kwargs)
         ^^^^^^^^^^^^^^^^^^^^^^^
  File "/home/vdemeyer/pytrack/lib/python3.11/site-packages/xarray/backends/api.py", line 741, in open_dataset
    engine = plugins.guess_engine(filename_or_obj)
             ^^^^^^^^^^^^^^^^^^^^^^^^^^^^^^^^^^^^^
  File "/home/vdemeyer/pytrack/lib/python3.11/site-packages/xarray/backends/plugins.py", line 199, in guess_engine
    raise ValueError(error_msg)
ValueError: found the following matches with the input file in xarray's IO backends: ['zarr']. But their dependencies may not be installed, see:
https://docs.xarray.dev/en/stable/user-guide/io.html 
https://docs.xarray.dev/en/stable/getting-started-guide/installing.html
#executed by process	0 in 6.40706s	with status	1 : python /home/vdemeyer/TRACKING/KATJA/POSTPROCESSING/EETCs_stat.py 1988 --sim ERA5 --metric ratio
Traceback (most recent call last):
  File "/home/vdemeyer/TRACKING/KATJA/POSTPROCESSING/EETCs_stat.py", line 387, in <module>
    main(iyear, sim, ref, output_file)
  File "/home/vdemeyer/TRACKING/KATJA/POSTPROCESSING/EETCs_stat.py", line 82, in main
    ds_precip = xr.open_mfdataset(filenames_precip)
                ^^^^^^^^^^^^^^^^^^^^^^^^^^^^^^^^^^^
  File "/home/vdemeyer/pytrack/lib/python3.11/site-packages/xarray/backends/api.py", line 1788, in open_mfdataset
    ds = open_(p, **open_kwargs)
         ^^^^^^^^^^^^^^^^^^^^^^^
  File "/home/vdemeyer/pytrack/lib/python3.11/site-packages/xarray/backends/api.py", line 741, in open_dataset
    engine = plugins.guess_engine(filename_or_obj)
             ^^^^^^^^^^^^^^^^^^^^^^^^^^^^^^^^^^^^^
  File "/home/vdemeyer/pytrack/lib/python3.11/site-packages/xarray/backends/plugins.py", line 199, in guess_engine
    raise ValueError(error_msg)
ValueError: found the following matches with the input file in xarray's IO backends: ['zarr']. But their dependencies may not be installed, see:
https://docs.xarray.dev/en/stable/user-guide/io.html 
https://docs.xarray.dev/en/stable/getting-started-guide/installing.html
#executed by process	0 in 6.44275s	with status	1 : python /home/vdemeyer/TRACKING/KATJA/POSTPROCESSING/EETCs_stat.py 1989 --sim ERA5 --metric ratio
Traceback (most recent call last):
  File "/home/vdemeyer/TRACKING/KATJA/POSTPROCESSING/EETCs_stat.py", line 387, in <module>
    main(iyear, sim, ref, output_file)
  File "/home/vdemeyer/TRACKING/KATJA/POSTPROCESSING/EETCs_stat.py", line 82, in main
    ds_precip = xr.open_mfdataset(filenames_precip)
                ^^^^^^^^^^^^^^^^^^^^^^^^^^^^^^^^^^^
  File "/home/vdemeyer/pytrack/lib/python3.11/site-packages/xarray/backends/api.py", line 1788, in open_mfdataset
    ds = open_(p, **open_kwargs)
         ^^^^^^^^^^^^^^^^^^^^^^^
  File "/home/vdemeyer/pytrack/lib/python3.11/site-packages/xarray/backends/api.py", line 741, in open_dataset
    engine = plugins.guess_engine(filename_or_obj)
             ^^^^^^^^^^^^^^^^^^^^^^^^^^^^^^^^^^^^^
  File "/home/vdemeyer/pytrack/lib/python3.11/site-packages/xarray/backends/plugins.py", line 199, in guess_engine
    raise ValueError(error_msg)
ValueError: found the following matches with the input file in xarray's IO backends: ['zarr']. But their dependencies may not be installed, see:
https://docs.xarray.dev/en/stable/user-guide/io.html 
https://docs.xarray.dev/en/stable/getting-started-guide/installing.html
#executed by process	0 in 6.25682s	with status	1 : python /home/vdemeyer/TRACKING/KATJA/POSTPROCESSING/EETCs_stat.py 1990 --sim ERA5 --metric ratio
Traceback (most recent call last):
  File "/home/vdemeyer/TRACKING/KATJA/POSTPROCESSING/EETCs_stat.py", line 387, in <module>
    main(iyear, sim, ref, output_file)
  File "/home/vdemeyer/TRACKING/KATJA/POSTPROCESSING/EETCs_stat.py", line 82, in main
    ds_precip = xr.open_mfdataset(filenames_precip)
                ^^^^^^^^^^^^^^^^^^^^^^^^^^^^^^^^^^^
  File "/home/vdemeyer/pytrack/lib/python3.11/site-packages/xarray/backends/api.py", line 1788, in open_mfdataset
    ds = open_(p, **open_kwargs)
         ^^^^^^^^^^^^^^^^^^^^^^^
  File "/home/vdemeyer/pytrack/lib/python3.11/site-packages/xarray/backends/api.py", line 741, in open_dataset
    engine = plugins.guess_engine(filename_or_obj)
             ^^^^^^^^^^^^^^^^^^^^^^^^^^^^^^^^^^^^^
  File "/home/vdemeyer/pytrack/lib/python3.11/site-packages/xarray/backends/plugins.py", line 199, in guess_engine
    raise ValueError(error_msg)
ValueError: found the following matches with the input file in xarray's IO backends: ['zarr']. But their dependencies may not be installed, see:
https://docs.xarray.dev/en/stable/user-guide/io.html 
https://docs.xarray.dev/en/stable/getting-started-guide/installing.html
#executed by process	0 in 6.31469s	with status	1 : python /home/vdemeyer/TRACKING/KATJA/POSTPROCESSING/EETCs_stat.py 1991 --sim ERA5 --metric ratio
Traceback (most recent call last):
  File "/home/vdemeyer/TRACKING/KATJA/POSTPROCESSING/EETCs_stat.py", line 387, in <module>
    main(iyear, sim, ref, output_file)
  File "/home/vdemeyer/TRACKING/KATJA/POSTPROCESSING/EETCs_stat.py", line 82, in main
    ds_precip = xr.open_mfdataset(filenames_precip)
                ^^^^^^^^^^^^^^^^^^^^^^^^^^^^^^^^^^^
  File "/home/vdemeyer/pytrack/lib/python3.11/site-packages/xarray/backends/api.py", line 1788, in open_mfdataset
    ds = open_(p, **open_kwargs)
         ^^^^^^^^^^^^^^^^^^^^^^^
  File "/home/vdemeyer/pytrack/lib/python3.11/site-packages/xarray/backends/api.py", line 741, in open_dataset
    engine = plugins.guess_engine(filename_or_obj)
             ^^^^^^^^^^^^^^^^^^^^^^^^^^^^^^^^^^^^^
  File "/home/vdemeyer/pytrack/lib/python3.11/site-packages/xarray/backends/plugins.py", line 199, in guess_engine
    raise ValueError(error_msg)
ValueError: found the following matches with the input file in xarray's IO backends: ['zarr']. But their dependencies may not be installed, see:
https://docs.xarray.dev/en/stable/user-guide/io.html 
https://docs.xarray.dev/en/stable/getting-started-guide/installing.html
#executed by process	0 in 6.49091s	with status	1 : python /home/vdemeyer/TRACKING/KATJA/POSTPROCESSING/EETCs_stat.py 1992 --sim ERA5 --metric ratio
Traceback (most recent call last):
  File "/home/vdemeyer/TRACKING/KATJA/POSTPROCESSING/EETCs_stat.py", line 387, in <module>
    main(iyear, sim, ref, output_file)
  File "/home/vdemeyer/TRACKING/KATJA/POSTPROCESSING/EETCs_stat.py", line 82, in main
    ds_precip = xr.open_mfdataset(filenames_precip)
                ^^^^^^^^^^^^^^^^^^^^^^^^^^^^^^^^^^^
  File "/home/vdemeyer/pytrack/lib/python3.11/site-packages/xarray/backends/api.py", line 1788, in open_mfdataset
    ds = open_(p, **open_kwargs)
         ^^^^^^^^^^^^^^^^^^^^^^^
  File "/home/vdemeyer/pytrack/lib/python3.11/site-packages/xarray/backends/api.py", line 741, in open_dataset
    engine = plugins.guess_engine(filename_or_obj)
             ^^^^^^^^^^^^^^^^^^^^^^^^^^^^^^^^^^^^^
  File "/home/vdemeyer/pytrack/lib/python3.11/site-packages/xarray/backends/plugins.py", line 199, in guess_engine
    raise ValueError(error_msg)
ValueError: found the following matches with the input file in xarray's IO backends: ['zarr']. But their dependencies may not be installed, see:
https://docs.xarray.dev/en/stable/user-guide/io.html 
https://docs.xarray.dev/en/stable/getting-started-guide/installing.html
#executed by process	0 in 6.4506s	with status	1 : python /home/vdemeyer/TRACKING/KATJA/POSTPROCESSING/EETCs_stat.py 1993 --sim ERA5 --metric ratio
Traceback (most recent call last):
  File "/home/vdemeyer/TRACKING/KATJA/POSTPROCESSING/EETCs_stat.py", line 387, in <module>
    main(iyear, sim, ref, output_file)
  File "/home/vdemeyer/TRACKING/KATJA/POSTPROCESSING/EETCs_stat.py", line 82, in main
    ds_precip = xr.open_mfdataset(filenames_precip)
                ^^^^^^^^^^^^^^^^^^^^^^^^^^^^^^^^^^^
  File "/home/vdemeyer/pytrack/lib/python3.11/site-packages/xarray/backends/api.py", line 1788, in open_mfdataset
    ds = open_(p, **open_kwargs)
         ^^^^^^^^^^^^^^^^^^^^^^^
  File "/home/vdemeyer/pytrack/lib/python3.11/site-packages/xarray/backends/api.py", line 741, in open_dataset
    engine = plugins.guess_engine(filename_or_obj)
             ^^^^^^^^^^^^^^^^^^^^^^^^^^^^^^^^^^^^^
  File "/home/vdemeyer/pytrack/lib/python3.11/site-packages/xarray/backends/plugins.py", line 199, in guess_engine
    raise ValueError(error_msg)
ValueError: found the following matches with the input file in xarray's IO backends: ['zarr']. But their dependencies may not be installed, see:
https://docs.xarray.dev/en/stable/user-guide/io.html 
https://docs.xarray.dev/en/stable/getting-started-guide/installing.html
#executed by process	0 in 6.33327s	with status	1 : python /home/vdemeyer/TRACKING/KATJA/POSTPROCESSING/EETCs_stat.py 1994 --sim ERA5 --metric ratio
Traceback (most recent call last):
  File "/home/vdemeyer/TRACKING/KATJA/POSTPROCESSING/EETCs_stat.py", line 387, in <module>
    main(iyear, sim, ref, output_file)
  File "/home/vdemeyer/TRACKING/KATJA/POSTPROCESSING/EETCs_stat.py", line 82, in main
    ds_precip = xr.open_mfdataset(filenames_precip)
                ^^^^^^^^^^^^^^^^^^^^^^^^^^^^^^^^^^^
  File "/home/vdemeyer/pytrack/lib/python3.11/site-packages/xarray/backends/api.py", line 1788, in open_mfdataset
    ds = open_(p, **open_kwargs)
         ^^^^^^^^^^^^^^^^^^^^^^^
  File "/home/vdemeyer/pytrack/lib/python3.11/site-packages/xarray/backends/api.py", line 741, in open_dataset
    engine = plugins.guess_engine(filename_or_obj)
             ^^^^^^^^^^^^^^^^^^^^^^^^^^^^^^^^^^^^^
  File "/home/vdemeyer/pytrack/lib/python3.11/site-packages/xarray/backends/plugins.py", line 199, in guess_engine
    raise ValueError(error_msg)
ValueError: found the following matches with the input file in xarray's IO backends: ['zarr']. But their dependencies may not be installed, see:
https://docs.xarray.dev/en/stable/user-guide/io.html 
https://docs.xarray.dev/en/stable/getting-started-guide/installing.html
#executed by process	0 in 6.29822s	with status	1 : python /home/vdemeyer/TRACKING/KATJA/POSTPROCESSING/EETCs_stat.py 1995 --sim ERA5 --metric ratio
Traceback (most recent call last):
  File "/home/vdemeyer/TRACKING/KATJA/POSTPROCESSING/EETCs_stat.py", line 387, in <module>
    main(iyear, sim, ref, output_file)
  File "/home/vdemeyer/TRACKING/KATJA/POSTPROCESSING/EETCs_stat.py", line 82, in main
    ds_precip = xr.open_mfdataset(filenames_precip)
                ^^^^^^^^^^^^^^^^^^^^^^^^^^^^^^^^^^^
  File "/home/vdemeyer/pytrack/lib/python3.11/site-packages/xarray/backends/api.py", line 1788, in open_mfdataset
    ds = open_(p, **open_kwargs)
         ^^^^^^^^^^^^^^^^^^^^^^^
  File "/home/vdemeyer/pytrack/lib/python3.11/site-packages/xarray/backends/api.py", line 741, in open_dataset
    engine = plugins.guess_engine(filename_or_obj)
             ^^^^^^^^^^^^^^^^^^^^^^^^^^^^^^^^^^^^^
  File "/home/vdemeyer/pytrack/lib/python3.11/site-packages/xarray/backends/plugins.py", line 199, in guess_engine
    raise ValueError(error_msg)
ValueError: found the following matches with the input file in xarray's IO backends: ['zarr']. But their dependencies may not be installed, see:
https://docs.xarray.dev/en/stable/user-guide/io.html 
https://docs.xarray.dev/en/stable/getting-started-guide/installing.html
#executed by process	0 in 6.41447s	with status	1 : python /home/vdemeyer/TRACKING/KATJA/POSTPROCESSING/EETCs_stat.py 1996 --sim ERA5 --metric ratio
Traceback (most recent call last):
  File "/home/vdemeyer/TRACKING/KATJA/POSTPROCESSING/EETCs_stat.py", line 387, in <module>
    main(iyear, sim, ref, output_file)
  File "/home/vdemeyer/TRACKING/KATJA/POSTPROCESSING/EETCs_stat.py", line 82, in main
    ds_precip = xr.open_mfdataset(filenames_precip)
                ^^^^^^^^^^^^^^^^^^^^^^^^^^^^^^^^^^^
  File "/home/vdemeyer/pytrack/lib/python3.11/site-packages/xarray/backends/api.py", line 1788, in open_mfdataset
    ds = open_(p, **open_kwargs)
         ^^^^^^^^^^^^^^^^^^^^^^^
  File "/home/vdemeyer/pytrack/lib/python3.11/site-packages/xarray/backends/api.py", line 741, in open_dataset
    engine = plugins.guess_engine(filename_or_obj)
             ^^^^^^^^^^^^^^^^^^^^^^^^^^^^^^^^^^^^^
  File "/home/vdemeyer/pytrack/lib/python3.11/site-packages/xarray/backends/plugins.py", line 199, in guess_engine
    raise ValueError(error_msg)
ValueError: found the following matches with the input file in xarray's IO backends: ['zarr']. But their dependencies may not be installed, see:
https://docs.xarray.dev/en/stable/user-guide/io.html 
https://docs.xarray.dev/en/stable/getting-started-guide/installing.html
#executed by process	0 in 6.57688s	with status	1 : python /home/vdemeyer/TRACKING/KATJA/POSTPROCESSING/EETCs_stat.py 1997 --sim ERA5 --metric ratio
Traceback (most recent call last):
  File "/home/vdemeyer/TRACKING/KATJA/POSTPROCESSING/EETCs_stat.py", line 387, in <module>
    main(iyear, sim, ref, output_file)
  File "/home/vdemeyer/TRACKING/KATJA/POSTPROCESSING/EETCs_stat.py", line 82, in main
    ds_precip = xr.open_mfdataset(filenames_precip)
                ^^^^^^^^^^^^^^^^^^^^^^^^^^^^^^^^^^^
  File "/home/vdemeyer/pytrack/lib/python3.11/site-packages/xarray/backends/api.py", line 1788, in open_mfdataset
    ds = open_(p, **open_kwargs)
         ^^^^^^^^^^^^^^^^^^^^^^^
  File "/home/vdemeyer/pytrack/lib/python3.11/site-packages/xarray/backends/api.py", line 741, in open_dataset
    engine = plugins.guess_engine(filename_or_obj)
             ^^^^^^^^^^^^^^^^^^^^^^^^^^^^^^^^^^^^^
  File "/home/vdemeyer/pytrack/lib/python3.11/site-packages/xarray/backends/plugins.py", line 199, in guess_engine
    raise ValueError(error_msg)
ValueError: found the following matches with the input file in xarray's IO backends: ['zarr']. But their dependencies may not be installed, see:
https://docs.xarray.dev/en/stable/user-guide/io.html 
https://docs.xarray.dev/en/stable/getting-started-guide/installing.html
#executed by process	0 in 6.35448s	with status	1 : python /home/vdemeyer/TRACKING/KATJA/POSTPROCESSING/EETCs_stat.py 1998 --sim ERA5 --metric ratio
Traceback (most recent call last):
  File "/home/vdemeyer/TRACKING/KATJA/POSTPROCESSING/EETCs_stat.py", line 387, in <module>
    main(iyear, sim, ref, output_file)
  File "/home/vdemeyer/TRACKING/KATJA/POSTPROCESSING/EETCs_stat.py", line 82, in main
    ds_precip = xr.open_mfdataset(filenames_precip)
                ^^^^^^^^^^^^^^^^^^^^^^^^^^^^^^^^^^^
  File "/home/vdemeyer/pytrack/lib/python3.11/site-packages/xarray/backends/api.py", line 1788, in open_mfdataset
    ds = open_(p, **open_kwargs)
         ^^^^^^^^^^^^^^^^^^^^^^^
  File "/home/vdemeyer/pytrack/lib/python3.11/site-packages/xarray/backends/api.py", line 741, in open_dataset
    engine = plugins.guess_engine(filename_or_obj)
             ^^^^^^^^^^^^^^^^^^^^^^^^^^^^^^^^^^^^^
  File "/home/vdemeyer/pytrack/lib/python3.11/site-packages/xarray/backends/plugins.py", line 199, in guess_engine
    raise ValueError(error_msg)
ValueError: found the following matches with the input file in xarray's IO backends: ['zarr']. But their dependencies may not be installed, see:
https://docs.xarray.dev/en/stable/user-guide/io.html 
https://docs.xarray.dev/en/stable/getting-started-guide/installing.html
#executed by process	0 in 6.33244s	with status	1 : python /home/vdemeyer/TRACKING/KATJA/POSTPROCESSING/EETCs_stat.py 1999 --sim ERA5 --metric ratio
Traceback (most recent call last):
  File "/home/vdemeyer/TRACKING/KATJA/POSTPROCESSING/EETCs_stat.py", line 387, in <module>
    main(iyear, sim, ref, output_file)
  File "/home/vdemeyer/TRACKING/KATJA/POSTPROCESSING/EETCs_stat.py", line 82, in main
    ds_precip = xr.open_mfdataset(filenames_precip)
                ^^^^^^^^^^^^^^^^^^^^^^^^^^^^^^^^^^^
  File "/home/vdemeyer/pytrack/lib/python3.11/site-packages/xarray/backends/api.py", line 1788, in open_mfdataset
    ds = open_(p, **open_kwargs)
         ^^^^^^^^^^^^^^^^^^^^^^^
  File "/home/vdemeyer/pytrack/lib/python3.11/site-packages/xarray/backends/api.py", line 741, in open_dataset
    engine = plugins.guess_engine(filename_or_obj)
             ^^^^^^^^^^^^^^^^^^^^^^^^^^^^^^^^^^^^^
  File "/home/vdemeyer/pytrack/lib/python3.11/site-packages/xarray/backends/plugins.py", line 199, in guess_engine
    raise ValueError(error_msg)
ValueError: found the following matches with the input file in xarray's IO backends: ['zarr']. But their dependencies may not be installed, see:
https://docs.xarray.dev/en/stable/user-guide/io.html 
https://docs.xarray.dev/en/stable/getting-started-guide/installing.html
#executed by process	0 in 6.33309s	with status	1 : python /home/vdemeyer/TRACKING/KATJA/POSTPROCESSING/EETCs_stat.py 2000 --sim ERA5 --metric ratio
Traceback (most recent call last):
  File "/home/vdemeyer/TRACKING/KATJA/POSTPROCESSING/EETCs_stat.py", line 387, in <module>
    main(iyear, sim, ref, output_file)
  File "/home/vdemeyer/TRACKING/KATJA/POSTPROCESSING/EETCs_stat.py", line 82, in main
    ds_precip = xr.open_mfdataset(filenames_precip)
                ^^^^^^^^^^^^^^^^^^^^^^^^^^^^^^^^^^^
  File "/home/vdemeyer/pytrack/lib/python3.11/site-packages/xarray/backends/api.py", line 1788, in open_mfdataset
    ds = open_(p, **open_kwargs)
         ^^^^^^^^^^^^^^^^^^^^^^^
  File "/home/vdemeyer/pytrack/lib/python3.11/site-packages/xarray/backends/api.py", line 741, in open_dataset
    engine = plugins.guess_engine(filename_or_obj)
             ^^^^^^^^^^^^^^^^^^^^^^^^^^^^^^^^^^^^^
  File "/home/vdemeyer/pytrack/lib/python3.11/site-packages/xarray/backends/plugins.py", line 199, in guess_engine
    raise ValueError(error_msg)
ValueError: found the following matches with the input file in xarray's IO backends: ['zarr']. But their dependencies may not be installed, see:
https://docs.xarray.dev/en/stable/user-guide/io.html 
https://docs.xarray.dev/en/stable/getting-started-guide/installing.html
#executed by process	0 in 6.33029s	with status	1 : python /home/vdemeyer/TRACKING/KATJA/POSTPROCESSING/EETCs_stat.py 2001 --sim ERA5 --metric ratio
Traceback (most recent call last):
  File "/home/vdemeyer/TRACKING/KATJA/POSTPROCESSING/EETCs_stat.py", line 387, in <module>
    main(iyear, sim, ref, output_file)
  File "/home/vdemeyer/TRACKING/KATJA/POSTPROCESSING/EETCs_stat.py", line 82, in main
    ds_precip = xr.open_mfdataset(filenames_precip)
                ^^^^^^^^^^^^^^^^^^^^^^^^^^^^^^^^^^^
  File "/home/vdemeyer/pytrack/lib/python3.11/site-packages/xarray/backends/api.py", line 1788, in open_mfdataset
    ds = open_(p, **open_kwargs)
         ^^^^^^^^^^^^^^^^^^^^^^^
  File "/home/vdemeyer/pytrack/lib/python3.11/site-packages/xarray/backends/api.py", line 741, in open_dataset
    engine = plugins.guess_engine(filename_or_obj)
             ^^^^^^^^^^^^^^^^^^^^^^^^^^^^^^^^^^^^^
  File "/home/vdemeyer/pytrack/lib/python3.11/site-packages/xarray/backends/plugins.py", line 199, in guess_engine
    raise ValueError(error_msg)
ValueError: found the following matches with the input file in xarray's IO backends: ['zarr']. But their dependencies may not be installed, see:
https://docs.xarray.dev/en/stable/user-guide/io.html 
https://docs.xarray.dev/en/stable/getting-started-guide/installing.html
#executed by process	0 in 6.37184s	with status	1 : python /home/vdemeyer/TRACKING/KATJA/POSTPROCESSING/EETCs_stat.py 2002 --sim ERA5 --metric ratio
Traceback (most recent call last):
  File "/home/vdemeyer/TRACKING/KATJA/POSTPROCESSING/EETCs_stat.py", line 387, in <module>
    main(iyear, sim, ref, output_file)
  File "/home/vdemeyer/TRACKING/KATJA/POSTPROCESSING/EETCs_stat.py", line 82, in main
    ds_precip = xr.open_mfdataset(filenames_precip)
                ^^^^^^^^^^^^^^^^^^^^^^^^^^^^^^^^^^^
  File "/home/vdemeyer/pytrack/lib/python3.11/site-packages/xarray/backends/api.py", line 1788, in open_mfdataset
    ds = open_(p, **open_kwargs)
         ^^^^^^^^^^^^^^^^^^^^^^^
  File "/home/vdemeyer/pytrack/lib/python3.11/site-packages/xarray/backends/api.py", line 741, in open_dataset
    engine = plugins.guess_engine(filename_or_obj)
             ^^^^^^^^^^^^^^^^^^^^^^^^^^^^^^^^^^^^^
  File "/home/vdemeyer/pytrack/lib/python3.11/site-packages/xarray/backends/plugins.py", line 199, in guess_engine
    raise ValueError(error_msg)
ValueError: found the following matches with the input file in xarray's IO backends: ['zarr']. But their dependencies may not be installed, see:
https://docs.xarray.dev/en/stable/user-guide/io.html 
https://docs.xarray.dev/en/stable/getting-started-guide/installing.html
#executed by process	0 in 6.31625s	with status	1 : python /home/vdemeyer/TRACKING/KATJA/POSTPROCESSING/EETCs_stat.py 2003 --sim ERA5 --metric ratio
Traceback (most recent call last):
  File "/home/vdemeyer/TRACKING/KATJA/POSTPROCESSING/EETCs_stat.py", line 387, in <module>
    main(iyear, sim, ref, output_file)
  File "/home/vdemeyer/TRACKING/KATJA/POSTPROCESSING/EETCs_stat.py", line 82, in main
    ds_precip = xr.open_mfdataset(filenames_precip)
                ^^^^^^^^^^^^^^^^^^^^^^^^^^^^^^^^^^^
  File "/home/vdemeyer/pytrack/lib/python3.11/site-packages/xarray/backends/api.py", line 1788, in open_mfdataset
    ds = open_(p, **open_kwargs)
         ^^^^^^^^^^^^^^^^^^^^^^^
  File "/home/vdemeyer/pytrack/lib/python3.11/site-packages/xarray/backends/api.py", line 741, in open_dataset
    engine = plugins.guess_engine(filename_or_obj)
             ^^^^^^^^^^^^^^^^^^^^^^^^^^^^^^^^^^^^^
  File "/home/vdemeyer/pytrack/lib/python3.11/site-packages/xarray/backends/plugins.py", line 199, in guess_engine
    raise ValueError(error_msg)
ValueError: found the following matches with the input file in xarray's IO backends: ['zarr']. But their dependencies may not be installed, see:
https://docs.xarray.dev/en/stable/user-guide/io.html 
https://docs.xarray.dev/en/stable/getting-started-guide/installing.html
#executed by process	0 in 6.28005s	with status	1 : python /home/vdemeyer/TRACKING/KATJA/POSTPROCESSING/EETCs_stat.py 2004 --sim ERA5 --metric ratio
Traceback (most recent call last):
  File "/home/vdemeyer/TRACKING/KATJA/POSTPROCESSING/EETCs_stat.py", line 387, in <module>
    main(iyear, sim, ref, output_file)
  File "/home/vdemeyer/TRACKING/KATJA/POSTPROCESSING/EETCs_stat.py", line 82, in main
    ds_precip = xr.open_mfdataset(filenames_precip)
                ^^^^^^^^^^^^^^^^^^^^^^^^^^^^^^^^^^^
  File "/home/vdemeyer/pytrack/lib/python3.11/site-packages/xarray/backends/api.py", line 1788, in open_mfdataset
    ds = open_(p, **open_kwargs)
         ^^^^^^^^^^^^^^^^^^^^^^^
  File "/home/vdemeyer/pytrack/lib/python3.11/site-packages/xarray/backends/api.py", line 741, in open_dataset
    engine = plugins.guess_engine(filename_or_obj)
             ^^^^^^^^^^^^^^^^^^^^^^^^^^^^^^^^^^^^^
  File "/home/vdemeyer/pytrack/lib/python3.11/site-packages/xarray/backends/plugins.py", line 199, in guess_engine
    raise ValueError(error_msg)
ValueError: found the following matches with the input file in xarray's IO backends: ['zarr']. But their dependencies may not be installed, see:
https://docs.xarray.dev/en/stable/user-guide/io.html 
https://docs.xarray.dev/en/stable/getting-started-guide/installing.html
#executed by process	0 in 6.31101s	with status	1 : python /home/vdemeyer/TRACKING/KATJA/POSTPROCESSING/EETCs_stat.py 2005 --sim ERA5 --metric ratio
Traceback (most recent call last):
  File "/home/vdemeyer/TRACKING/KATJA/POSTPROCESSING/EETCs_stat.py", line 387, in <module>
    main(iyear, sim, ref, output_file)
  File "/home/vdemeyer/TRACKING/KATJA/POSTPROCESSING/EETCs_stat.py", line 82, in main
    ds_precip = xr.open_mfdataset(filenames_precip)
                ^^^^^^^^^^^^^^^^^^^^^^^^^^^^^^^^^^^
  File "/home/vdemeyer/pytrack/lib/python3.11/site-packages/xarray/backends/api.py", line 1788, in open_mfdataset
    ds = open_(p, **open_kwargs)
         ^^^^^^^^^^^^^^^^^^^^^^^
  File "/home/vdemeyer/pytrack/lib/python3.11/site-packages/xarray/backends/api.py", line 741, in open_dataset
    engine = plugins.guess_engine(filename_or_obj)
             ^^^^^^^^^^^^^^^^^^^^^^^^^^^^^^^^^^^^^
  File "/home/vdemeyer/pytrack/lib/python3.11/site-packages/xarray/backends/plugins.py", line 199, in guess_engine
    raise ValueError(error_msg)
ValueError: found the following matches with the input file in xarray's IO backends: ['zarr']. But their dependencies may not be installed, see:
https://docs.xarray.dev/en/stable/user-guide/io.html 
https://docs.xarray.dev/en/stable/getting-started-guide/installing.html
#executed by process	0 in 6.32526s	with status	1 : python /home/vdemeyer/TRACKING/KATJA/POSTPROCESSING/EETCs_stat.py 2006 --sim ERA5 --metric ratio
Traceback (most recent call last):
  File "/home/vdemeyer/TRACKING/KATJA/POSTPROCESSING/EETCs_stat.py", line 387, in <module>
    main(iyear, sim, ref, output_file)
  File "/home/vdemeyer/TRACKING/KATJA/POSTPROCESSING/EETCs_stat.py", line 82, in main
    ds_precip = xr.open_mfdataset(filenames_precip)
                ^^^^^^^^^^^^^^^^^^^^^^^^^^^^^^^^^^^
  File "/home/vdemeyer/pytrack/lib/python3.11/site-packages/xarray/backends/api.py", line 1788, in open_mfdataset
    ds = open_(p, **open_kwargs)
         ^^^^^^^^^^^^^^^^^^^^^^^
  File "/home/vdemeyer/pytrack/lib/python3.11/site-packages/xarray/backends/api.py", line 741, in open_dataset
    engine = plugins.guess_engine(filename_or_obj)
             ^^^^^^^^^^^^^^^^^^^^^^^^^^^^^^^^^^^^^
  File "/home/vdemeyer/pytrack/lib/python3.11/site-packages/xarray/backends/plugins.py", line 199, in guess_engine
    raise ValueError(error_msg)
ValueError: found the following matches with the input file in xarray's IO backends: ['zarr']. But their dependencies may not be installed, see:
https://docs.xarray.dev/en/stable/user-guide/io.html 
https://docs.xarray.dev/en/stable/getting-started-guide/installing.html
#executed by process	0 in 6.42605s	with status	1 : python /home/vdemeyer/TRACKING/KATJA/POSTPROCESSING/EETCs_stat.py 2007 --sim ERA5 --metric ratio
Traceback (most recent call last):
  File "/home/vdemeyer/TRACKING/KATJA/POSTPROCESSING/EETCs_stat.py", line 387, in <module>
    main(iyear, sim, ref, output_file)
  File "/home/vdemeyer/TRACKING/KATJA/POSTPROCESSING/EETCs_stat.py", line 82, in main
    ds_precip = xr.open_mfdataset(filenames_precip)
                ^^^^^^^^^^^^^^^^^^^^^^^^^^^^^^^^^^^
  File "/home/vdemeyer/pytrack/lib/python3.11/site-packages/xarray/backends/api.py", line 1788, in open_mfdataset
    ds = open_(p, **open_kwargs)
         ^^^^^^^^^^^^^^^^^^^^^^^
  File "/home/vdemeyer/pytrack/lib/python3.11/site-packages/xarray/backends/api.py", line 741, in open_dataset
    engine = plugins.guess_engine(filename_or_obj)
             ^^^^^^^^^^^^^^^^^^^^^^^^^^^^^^^^^^^^^
  File "/home/vdemeyer/pytrack/lib/python3.11/site-packages/xarray/backends/plugins.py", line 199, in guess_engine
    raise ValueError(error_msg)
ValueError: found the following matches with the input file in xarray's IO backends: ['zarr']. But their dependencies may not be installed, see:
https://docs.xarray.dev/en/stable/user-guide/io.html 
https://docs.xarray.dev/en/stable/getting-started-guide/installing.html
#executed by process	0 in 6.37533s	with status	1 : python /home/vdemeyer/TRACKING/KATJA/POSTPROCESSING/EETCs_stat.py 2008 --sim ERA5 --metric ratio
Traceback (most recent call last):
  File "/home/vdemeyer/TRACKING/KATJA/POSTPROCESSING/EETCs_stat.py", line 387, in <module>
    main(iyear, sim, ref, output_file)
  File "/home/vdemeyer/TRACKING/KATJA/POSTPROCESSING/EETCs_stat.py", line 82, in main
    ds_precip = xr.open_mfdataset(filenames_precip)
                ^^^^^^^^^^^^^^^^^^^^^^^^^^^^^^^^^^^
  File "/home/vdemeyer/pytrack/lib/python3.11/site-packages/xarray/backends/api.py", line 1788, in open_mfdataset
    ds = open_(p, **open_kwargs)
         ^^^^^^^^^^^^^^^^^^^^^^^
  File "/home/vdemeyer/pytrack/lib/python3.11/site-packages/xarray/backends/api.py", line 741, in open_dataset
    engine = plugins.guess_engine(filename_or_obj)
             ^^^^^^^^^^^^^^^^^^^^^^^^^^^^^^^^^^^^^
  File "/home/vdemeyer/pytrack/lib/python3.11/site-packages/xarray/backends/plugins.py", line 199, in guess_engine
    raise ValueError(error_msg)
ValueError: found the following matches with the input file in xarray's IO backends: ['zarr']. But their dependencies may not be installed, see:
https://docs.xarray.dev/en/stable/user-guide/io.html 
https://docs.xarray.dev/en/stable/getting-started-guide/installing.html
#executed by process	0 in 6.33369s	with status	1 : python /home/vdemeyer/TRACKING/KATJA/POSTPROCESSING/EETCs_stat.py 2009 --sim ERA5 --metric ratio
Traceback (most recent call last):
  File "/home/vdemeyer/TRACKING/KATJA/POSTPROCESSING/EETCs_stat.py", line 387, in <module>
    main(iyear, sim, ref, output_file)
  File "/home/vdemeyer/TRACKING/KATJA/POSTPROCESSING/EETCs_stat.py", line 82, in main
    ds_precip = xr.open_mfdataset(filenames_precip)
                ^^^^^^^^^^^^^^^^^^^^^^^^^^^^^^^^^^^
  File "/home/vdemeyer/pytrack/lib/python3.11/site-packages/xarray/backends/api.py", line 1788, in open_mfdataset
    ds = open_(p, **open_kwargs)
         ^^^^^^^^^^^^^^^^^^^^^^^
  File "/home/vdemeyer/pytrack/lib/python3.11/site-packages/xarray/backends/api.py", line 741, in open_dataset
    engine = plugins.guess_engine(filename_or_obj)
             ^^^^^^^^^^^^^^^^^^^^^^^^^^^^^^^^^^^^^
  File "/home/vdemeyer/pytrack/lib/python3.11/site-packages/xarray/backends/plugins.py", line 199, in guess_engine
    raise ValueError(error_msg)
ValueError: found the following matches with the input file in xarray's IO backends: ['zarr']. But their dependencies may not be installed, see:
https://docs.xarray.dev/en/stable/user-guide/io.html 
https://docs.xarray.dev/en/stable/getting-started-guide/installing.html
#executed by process	0 in 6.24183s	with status	1 : python /home/vdemeyer/TRACKING/KATJA/POSTPROCESSING/EETCs_stat.py 2010 --sim ERA5 --metric ratio
Traceback (most recent call last):
  File "/home/vdemeyer/TRACKING/KATJA/POSTPROCESSING/EETCs_stat.py", line 387, in <module>
    main(iyear, sim, ref, output_file)
  File "/home/vdemeyer/TRACKING/KATJA/POSTPROCESSING/EETCs_stat.py", line 82, in main
    ds_precip = xr.open_mfdataset(filenames_precip)
                ^^^^^^^^^^^^^^^^^^^^^^^^^^^^^^^^^^^
  File "/home/vdemeyer/pytrack/lib/python3.11/site-packages/xarray/backends/api.py", line 1788, in open_mfdataset
    ds = open_(p, **open_kwargs)
         ^^^^^^^^^^^^^^^^^^^^^^^
  File "/home/vdemeyer/pytrack/lib/python3.11/site-packages/xarray/backends/api.py", line 741, in open_dataset
    engine = plugins.guess_engine(filename_or_obj)
             ^^^^^^^^^^^^^^^^^^^^^^^^^^^^^^^^^^^^^
  File "/home/vdemeyer/pytrack/lib/python3.11/site-packages/xarray/backends/plugins.py", line 199, in guess_engine
    raise ValueError(error_msg)
ValueError: found the following matches with the input file in xarray's IO backends: ['zarr']. But their dependencies may not be installed, see:
https://docs.xarray.dev/en/stable/user-guide/io.html 
https://docs.xarray.dev/en/stable/getting-started-guide/installing.html
#executed by process	0 in 6.39692s	with status	1 : python /home/vdemeyer/TRACKING/KATJA/POSTPROCESSING/EETCs_stat.py 2011 --sim ERA5 --metric ratio
Traceback (most recent call last):
  File "/home/vdemeyer/TRACKING/KATJA/POSTPROCESSING/EETCs_stat.py", line 387, in <module>
    main(iyear, sim, ref, output_file)
  File "/home/vdemeyer/TRACKING/KATJA/POSTPROCESSING/EETCs_stat.py", line 82, in main
    ds_precip = xr.open_mfdataset(filenames_precip)
                ^^^^^^^^^^^^^^^^^^^^^^^^^^^^^^^^^^^
  File "/home/vdemeyer/pytrack/lib/python3.11/site-packages/xarray/backends/api.py", line 1788, in open_mfdataset
    ds = open_(p, **open_kwargs)
         ^^^^^^^^^^^^^^^^^^^^^^^
  File "/home/vdemeyer/pytrack/lib/python3.11/site-packages/xarray/backends/api.py", line 741, in open_dataset
    engine = plugins.guess_engine(filename_or_obj)
             ^^^^^^^^^^^^^^^^^^^^^^^^^^^^^^^^^^^^^
  File "/home/vdemeyer/pytrack/lib/python3.11/site-packages/xarray/backends/plugins.py", line 199, in guess_engine
    raise ValueError(error_msg)
ValueError: found the following matches with the input file in xarray's IO backends: ['zarr']. But their dependencies may not be installed, see:
https://docs.xarray.dev/en/stable/user-guide/io.html 
https://docs.xarray.dev/en/stable/getting-started-guide/installing.html
#executed by process	0 in 6.40313s	with status	1 : python /home/vdemeyer/TRACKING/KATJA/POSTPROCESSING/EETCs_stat.py 2012 --sim ERA5 --metric ratio
Traceback (most recent call last):
  File "/home/vdemeyer/TRACKING/KATJA/POSTPROCESSING/EETCs_stat.py", line 387, in <module>
    main(iyear, sim, ref, output_file)
  File "/home/vdemeyer/TRACKING/KATJA/POSTPROCESSING/EETCs_stat.py", line 82, in main
    ds_precip = xr.open_mfdataset(filenames_precip)
                ^^^^^^^^^^^^^^^^^^^^^^^^^^^^^^^^^^^
  File "/home/vdemeyer/pytrack/lib/python3.11/site-packages/xarray/backends/api.py", line 1788, in open_mfdataset
    ds = open_(p, **open_kwargs)
         ^^^^^^^^^^^^^^^^^^^^^^^
  File "/home/vdemeyer/pytrack/lib/python3.11/site-packages/xarray/backends/api.py", line 741, in open_dataset
    engine = plugins.guess_engine(filename_or_obj)
             ^^^^^^^^^^^^^^^^^^^^^^^^^^^^^^^^^^^^^
  File "/home/vdemeyer/pytrack/lib/python3.11/site-packages/xarray/backends/plugins.py", line 199, in guess_engine
    raise ValueError(error_msg)
ValueError: found the following matches with the input file in xarray's IO backends: ['zarr']. But their dependencies may not be installed, see:
https://docs.xarray.dev/en/stable/user-guide/io.html 
https://docs.xarray.dev/en/stable/getting-started-guide/installing.html
#executed by process	0 in 6.39038s	with status	1 : python /home/vdemeyer/TRACKING/KATJA/POSTPROCESSING/EETCs_stat.py 2013 --sim ERA5 --metric ratio
Traceback (most recent call last):
  File "/home/vdemeyer/TRACKING/KATJA/POSTPROCESSING/EETCs_stat.py", line 387, in <module>
    main(iyear, sim, ref, output_file)
  File "/home/vdemeyer/TRACKING/KATJA/POSTPROCESSING/EETCs_stat.py", line 82, in main
    ds_precip = xr.open_mfdataset(filenames_precip)
                ^^^^^^^^^^^^^^^^^^^^^^^^^^^^^^^^^^^
  File "/home/vdemeyer/pytrack/lib/python3.11/site-packages/xarray/backends/api.py", line 1788, in open_mfdataset
    ds = open_(p, **open_kwargs)
         ^^^^^^^^^^^^^^^^^^^^^^^
  File "/home/vdemeyer/pytrack/lib/python3.11/site-packages/xarray/backends/api.py", line 741, in open_dataset
    engine = plugins.guess_engine(filename_or_obj)
             ^^^^^^^^^^^^^^^^^^^^^^^^^^^^^^^^^^^^^
  File "/home/vdemeyer/pytrack/lib/python3.11/site-packages/xarray/backends/plugins.py", line 199, in guess_engine
    raise ValueError(error_msg)
ValueError: found the following matches with the input file in xarray's IO backends: ['zarr']. But their dependencies may not be installed, see:
https://docs.xarray.dev/en/stable/user-guide/io.html 
https://docs.xarray.dev/en/stable/getting-started-guide/installing.html
#executed by process	0 in 6.32235s	with status	1 : python /home/vdemeyer/TRACKING/KATJA/POSTPROCESSING/EETCs_stat.py 2014 --sim ERA5 --metric ratio
Traceback (most recent call last):
  File "/home/vdemeyer/TRACKING/KATJA/POSTPROCESSING/EETCs_stat.py", line 387, in <module>
    main(iyear, sim, ref, output_file)
  File "/home/vdemeyer/TRACKING/KATJA/POSTPROCESSING/EETCs_stat.py", line 82, in main
    ds_precip = xr.open_mfdataset(filenames_precip)
                ^^^^^^^^^^^^^^^^^^^^^^^^^^^^^^^^^^^
  File "/home/vdemeyer/pytrack/lib/python3.11/site-packages/xarray/backends/api.py", line 1788, in open_mfdataset
    ds = open_(p, **open_kwargs)
         ^^^^^^^^^^^^^^^^^^^^^^^
  File "/home/vdemeyer/pytrack/lib/python3.11/site-packages/xarray/backends/api.py", line 741, in open_dataset
    engine = plugins.guess_engine(filename_or_obj)
             ^^^^^^^^^^^^^^^^^^^^^^^^^^^^^^^^^^^^^
  File "/home/vdemeyer/pytrack/lib/python3.11/site-packages/xarray/backends/plugins.py", line 199, in guess_engine
    raise ValueError(error_msg)
ValueError: found the following matches with the input file in xarray's IO backends: ['zarr']. But their dependencies may not be installed, see:
https://docs.xarray.dev/en/stable/user-guide/io.html 
https://docs.xarray.dev/en/stable/getting-started-guide/installing.html
#executed by process	0 in 6.27803s	with status	1 : python /home/vdemeyer/TRACKING/KATJA/POSTPROCESSING/EETCs_stat.py 2015 --sim ERA5 --metric ratio
Traceback (most recent call last):
  File "/home/vdemeyer/TRACKING/KATJA/POSTPROCESSING/EETCs_stat.py", line 387, in <module>
    main(iyear, sim, ref, output_file)
  File "/home/vdemeyer/TRACKING/KATJA/POSTPROCESSING/EETCs_stat.py", line 82, in main
    ds_precip = xr.open_mfdataset(filenames_precip)
                ^^^^^^^^^^^^^^^^^^^^^^^^^^^^^^^^^^^
  File "/home/vdemeyer/pytrack/lib/python3.11/site-packages/xarray/backends/api.py", line 1788, in open_mfdataset
    ds = open_(p, **open_kwargs)
         ^^^^^^^^^^^^^^^^^^^^^^^
  File "/home/vdemeyer/pytrack/lib/python3.11/site-packages/xarray/backends/api.py", line 741, in open_dataset
    engine = plugins.guess_engine(filename_or_obj)
             ^^^^^^^^^^^^^^^^^^^^^^^^^^^^^^^^^^^^^
  File "/home/vdemeyer/pytrack/lib/python3.11/site-packages/xarray/backends/plugins.py", line 199, in guess_engine
    raise ValueError(error_msg)
ValueError: found the following matches with the input file in xarray's IO backends: ['zarr']. But their dependencies may not be installed, see:
https://docs.xarray.dev/en/stable/user-guide/io.html 
https://docs.xarray.dev/en/stable/getting-started-guide/installing.html
#executed by process	0 in 6.28808s	with status	1 : python /home/vdemeyer/TRACKING/KATJA/POSTPROCESSING/EETCs_stat.py 2016 --sim ERA5 --metric ratio
Traceback (most recent call last):
  File "/home/vdemeyer/TRACKING/KATJA/POSTPROCESSING/EETCs_stat.py", line 387, in <module>
    main(iyear, sim, ref, output_file)
  File "/home/vdemeyer/TRACKING/KATJA/POSTPROCESSING/EETCs_stat.py", line 82, in main
    ds_precip = xr.open_mfdataset(filenames_precip)
                ^^^^^^^^^^^^^^^^^^^^^^^^^^^^^^^^^^^
  File "/home/vdemeyer/pytrack/lib/python3.11/site-packages/xarray/backends/api.py", line 1788, in open_mfdataset
    ds = open_(p, **open_kwargs)
         ^^^^^^^^^^^^^^^^^^^^^^^
  File "/home/vdemeyer/pytrack/lib/python3.11/site-packages/xarray/backends/api.py", line 741, in open_dataset
    engine = plugins.guess_engine(filename_or_obj)
             ^^^^^^^^^^^^^^^^^^^^^^^^^^^^^^^^^^^^^
  File "/home/vdemeyer/pytrack/lib/python3.11/site-packages/xarray/backends/plugins.py", line 199, in guess_engine
    raise ValueError(error_msg)
ValueError: found the following matches with the input file in xarray's IO backends: ['zarr']. But their dependencies may not be installed, see:
https://docs.xarray.dev/en/stable/user-guide/io.html 
https://docs.xarray.dev/en/stable/getting-started-guide/installing.html
#executed by process	0 in 6.24033s	with status	1 : python /home/vdemeyer/TRACKING/KATJA/POSTPROCESSING/EETCs_stat.py 2017 --sim ERA5 --metric ratio
Traceback (most recent call last):
  File "/home/vdemeyer/TRACKING/KATJA/POSTPROCESSING/EETCs_stat.py", line 387, in <module>
    main(iyear, sim, ref, output_file)
  File "/home/vdemeyer/TRACKING/KATJA/POSTPROCESSING/EETCs_stat.py", line 82, in main
    ds_precip = xr.open_mfdataset(filenames_precip)
                ^^^^^^^^^^^^^^^^^^^^^^^^^^^^^^^^^^^
  File "/home/vdemeyer/pytrack/lib/python3.11/site-packages/xarray/backends/api.py", line 1788, in open_mfdataset
    ds = open_(p, **open_kwargs)
         ^^^^^^^^^^^^^^^^^^^^^^^
  File "/home/vdemeyer/pytrack/lib/python3.11/site-packages/xarray/backends/api.py", line 741, in open_dataset
    engine = plugins.guess_engine(filename_or_obj)
             ^^^^^^^^^^^^^^^^^^^^^^^^^^^^^^^^^^^^^
  File "/home/vdemeyer/pytrack/lib/python3.11/site-packages/xarray/backends/plugins.py", line 199, in guess_engine
    raise ValueError(error_msg)
ValueError: found the following matches with the input file in xarray's IO backends: ['zarr']. But their dependencies may not be installed, see:
https://docs.xarray.dev/en/stable/user-guide/io.html 
https://docs.xarray.dev/en/stable/getting-started-guide/installing.html
#executed by process	0 in 6.38879s	with status	1 : python /home/vdemeyer/TRACKING/KATJA/POSTPROCESSING/EETCs_stat.py 2018 --sim ERA5 --metric ratio
Traceback (most recent call last):
  File "/home/vdemeyer/TRACKING/KATJA/POSTPROCESSING/EETCs_stat.py", line 387, in <module>
    main(iyear, sim, ref, output_file)
  File "/home/vdemeyer/TRACKING/KATJA/POSTPROCESSING/EETCs_stat.py", line 82, in main
    ds_precip = xr.open_mfdataset(filenames_precip)
                ^^^^^^^^^^^^^^^^^^^^^^^^^^^^^^^^^^^
  File "/home/vdemeyer/pytrack/lib/python3.11/site-packages/xarray/backends/api.py", line 1788, in open_mfdataset
    ds = open_(p, **open_kwargs)
         ^^^^^^^^^^^^^^^^^^^^^^^
  File "/home/vdemeyer/pytrack/lib/python3.11/site-packages/xarray/backends/api.py", line 741, in open_dataset
    engine = plugins.guess_engine(filename_or_obj)
             ^^^^^^^^^^^^^^^^^^^^^^^^^^^^^^^^^^^^^
  File "/home/vdemeyer/pytrack/lib/python3.11/site-packages/xarray/backends/plugins.py", line 199, in guess_engine
    raise ValueError(error_msg)
ValueError: found the following matches with the input file in xarray's IO backends: ['zarr']. But their dependencies may not be installed, see:
https://docs.xarray.dev/en/stable/user-guide/io.html 
https://docs.xarray.dev/en/stable/getting-started-guide/installing.html
#executed by process	0 in 6.32619s	with status	1 : python /home/vdemeyer/TRACKING/KATJA/POSTPROCESSING/EETCs_stat.py 2019 --sim ERA5 --metric ratio
Traceback (most recent call last):
  File "/home/vdemeyer/TRACKING/KATJA/POSTPROCESSING/EETCs_stat.py", line 387, in <module>
    main(iyear, sim, ref, output_file)
  File "/home/vdemeyer/TRACKING/KATJA/POSTPROCESSING/EETCs_stat.py", line 82, in main
    ds_precip = xr.open_mfdataset(filenames_precip)
                ^^^^^^^^^^^^^^^^^^^^^^^^^^^^^^^^^^^
  File "/home/vdemeyer/pytrack/lib/python3.11/site-packages/xarray/backends/api.py", line 1788, in open_mfdataset
    ds = open_(p, **open_kwargs)
         ^^^^^^^^^^^^^^^^^^^^^^^
  File "/home/vdemeyer/pytrack/lib/python3.11/site-packages/xarray/backends/api.py", line 741, in open_dataset
    engine = plugins.guess_engine(filename_or_obj)
             ^^^^^^^^^^^^^^^^^^^^^^^^^^^^^^^^^^^^^
  File "/home/vdemeyer/pytrack/lib/python3.11/site-packages/xarray/backends/plugins.py", line 199, in guess_engine
    raise ValueError(error_msg)
ValueError: found the following matches with the input file in xarray's IO backends: ['zarr']. But their dependencies may not be installed, see:
https://docs.xarray.dev/en/stable/user-guide/io.html 
https://docs.xarray.dev/en/stable/getting-started-guide/installing.html
#executed by process	0 in 6.26248s	with status	1 : python /home/vdemeyer/TRACKING/KATJA/POSTPROCESSING/EETCs_stat.py 2020 --sim ERA5 --metric ratio
Traceback (most recent call last):
  File "/home/vdemeyer/TRACKING/KATJA/POSTPROCESSING/EETCs_stat.py", line 387, in <module>
    main(iyear, sim, ref, output_file)
  File "/home/vdemeyer/TRACKING/KATJA/POSTPROCESSING/EETCs_stat.py", line 82, in main
    ds_precip = xr.open_mfdataset(filenames_precip)
                ^^^^^^^^^^^^^^^^^^^^^^^^^^^^^^^^^^^
  File "/home/vdemeyer/pytrack/lib/python3.11/site-packages/xarray/backends/api.py", line 1788, in open_mfdataset
    ds = open_(p, **open_kwargs)
         ^^^^^^^^^^^^^^^^^^^^^^^
  File "/home/vdemeyer/pytrack/lib/python3.11/site-packages/xarray/backends/api.py", line 741, in open_dataset
    engine = plugins.guess_engine(filename_or_obj)
             ^^^^^^^^^^^^^^^^^^^^^^^^^^^^^^^^^^^^^
  File "/home/vdemeyer/pytrack/lib/python3.11/site-packages/xarray/backends/plugins.py", line 199, in guess_engine
    raise ValueError(error_msg)
ValueError: found the following matches with the input file in xarray's IO backends: ['zarr']. But their dependencies may not be installed, see:
https://docs.xarray.dev/en/stable/user-guide/io.html 
https://docs.xarray.dev/en/stable/getting-started-guide/installing.html
#executed by process	0 in 6.2973s	with status	1 : python /home/vdemeyer/TRACKING/KATJA/POSTPROCESSING/EETCs_stat.py 2021 --sim ERA5 --metric ratio
Traceback (most recent call last):
  File "/home/vdemeyer/TRACKING/KATJA/POSTPROCESSING/EETCs_stat.py", line 387, in <module>
    main(iyear, sim, ref, output_file)
  File "/home/vdemeyer/TRACKING/KATJA/POSTPROCESSING/EETCs_stat.py", line 82, in main
    ds_precip = xr.open_mfdataset(filenames_precip)
                ^^^^^^^^^^^^^^^^^^^^^^^^^^^^^^^^^^^
  File "/home/vdemeyer/pytrack/lib/python3.11/site-packages/xarray/backends/api.py", line 1788, in open_mfdataset
    ds = open_(p, **open_kwargs)
         ^^^^^^^^^^^^^^^^^^^^^^^
  File "/home/vdemeyer/pytrack/lib/python3.11/site-packages/xarray/backends/api.py", line 741, in open_dataset
    engine = plugins.guess_engine(filename_or_obj)
             ^^^^^^^^^^^^^^^^^^^^^^^^^^^^^^^^^^^^^
  File "/home/vdemeyer/pytrack/lib/python3.11/site-packages/xarray/backends/plugins.py", line 199, in guess_engine
    raise ValueError(error_msg)
ValueError: found the following matches with the input file in xarray's IO backends: ['zarr']. But their dependencies may not be installed, see:
https://docs.xarray.dev/en/stable/user-guide/io.html 
https://docs.xarray.dev/en/stable/getting-started-guide/installing.html
#executed by process	0 in 6.46586s	with status	1 : python /home/vdemeyer/TRACKING/KATJA/POSTPROCESSING/EETCs_stat.py 2022 --sim ERA5 --metric ratio
Traceback (most recent call last):
  File "/home/vdemeyer/TRACKING/KATJA/POSTPROCESSING/EETCs_stat.py", line 387, in <module>
    main(iyear, sim, ref, output_file)
  File "/home/vdemeyer/TRACKING/KATJA/POSTPROCESSING/EETCs_stat.py", line 82, in main
    ds_precip = xr.open_mfdataset(filenames_precip)
                ^^^^^^^^^^^^^^^^^^^^^^^^^^^^^^^^^^^
  File "/home/vdemeyer/pytrack/lib/python3.11/site-packages/xarray/backends/api.py", line 1788, in open_mfdataset
    ds = open_(p, **open_kwargs)
         ^^^^^^^^^^^^^^^^^^^^^^^
  File "/home/vdemeyer/pytrack/lib/python3.11/site-packages/xarray/backends/api.py", line 741, in open_dataset
    engine = plugins.guess_engine(filename_or_obj)
             ^^^^^^^^^^^^^^^^^^^^^^^^^^^^^^^^^^^^^
  File "/home/vdemeyer/pytrack/lib/python3.11/site-packages/xarray/backends/plugins.py", line 199, in guess_engine
    raise ValueError(error_msg)
ValueError: found the following matches with the input file in xarray's IO backends: ['zarr']. But their dependencies may not be installed, see:
https://docs.xarray.dev/en/stable/user-guide/io.html 
https://docs.xarray.dev/en/stable/getting-started-guide/installing.html
#executed by process	0 in 6.42288s	with status	1 : python /home/vdemeyer/TRACKING/KATJA/POSTPROCESSING/EETCs_stat.py 2023 --sim ERA5 --metric ratio
slurmstepd: error: *** JOB 49944299 ON nl30401 CANCELLED AT 2025-09-20T02:02:40 DUE TO TIME LIMIT ***
slurmstepd: error: *** STEP 49944299.0 ON nl30401 CANCELLED AT 2025-09-20T02:02:40 DUE TO TIME LIMIT ***
