Traceback (most recent call last):
  File "/home/vdemeyer/TRACKING/KATJA/POSTPROCESSING/EETCs_stat.py", line 387, in <module>
    main(iyear, sim, ref, output_file)
  File "/home/vdemeyer/TRACKING/KATJA/POSTPROCESSING/EETCs_stat.py", line 116, in main
    percentile_precip = xr.open_dataset(f'/home/vdemeyer/projects/rrg-gachon/vdemeyer/{sim}/PR_Percentile/pr_{sim.lower()}_percentile_1980-2014_wetdays.nc') ###à changer
                        ^^^^^^^^^^^^^^^^^^^^^^^^^^^^^^^^^^^^^^^^^^^^^^^^^^^^^^^^^^^^^^^^^^^^^^^^^^^^^^^^^^^^^^^^^^^^^^^^^^^^^^^^^^^^^^^^^^^^^^^^^^^^^^^^^^^^
  File "/home/vdemeyer/py3/lib/python3.11/site-packages/xarray/backends/api.py", line 686, in open_dataset
    backend_ds = backend.open_dataset(
                 ^^^^^^^^^^^^^^^^^^^^^
  File "/home/vdemeyer/py3/lib/python3.11/site-packages/xarray/backends/netCDF4_.py", line 666, in open_dataset
    store = NetCDF4DataStore.open(
            ^^^^^^^^^^^^^^^^^^^^^^
  File "/home/vdemeyer/py3/lib/python3.11/site-packages/xarray/backends/netCDF4_.py", line 414, in open
    import netCDF4
  File "/home/vdemeyer/py3/lib/python3.11/site-packages/netCDF4/__init__.py", line 3, in <module>
    from ._netCDF4 import *
  File "src/netCDF4/_netCDF4.pyx", line 1, in init netCDF4._netCDF4
ModuleNotFoundError: No module named 'mpi4py'
#executed by process	0 in 16.9056s	with status	1 : python /home/vdemeyer/TRACKING/KATJA/POSTPROCESSING/EETCs_stat.py 1979 --sim ERA5 --metric ratio
Traceback (most recent call last):
  File "/home/vdemeyer/TRACKING/KATJA/POSTPROCESSING/EETCs_stat.py", line 387, in <module>
    main(iyear, sim, ref, output_file)
  File "/home/vdemeyer/TRACKING/KATJA/POSTPROCESSING/EETCs_stat.py", line 116, in main
    percentile_precip = xr.open_dataset(f'/home/vdemeyer/projects/rrg-gachon/vdemeyer/{sim}/PR_Percentile/pr_{sim.lower()}_percentile_1980-2014_wetdays.nc') ###à changer
                        ^^^^^^^^^^^^^^^^^^^^^^^^^^^^^^^^^^^^^^^^^^^^^^^^^^^^^^^^^^^^^^^^^^^^^^^^^^^^^^^^^^^^^^^^^^^^^^^^^^^^^^^^^^^^^^^^^^^^^^^^^^^^^^^^^^^^
  File "/home/vdemeyer/py3/lib/python3.11/site-packages/xarray/backends/api.py", line 686, in open_dataset
    backend_ds = backend.open_dataset(
                 ^^^^^^^^^^^^^^^^^^^^^
  File "/home/vdemeyer/py3/lib/python3.11/site-packages/xarray/backends/netCDF4_.py", line 666, in open_dataset
    store = NetCDF4DataStore.open(
            ^^^^^^^^^^^^^^^^^^^^^^
  File "/home/vdemeyer/py3/lib/python3.11/site-packages/xarray/backends/netCDF4_.py", line 414, in open
    import netCDF4
  File "/home/vdemeyer/py3/lib/python3.11/site-packages/netCDF4/__init__.py", line 3, in <module>
    from ._netCDF4 import *
  File "src/netCDF4/_netCDF4.pyx", line 1, in init netCDF4._netCDF4
ModuleNotFoundError: No module named 'mpi4py'
#executed by process	0 in 8.80362s	with status	1 : python /home/vdemeyer/TRACKING/KATJA/POSTPROCESSING/EETCs_stat.py 1980 --sim ERA5 --metric ratio
Traceback (most recent call last):
  File "/home/vdemeyer/TRACKING/KATJA/POSTPROCESSING/EETCs_stat.py", line 387, in <module>
    main(iyear, sim, ref, output_file)
  File "/home/vdemeyer/TRACKING/KATJA/POSTPROCESSING/EETCs_stat.py", line 116, in main
    percentile_precip = xr.open_dataset(f'/home/vdemeyer/projects/rrg-gachon/vdemeyer/{sim}/PR_Percentile/pr_{sim.lower()}_percentile_1980-2014_wetdays.nc') ###à changer
                        ^^^^^^^^^^^^^^^^^^^^^^^^^^^^^^^^^^^^^^^^^^^^^^^^^^^^^^^^^^^^^^^^^^^^^^^^^^^^^^^^^^^^^^^^^^^^^^^^^^^^^^^^^^^^^^^^^^^^^^^^^^^^^^^^^^^^
  File "/home/vdemeyer/py3/lib/python3.11/site-packages/xarray/backends/api.py", line 686, in open_dataset
    backend_ds = backend.open_dataset(
                 ^^^^^^^^^^^^^^^^^^^^^
  File "/home/vdemeyer/py3/lib/python3.11/site-packages/xarray/backends/netCDF4_.py", line 666, in open_dataset
    store = NetCDF4DataStore.open(
            ^^^^^^^^^^^^^^^^^^^^^^
  File "/home/vdemeyer/py3/lib/python3.11/site-packages/xarray/backends/netCDF4_.py", line 414, in open
    import netCDF4
  File "/home/vdemeyer/py3/lib/python3.11/site-packages/netCDF4/__init__.py", line 3, in <module>
    from ._netCDF4 import *
  File "src/netCDF4/_netCDF4.pyx", line 1, in init netCDF4._netCDF4
ModuleNotFoundError: No module named 'mpi4py'
#executed by process	0 in 8.8632s	with status	1 : python /home/vdemeyer/TRACKING/KATJA/POSTPROCESSING/EETCs_stat.py 1981 --sim ERA5 --metric ratio
Traceback (most recent call last):
  File "/home/vdemeyer/TRACKING/KATJA/POSTPROCESSING/EETCs_stat.py", line 387, in <module>
    main(iyear, sim, ref, output_file)
  File "/home/vdemeyer/TRACKING/KATJA/POSTPROCESSING/EETCs_stat.py", line 116, in main
    percentile_precip = xr.open_dataset(f'/home/vdemeyer/projects/rrg-gachon/vdemeyer/{sim}/PR_Percentile/pr_{sim.lower()}_percentile_1980-2014_wetdays.nc') ###à changer
                        ^^^^^^^^^^^^^^^^^^^^^^^^^^^^^^^^^^^^^^^^^^^^^^^^^^^^^^^^^^^^^^^^^^^^^^^^^^^^^^^^^^^^^^^^^^^^^^^^^^^^^^^^^^^^^^^^^^^^^^^^^^^^^^^^^^^^
  File "/home/vdemeyer/py3/lib/python3.11/site-packages/xarray/backends/api.py", line 686, in open_dataset
    backend_ds = backend.open_dataset(
                 ^^^^^^^^^^^^^^^^^^^^^
  File "/home/vdemeyer/py3/lib/python3.11/site-packages/xarray/backends/netCDF4_.py", line 666, in open_dataset
    store = NetCDF4DataStore.open(
            ^^^^^^^^^^^^^^^^^^^^^^
  File "/home/vdemeyer/py3/lib/python3.11/site-packages/xarray/backends/netCDF4_.py", line 414, in open
    import netCDF4
  File "/home/vdemeyer/py3/lib/python3.11/site-packages/netCDF4/__init__.py", line 3, in <module>
    from ._netCDF4 import *
  File "src/netCDF4/_netCDF4.pyx", line 1, in init netCDF4._netCDF4
ModuleNotFoundError: No module named 'mpi4py'
#executed by process	0 in 8.81573s	with status	1 : python /home/vdemeyer/TRACKING/KATJA/POSTPROCESSING/EETCs_stat.py 1982 --sim ERA5 --metric ratio
Traceback (most recent call last):
  File "/home/vdemeyer/TRACKING/KATJA/POSTPROCESSING/EETCs_stat.py", line 387, in <module>
    main(iyear, sim, ref, output_file)
  File "/home/vdemeyer/TRACKING/KATJA/POSTPROCESSING/EETCs_stat.py", line 116, in main
    percentile_precip = xr.open_dataset(f'/home/vdemeyer/projects/rrg-gachon/vdemeyer/{sim}/PR_Percentile/pr_{sim.lower()}_percentile_1980-2014_wetdays.nc') ###à changer
                        ^^^^^^^^^^^^^^^^^^^^^^^^^^^^^^^^^^^^^^^^^^^^^^^^^^^^^^^^^^^^^^^^^^^^^^^^^^^^^^^^^^^^^^^^^^^^^^^^^^^^^^^^^^^^^^^^^^^^^^^^^^^^^^^^^^^^
  File "/home/vdemeyer/py3/lib/python3.11/site-packages/xarray/backends/api.py", line 686, in open_dataset
    backend_ds = backend.open_dataset(
                 ^^^^^^^^^^^^^^^^^^^^^
  File "/home/vdemeyer/py3/lib/python3.11/site-packages/xarray/backends/netCDF4_.py", line 666, in open_dataset
    store = NetCDF4DataStore.open(
            ^^^^^^^^^^^^^^^^^^^^^^
  File "/home/vdemeyer/py3/lib/python3.11/site-packages/xarray/backends/netCDF4_.py", line 414, in open
    import netCDF4
  File "/home/vdemeyer/py3/lib/python3.11/site-packages/netCDF4/__init__.py", line 3, in <module>
    from ._netCDF4 import *
  File "src/netCDF4/_netCDF4.pyx", line 1, in init netCDF4._netCDF4
ModuleNotFoundError: No module named 'mpi4py'
#executed by process	0 in 8.55548s	with status	1 : python /home/vdemeyer/TRACKING/KATJA/POSTPROCESSING/EETCs_stat.py 1983 --sim ERA5 --metric ratio
Traceback (most recent call last):
  File "/home/vdemeyer/TRACKING/KATJA/POSTPROCESSING/EETCs_stat.py", line 387, in <module>
    main(iyear, sim, ref, output_file)
  File "/home/vdemeyer/TRACKING/KATJA/POSTPROCESSING/EETCs_stat.py", line 116, in main
    percentile_precip = xr.open_dataset(f'/home/vdemeyer/projects/rrg-gachon/vdemeyer/{sim}/PR_Percentile/pr_{sim.lower()}_percentile_1980-2014_wetdays.nc') ###à changer
                        ^^^^^^^^^^^^^^^^^^^^^^^^^^^^^^^^^^^^^^^^^^^^^^^^^^^^^^^^^^^^^^^^^^^^^^^^^^^^^^^^^^^^^^^^^^^^^^^^^^^^^^^^^^^^^^^^^^^^^^^^^^^^^^^^^^^^
  File "/home/vdemeyer/py3/lib/python3.11/site-packages/xarray/backends/api.py", line 686, in open_dataset
    backend_ds = backend.open_dataset(
                 ^^^^^^^^^^^^^^^^^^^^^
  File "/home/vdemeyer/py3/lib/python3.11/site-packages/xarray/backends/netCDF4_.py", line 666, in open_dataset
    store = NetCDF4DataStore.open(
            ^^^^^^^^^^^^^^^^^^^^^^
  File "/home/vdemeyer/py3/lib/python3.11/site-packages/xarray/backends/netCDF4_.py", line 414, in open
    import netCDF4
  File "/home/vdemeyer/py3/lib/python3.11/site-packages/netCDF4/__init__.py", line 3, in <module>
    from ._netCDF4 import *
  File "src/netCDF4/_netCDF4.pyx", line 1, in init netCDF4._netCDF4
ModuleNotFoundError: No module named 'mpi4py'
#executed by process	0 in 8.40468s	with status	1 : python /home/vdemeyer/TRACKING/KATJA/POSTPROCESSING/EETCs_stat.py 1984 --sim ERA5 --metric ratio
Traceback (most recent call last):
  File "/home/vdemeyer/TRACKING/KATJA/POSTPROCESSING/EETCs_stat.py", line 387, in <module>
    main(iyear, sim, ref, output_file)
  File "/home/vdemeyer/TRACKING/KATJA/POSTPROCESSING/EETCs_stat.py", line 116, in main
    percentile_precip = xr.open_dataset(f'/home/vdemeyer/projects/rrg-gachon/vdemeyer/{sim}/PR_Percentile/pr_{sim.lower()}_percentile_1980-2014_wetdays.nc') ###à changer
                        ^^^^^^^^^^^^^^^^^^^^^^^^^^^^^^^^^^^^^^^^^^^^^^^^^^^^^^^^^^^^^^^^^^^^^^^^^^^^^^^^^^^^^^^^^^^^^^^^^^^^^^^^^^^^^^^^^^^^^^^^^^^^^^^^^^^^
  File "/home/vdemeyer/py3/lib/python3.11/site-packages/xarray/backends/api.py", line 686, in open_dataset
    backend_ds = backend.open_dataset(
                 ^^^^^^^^^^^^^^^^^^^^^
  File "/home/vdemeyer/py3/lib/python3.11/site-packages/xarray/backends/netCDF4_.py", line 666, in open_dataset
    store = NetCDF4DataStore.open(
            ^^^^^^^^^^^^^^^^^^^^^^
  File "/home/vdemeyer/py3/lib/python3.11/site-packages/xarray/backends/netCDF4_.py", line 414, in open
    import netCDF4
  File "/home/vdemeyer/py3/lib/python3.11/site-packages/netCDF4/__init__.py", line 3, in <module>
    from ._netCDF4 import *
  File "src/netCDF4/_netCDF4.pyx", line 1, in init netCDF4._netCDF4
ModuleNotFoundError: No module named 'mpi4py'
#executed by process	0 in 8.39403s	with status	1 : python /home/vdemeyer/TRACKING/KATJA/POSTPROCESSING/EETCs_stat.py 1985 --sim ERA5 --metric ratio
Traceback (most recent call last):
  File "/home/vdemeyer/TRACKING/KATJA/POSTPROCESSING/EETCs_stat.py", line 387, in <module>
    main(iyear, sim, ref, output_file)
  File "/home/vdemeyer/TRACKING/KATJA/POSTPROCESSING/EETCs_stat.py", line 116, in main
    percentile_precip = xr.open_dataset(f'/home/vdemeyer/projects/rrg-gachon/vdemeyer/{sim}/PR_Percentile/pr_{sim.lower()}_percentile_1980-2014_wetdays.nc') ###à changer
                        ^^^^^^^^^^^^^^^^^^^^^^^^^^^^^^^^^^^^^^^^^^^^^^^^^^^^^^^^^^^^^^^^^^^^^^^^^^^^^^^^^^^^^^^^^^^^^^^^^^^^^^^^^^^^^^^^^^^^^^^^^^^^^^^^^^^^
  File "/home/vdemeyer/py3/lib/python3.11/site-packages/xarray/backends/api.py", line 686, in open_dataset
    backend_ds = backend.open_dataset(
                 ^^^^^^^^^^^^^^^^^^^^^
  File "/home/vdemeyer/py3/lib/python3.11/site-packages/xarray/backends/netCDF4_.py", line 666, in open_dataset
    store = NetCDF4DataStore.open(
            ^^^^^^^^^^^^^^^^^^^^^^
  File "/home/vdemeyer/py3/lib/python3.11/site-packages/xarray/backends/netCDF4_.py", line 414, in open
    import netCDF4
  File "/home/vdemeyer/py3/lib/python3.11/site-packages/netCDF4/__init__.py", line 3, in <module>
    from ._netCDF4 import *
  File "src/netCDF4/_netCDF4.pyx", line 1, in init netCDF4._netCDF4
ModuleNotFoundError: No module named 'mpi4py'
#executed by process	0 in 8.31072s	with status	1 : python /home/vdemeyer/TRACKING/KATJA/POSTPROCESSING/EETCs_stat.py 1986 --sim ERA5 --metric ratio
Traceback (most recent call last):
  File "/home/vdemeyer/TRACKING/KATJA/POSTPROCESSING/EETCs_stat.py", line 387, in <module>
    main(iyear, sim, ref, output_file)
  File "/home/vdemeyer/TRACKING/KATJA/POSTPROCESSING/EETCs_stat.py", line 116, in main
    percentile_precip = xr.open_dataset(f'/home/vdemeyer/projects/rrg-gachon/vdemeyer/{sim}/PR_Percentile/pr_{sim.lower()}_percentile_1980-2014_wetdays.nc') ###à changer
                        ^^^^^^^^^^^^^^^^^^^^^^^^^^^^^^^^^^^^^^^^^^^^^^^^^^^^^^^^^^^^^^^^^^^^^^^^^^^^^^^^^^^^^^^^^^^^^^^^^^^^^^^^^^^^^^^^^^^^^^^^^^^^^^^^^^^^
  File "/home/vdemeyer/py3/lib/python3.11/site-packages/xarray/backends/api.py", line 686, in open_dataset
    backend_ds = backend.open_dataset(
                 ^^^^^^^^^^^^^^^^^^^^^
  File "/home/vdemeyer/py3/lib/python3.11/site-packages/xarray/backends/netCDF4_.py", line 666, in open_dataset
    store = NetCDF4DataStore.open(
            ^^^^^^^^^^^^^^^^^^^^^^
  File "/home/vdemeyer/py3/lib/python3.11/site-packages/xarray/backends/netCDF4_.py", line 414, in open
    import netCDF4
  File "/home/vdemeyer/py3/lib/python3.11/site-packages/netCDF4/__init__.py", line 3, in <module>
    from ._netCDF4 import *
  File "src/netCDF4/_netCDF4.pyx", line 1, in init netCDF4._netCDF4
ModuleNotFoundError: No module named 'mpi4py'
#executed by process	0 in 8.24701s	with status	1 : python /home/vdemeyer/TRACKING/KATJA/POSTPROCESSING/EETCs_stat.py 1987 --sim ERA5 --metric ratio
Traceback (most recent call last):
  File "/home/vdemeyer/TRACKING/KATJA/POSTPROCESSING/EETCs_stat.py", line 387, in <module>
    main(iyear, sim, ref, output_file)
  File "/home/vdemeyer/TRACKING/KATJA/POSTPROCESSING/EETCs_stat.py", line 116, in main
    percentile_precip = xr.open_dataset(f'/home/vdemeyer/projects/rrg-gachon/vdemeyer/{sim}/PR_Percentile/pr_{sim.lower()}_percentile_1980-2014_wetdays.nc') ###à changer
                        ^^^^^^^^^^^^^^^^^^^^^^^^^^^^^^^^^^^^^^^^^^^^^^^^^^^^^^^^^^^^^^^^^^^^^^^^^^^^^^^^^^^^^^^^^^^^^^^^^^^^^^^^^^^^^^^^^^^^^^^^^^^^^^^^^^^^
  File "/home/vdemeyer/py3/lib/python3.11/site-packages/xarray/backends/api.py", line 686, in open_dataset
    backend_ds = backend.open_dataset(
                 ^^^^^^^^^^^^^^^^^^^^^
  File "/home/vdemeyer/py3/lib/python3.11/site-packages/xarray/backends/netCDF4_.py", line 666, in open_dataset
    store = NetCDF4DataStore.open(
            ^^^^^^^^^^^^^^^^^^^^^^
  File "/home/vdemeyer/py3/lib/python3.11/site-packages/xarray/backends/netCDF4_.py", line 414, in open
    import netCDF4
  File "/home/vdemeyer/py3/lib/python3.11/site-packages/netCDF4/__init__.py", line 3, in <module>
    from ._netCDF4 import *
  File "src/netCDF4/_netCDF4.pyx", line 1, in init netCDF4._netCDF4
ModuleNotFoundError: No module named 'mpi4py'
#executed by process	0 in 8.20742s	with status	1 : python /home/vdemeyer/TRACKING/KATJA/POSTPROCESSING/EETCs_stat.py 1988 --sim ERA5 --metric ratio
Traceback (most recent call last):
  File "/home/vdemeyer/TRACKING/KATJA/POSTPROCESSING/EETCs_stat.py", line 387, in <module>
    main(iyear, sim, ref, output_file)
  File "/home/vdemeyer/TRACKING/KATJA/POSTPROCESSING/EETCs_stat.py", line 116, in main
    percentile_precip = xr.open_dataset(f'/home/vdemeyer/projects/rrg-gachon/vdemeyer/{sim}/PR_Percentile/pr_{sim.lower()}_percentile_1980-2014_wetdays.nc') ###à changer
                        ^^^^^^^^^^^^^^^^^^^^^^^^^^^^^^^^^^^^^^^^^^^^^^^^^^^^^^^^^^^^^^^^^^^^^^^^^^^^^^^^^^^^^^^^^^^^^^^^^^^^^^^^^^^^^^^^^^^^^^^^^^^^^^^^^^^^
  File "/home/vdemeyer/py3/lib/python3.11/site-packages/xarray/backends/api.py", line 686, in open_dataset
    backend_ds = backend.open_dataset(
                 ^^^^^^^^^^^^^^^^^^^^^
  File "/home/vdemeyer/py3/lib/python3.11/site-packages/xarray/backends/netCDF4_.py", line 666, in open_dataset
    store = NetCDF4DataStore.open(
            ^^^^^^^^^^^^^^^^^^^^^^
  File "/home/vdemeyer/py3/lib/python3.11/site-packages/xarray/backends/netCDF4_.py", line 414, in open
    import netCDF4
  File "/home/vdemeyer/py3/lib/python3.11/site-packages/netCDF4/__init__.py", line 3, in <module>
    from ._netCDF4 import *
  File "src/netCDF4/_netCDF4.pyx", line 1, in init netCDF4._netCDF4
ModuleNotFoundError: No module named 'mpi4py'
#executed by process	0 in 8.23971s	with status	1 : python /home/vdemeyer/TRACKING/KATJA/POSTPROCESSING/EETCs_stat.py 1989 --sim ERA5 --metric ratio
Traceback (most recent call last):
  File "/home/vdemeyer/TRACKING/KATJA/POSTPROCESSING/EETCs_stat.py", line 387, in <module>
    main(iyear, sim, ref, output_file)
  File "/home/vdemeyer/TRACKING/KATJA/POSTPROCESSING/EETCs_stat.py", line 116, in main
    percentile_precip = xr.open_dataset(f'/home/vdemeyer/projects/rrg-gachon/vdemeyer/{sim}/PR_Percentile/pr_{sim.lower()}_percentile_1980-2014_wetdays.nc') ###à changer
                        ^^^^^^^^^^^^^^^^^^^^^^^^^^^^^^^^^^^^^^^^^^^^^^^^^^^^^^^^^^^^^^^^^^^^^^^^^^^^^^^^^^^^^^^^^^^^^^^^^^^^^^^^^^^^^^^^^^^^^^^^^^^^^^^^^^^^
  File "/home/vdemeyer/py3/lib/python3.11/site-packages/xarray/backends/api.py", line 686, in open_dataset
    backend_ds = backend.open_dataset(
                 ^^^^^^^^^^^^^^^^^^^^^
  File "/home/vdemeyer/py3/lib/python3.11/site-packages/xarray/backends/netCDF4_.py", line 666, in open_dataset
    store = NetCDF4DataStore.open(
            ^^^^^^^^^^^^^^^^^^^^^^
  File "/home/vdemeyer/py3/lib/python3.11/site-packages/xarray/backends/netCDF4_.py", line 414, in open
    import netCDF4
  File "/home/vdemeyer/py3/lib/python3.11/site-packages/netCDF4/__init__.py", line 3, in <module>
    from ._netCDF4 import *
  File "src/netCDF4/_netCDF4.pyx", line 1, in init netCDF4._netCDF4
ModuleNotFoundError: No module named 'mpi4py'
#executed by process	0 in 8.36502s	with status	1 : python /home/vdemeyer/TRACKING/KATJA/POSTPROCESSING/EETCs_stat.py 1990 --sim ERA5 --metric ratio
Traceback (most recent call last):
  File "/home/vdemeyer/TRACKING/KATJA/POSTPROCESSING/EETCs_stat.py", line 387, in <module>
    main(iyear, sim, ref, output_file)
  File "/home/vdemeyer/TRACKING/KATJA/POSTPROCESSING/EETCs_stat.py", line 116, in main
    percentile_precip = xr.open_dataset(f'/home/vdemeyer/projects/rrg-gachon/vdemeyer/{sim}/PR_Percentile/pr_{sim.lower()}_percentile_1980-2014_wetdays.nc') ###à changer
                        ^^^^^^^^^^^^^^^^^^^^^^^^^^^^^^^^^^^^^^^^^^^^^^^^^^^^^^^^^^^^^^^^^^^^^^^^^^^^^^^^^^^^^^^^^^^^^^^^^^^^^^^^^^^^^^^^^^^^^^^^^^^^^^^^^^^^
  File "/home/vdemeyer/py3/lib/python3.11/site-packages/xarray/backends/api.py", line 686, in open_dataset
    backend_ds = backend.open_dataset(
                 ^^^^^^^^^^^^^^^^^^^^^
  File "/home/vdemeyer/py3/lib/python3.11/site-packages/xarray/backends/netCDF4_.py", line 666, in open_dataset
    store = NetCDF4DataStore.open(
            ^^^^^^^^^^^^^^^^^^^^^^
  File "/home/vdemeyer/py3/lib/python3.11/site-packages/xarray/backends/netCDF4_.py", line 414, in open
    import netCDF4
  File "/home/vdemeyer/py3/lib/python3.11/site-packages/netCDF4/__init__.py", line 3, in <module>
    from ._netCDF4 import *
  File "src/netCDF4/_netCDF4.pyx", line 1, in init netCDF4._netCDF4
ModuleNotFoundError: No module named 'mpi4py'
#executed by process	0 in 8.18805s	with status	1 : python /home/vdemeyer/TRACKING/KATJA/POSTPROCESSING/EETCs_stat.py 1991 --sim ERA5 --metric ratio
Traceback (most recent call last):
  File "/home/vdemeyer/TRACKING/KATJA/POSTPROCESSING/EETCs_stat.py", line 387, in <module>
    main(iyear, sim, ref, output_file)
  File "/home/vdemeyer/TRACKING/KATJA/POSTPROCESSING/EETCs_stat.py", line 116, in main
    percentile_precip = xr.open_dataset(f'/home/vdemeyer/projects/rrg-gachon/vdemeyer/{sim}/PR_Percentile/pr_{sim.lower()}_percentile_1980-2014_wetdays.nc') ###à changer
                        ^^^^^^^^^^^^^^^^^^^^^^^^^^^^^^^^^^^^^^^^^^^^^^^^^^^^^^^^^^^^^^^^^^^^^^^^^^^^^^^^^^^^^^^^^^^^^^^^^^^^^^^^^^^^^^^^^^^^^^^^^^^^^^^^^^^^
  File "/home/vdemeyer/py3/lib/python3.11/site-packages/xarray/backends/api.py", line 686, in open_dataset
    backend_ds = backend.open_dataset(
                 ^^^^^^^^^^^^^^^^^^^^^
  File "/home/vdemeyer/py3/lib/python3.11/site-packages/xarray/backends/netCDF4_.py", line 666, in open_dataset
    store = NetCDF4DataStore.open(
            ^^^^^^^^^^^^^^^^^^^^^^
  File "/home/vdemeyer/py3/lib/python3.11/site-packages/xarray/backends/netCDF4_.py", line 414, in open
    import netCDF4
  File "/home/vdemeyer/py3/lib/python3.11/site-packages/netCDF4/__init__.py", line 3, in <module>
    from ._netCDF4 import *
  File "src/netCDF4/_netCDF4.pyx", line 1, in init netCDF4._netCDF4
ModuleNotFoundError: No module named 'mpi4py'
#executed by process	0 in 8.2438s	with status	1 : python /home/vdemeyer/TRACKING/KATJA/POSTPROCESSING/EETCs_stat.py 1992 --sim ERA5 --metric ratio
Traceback (most recent call last):
  File "/home/vdemeyer/TRACKING/KATJA/POSTPROCESSING/EETCs_stat.py", line 387, in <module>
    main(iyear, sim, ref, output_file)
  File "/home/vdemeyer/TRACKING/KATJA/POSTPROCESSING/EETCs_stat.py", line 116, in main
    percentile_precip = xr.open_dataset(f'/home/vdemeyer/projects/rrg-gachon/vdemeyer/{sim}/PR_Percentile/pr_{sim.lower()}_percentile_1980-2014_wetdays.nc') ###à changer
                        ^^^^^^^^^^^^^^^^^^^^^^^^^^^^^^^^^^^^^^^^^^^^^^^^^^^^^^^^^^^^^^^^^^^^^^^^^^^^^^^^^^^^^^^^^^^^^^^^^^^^^^^^^^^^^^^^^^^^^^^^^^^^^^^^^^^^
  File "/home/vdemeyer/py3/lib/python3.11/site-packages/xarray/backends/api.py", line 686, in open_dataset
    backend_ds = backend.open_dataset(
                 ^^^^^^^^^^^^^^^^^^^^^
  File "/home/vdemeyer/py3/lib/python3.11/site-packages/xarray/backends/netCDF4_.py", line 666, in open_dataset
    store = NetCDF4DataStore.open(
            ^^^^^^^^^^^^^^^^^^^^^^
  File "/home/vdemeyer/py3/lib/python3.11/site-packages/xarray/backends/netCDF4_.py", line 414, in open
    import netCDF4
  File "/home/vdemeyer/py3/lib/python3.11/site-packages/netCDF4/__init__.py", line 3, in <module>
    from ._netCDF4 import *
  File "src/netCDF4/_netCDF4.pyx", line 1, in init netCDF4._netCDF4
ModuleNotFoundError: No module named 'mpi4py'
#executed by process	0 in 8.27936s	with status	1 : python /home/vdemeyer/TRACKING/KATJA/POSTPROCESSING/EETCs_stat.py 1993 --sim ERA5 --metric ratio
Traceback (most recent call last):
  File "/home/vdemeyer/TRACKING/KATJA/POSTPROCESSING/EETCs_stat.py", line 387, in <module>
    main(iyear, sim, ref, output_file)
  File "/home/vdemeyer/TRACKING/KATJA/POSTPROCESSING/EETCs_stat.py", line 116, in main
    percentile_precip = xr.open_dataset(f'/home/vdemeyer/projects/rrg-gachon/vdemeyer/{sim}/PR_Percentile/pr_{sim.lower()}_percentile_1980-2014_wetdays.nc') ###à changer
                        ^^^^^^^^^^^^^^^^^^^^^^^^^^^^^^^^^^^^^^^^^^^^^^^^^^^^^^^^^^^^^^^^^^^^^^^^^^^^^^^^^^^^^^^^^^^^^^^^^^^^^^^^^^^^^^^^^^^^^^^^^^^^^^^^^^^^
  File "/home/vdemeyer/py3/lib/python3.11/site-packages/xarray/backends/api.py", line 686, in open_dataset
    backend_ds = backend.open_dataset(
                 ^^^^^^^^^^^^^^^^^^^^^
  File "/home/vdemeyer/py3/lib/python3.11/site-packages/xarray/backends/netCDF4_.py", line 666, in open_dataset
    store = NetCDF4DataStore.open(
            ^^^^^^^^^^^^^^^^^^^^^^
  File "/home/vdemeyer/py3/lib/python3.11/site-packages/xarray/backends/netCDF4_.py", line 414, in open
    import netCDF4
  File "/home/vdemeyer/py3/lib/python3.11/site-packages/netCDF4/__init__.py", line 3, in <module>
    from ._netCDF4 import *
  File "src/netCDF4/_netCDF4.pyx", line 1, in init netCDF4._netCDF4
ModuleNotFoundError: No module named 'mpi4py'
#executed by process	0 in 8.31581s	with status	1 : python /home/vdemeyer/TRACKING/KATJA/POSTPROCESSING/EETCs_stat.py 1994 --sim ERA5 --metric ratio
Traceback (most recent call last):
  File "/home/vdemeyer/TRACKING/KATJA/POSTPROCESSING/EETCs_stat.py", line 387, in <module>
    main(iyear, sim, ref, output_file)
  File "/home/vdemeyer/TRACKING/KATJA/POSTPROCESSING/EETCs_stat.py", line 116, in main
    percentile_precip = xr.open_dataset(f'/home/vdemeyer/projects/rrg-gachon/vdemeyer/{sim}/PR_Percentile/pr_{sim.lower()}_percentile_1980-2014_wetdays.nc') ###à changer
                        ^^^^^^^^^^^^^^^^^^^^^^^^^^^^^^^^^^^^^^^^^^^^^^^^^^^^^^^^^^^^^^^^^^^^^^^^^^^^^^^^^^^^^^^^^^^^^^^^^^^^^^^^^^^^^^^^^^^^^^^^^^^^^^^^^^^^
  File "/home/vdemeyer/py3/lib/python3.11/site-packages/xarray/backends/api.py", line 686, in open_dataset
    backend_ds = backend.open_dataset(
                 ^^^^^^^^^^^^^^^^^^^^^
  File "/home/vdemeyer/py3/lib/python3.11/site-packages/xarray/backends/netCDF4_.py", line 666, in open_dataset
    store = NetCDF4DataStore.open(
            ^^^^^^^^^^^^^^^^^^^^^^
  File "/home/vdemeyer/py3/lib/python3.11/site-packages/xarray/backends/netCDF4_.py", line 414, in open
    import netCDF4
  File "/home/vdemeyer/py3/lib/python3.11/site-packages/netCDF4/__init__.py", line 3, in <module>
    from ._netCDF4 import *
  File "src/netCDF4/_netCDF4.pyx", line 1, in init netCDF4._netCDF4
ModuleNotFoundError: No module named 'mpi4py'
#executed by process	0 in 8.34919s	with status	1 : python /home/vdemeyer/TRACKING/KATJA/POSTPROCESSING/EETCs_stat.py 1995 --sim ERA5 --metric ratio
Traceback (most recent call last):
  File "/home/vdemeyer/TRACKING/KATJA/POSTPROCESSING/EETCs_stat.py", line 387, in <module>
    main(iyear, sim, ref, output_file)
  File "/home/vdemeyer/TRACKING/KATJA/POSTPROCESSING/EETCs_stat.py", line 116, in main
    percentile_precip = xr.open_dataset(f'/home/vdemeyer/projects/rrg-gachon/vdemeyer/{sim}/PR_Percentile/pr_{sim.lower()}_percentile_1980-2014_wetdays.nc') ###à changer
                        ^^^^^^^^^^^^^^^^^^^^^^^^^^^^^^^^^^^^^^^^^^^^^^^^^^^^^^^^^^^^^^^^^^^^^^^^^^^^^^^^^^^^^^^^^^^^^^^^^^^^^^^^^^^^^^^^^^^^^^^^^^^^^^^^^^^^
  File "/home/vdemeyer/py3/lib/python3.11/site-packages/xarray/backends/api.py", line 686, in open_dataset
    backend_ds = backend.open_dataset(
                 ^^^^^^^^^^^^^^^^^^^^^
  File "/home/vdemeyer/py3/lib/python3.11/site-packages/xarray/backends/netCDF4_.py", line 666, in open_dataset
    store = NetCDF4DataStore.open(
            ^^^^^^^^^^^^^^^^^^^^^^
  File "/home/vdemeyer/py3/lib/python3.11/site-packages/xarray/backends/netCDF4_.py", line 414, in open
    import netCDF4
  File "/home/vdemeyer/py3/lib/python3.11/site-packages/netCDF4/__init__.py", line 3, in <module>
    from ._netCDF4 import *
  File "src/netCDF4/_netCDF4.pyx", line 1, in init netCDF4._netCDF4
ModuleNotFoundError: No module named 'mpi4py'
#executed by process	0 in 8.24269s	with status	1 : python /home/vdemeyer/TRACKING/KATJA/POSTPROCESSING/EETCs_stat.py 1996 --sim ERA5 --metric ratio
Traceback (most recent call last):
  File "/home/vdemeyer/TRACKING/KATJA/POSTPROCESSING/EETCs_stat.py", line 387, in <module>
    main(iyear, sim, ref, output_file)
  File "/home/vdemeyer/TRACKING/KATJA/POSTPROCESSING/EETCs_stat.py", line 116, in main
    percentile_precip = xr.open_dataset(f'/home/vdemeyer/projects/rrg-gachon/vdemeyer/{sim}/PR_Percentile/pr_{sim.lower()}_percentile_1980-2014_wetdays.nc') ###à changer
                        ^^^^^^^^^^^^^^^^^^^^^^^^^^^^^^^^^^^^^^^^^^^^^^^^^^^^^^^^^^^^^^^^^^^^^^^^^^^^^^^^^^^^^^^^^^^^^^^^^^^^^^^^^^^^^^^^^^^^^^^^^^^^^^^^^^^^
  File "/home/vdemeyer/py3/lib/python3.11/site-packages/xarray/backends/api.py", line 686, in open_dataset
    backend_ds = backend.open_dataset(
                 ^^^^^^^^^^^^^^^^^^^^^
  File "/home/vdemeyer/py3/lib/python3.11/site-packages/xarray/backends/netCDF4_.py", line 666, in open_dataset
    store = NetCDF4DataStore.open(
            ^^^^^^^^^^^^^^^^^^^^^^
  File "/home/vdemeyer/py3/lib/python3.11/site-packages/xarray/backends/netCDF4_.py", line 414, in open
    import netCDF4
  File "/home/vdemeyer/py3/lib/python3.11/site-packages/netCDF4/__init__.py", line 3, in <module>
    from ._netCDF4 import *
  File "src/netCDF4/_netCDF4.pyx", line 1, in init netCDF4._netCDF4
ModuleNotFoundError: No module named 'mpi4py'
#executed by process	0 in 8.25834s	with status	1 : python /home/vdemeyer/TRACKING/KATJA/POSTPROCESSING/EETCs_stat.py 1997 --sim ERA5 --metric ratio
Traceback (most recent call last):
  File "/home/vdemeyer/TRACKING/KATJA/POSTPROCESSING/EETCs_stat.py", line 387, in <module>
    main(iyear, sim, ref, output_file)
  File "/home/vdemeyer/TRACKING/KATJA/POSTPROCESSING/EETCs_stat.py", line 116, in main
    percentile_precip = xr.open_dataset(f'/home/vdemeyer/projects/rrg-gachon/vdemeyer/{sim}/PR_Percentile/pr_{sim.lower()}_percentile_1980-2014_wetdays.nc') ###à changer
                        ^^^^^^^^^^^^^^^^^^^^^^^^^^^^^^^^^^^^^^^^^^^^^^^^^^^^^^^^^^^^^^^^^^^^^^^^^^^^^^^^^^^^^^^^^^^^^^^^^^^^^^^^^^^^^^^^^^^^^^^^^^^^^^^^^^^^
  File "/home/vdemeyer/py3/lib/python3.11/site-packages/xarray/backends/api.py", line 686, in open_dataset
    backend_ds = backend.open_dataset(
                 ^^^^^^^^^^^^^^^^^^^^^
  File "/home/vdemeyer/py3/lib/python3.11/site-packages/xarray/backends/netCDF4_.py", line 666, in open_dataset
    store = NetCDF4DataStore.open(
            ^^^^^^^^^^^^^^^^^^^^^^
  File "/home/vdemeyer/py3/lib/python3.11/site-packages/xarray/backends/netCDF4_.py", line 414, in open
    import netCDF4
  File "/home/vdemeyer/py3/lib/python3.11/site-packages/netCDF4/__init__.py", line 3, in <module>
    from ._netCDF4 import *
  File "src/netCDF4/_netCDF4.pyx", line 1, in init netCDF4._netCDF4
ModuleNotFoundError: No module named 'mpi4py'
#executed by process	0 in 8.28852s	with status	1 : python /home/vdemeyer/TRACKING/KATJA/POSTPROCESSING/EETCs_stat.py 1998 --sim ERA5 --metric ratio
Traceback (most recent call last):
  File "/home/vdemeyer/TRACKING/KATJA/POSTPROCESSING/EETCs_stat.py", line 387, in <module>
    main(iyear, sim, ref, output_file)
  File "/home/vdemeyer/TRACKING/KATJA/POSTPROCESSING/EETCs_stat.py", line 116, in main
    percentile_precip = xr.open_dataset(f'/home/vdemeyer/projects/rrg-gachon/vdemeyer/{sim}/PR_Percentile/pr_{sim.lower()}_percentile_1980-2014_wetdays.nc') ###à changer
                        ^^^^^^^^^^^^^^^^^^^^^^^^^^^^^^^^^^^^^^^^^^^^^^^^^^^^^^^^^^^^^^^^^^^^^^^^^^^^^^^^^^^^^^^^^^^^^^^^^^^^^^^^^^^^^^^^^^^^^^^^^^^^^^^^^^^^
  File "/home/vdemeyer/py3/lib/python3.11/site-packages/xarray/backends/api.py", line 686, in open_dataset
    backend_ds = backend.open_dataset(
                 ^^^^^^^^^^^^^^^^^^^^^
  File "/home/vdemeyer/py3/lib/python3.11/site-packages/xarray/backends/netCDF4_.py", line 666, in open_dataset
    store = NetCDF4DataStore.open(
            ^^^^^^^^^^^^^^^^^^^^^^
  File "/home/vdemeyer/py3/lib/python3.11/site-packages/xarray/backends/netCDF4_.py", line 414, in open
    import netCDF4
  File "/home/vdemeyer/py3/lib/python3.11/site-packages/netCDF4/__init__.py", line 3, in <module>
    from ._netCDF4 import *
  File "src/netCDF4/_netCDF4.pyx", line 1, in init netCDF4._netCDF4
ModuleNotFoundError: No module named 'mpi4py'
#executed by process	0 in 8.21096s	with status	1 : python /home/vdemeyer/TRACKING/KATJA/POSTPROCESSING/EETCs_stat.py 1999 --sim ERA5 --metric ratio
Traceback (most recent call last):
  File "/home/vdemeyer/TRACKING/KATJA/POSTPROCESSING/EETCs_stat.py", line 387, in <module>
    main(iyear, sim, ref, output_file)
  File "/home/vdemeyer/TRACKING/KATJA/POSTPROCESSING/EETCs_stat.py", line 116, in main
    percentile_precip = xr.open_dataset(f'/home/vdemeyer/projects/rrg-gachon/vdemeyer/{sim}/PR_Percentile/pr_{sim.lower()}_percentile_1980-2014_wetdays.nc') ###à changer
                        ^^^^^^^^^^^^^^^^^^^^^^^^^^^^^^^^^^^^^^^^^^^^^^^^^^^^^^^^^^^^^^^^^^^^^^^^^^^^^^^^^^^^^^^^^^^^^^^^^^^^^^^^^^^^^^^^^^^^^^^^^^^^^^^^^^^^
  File "/home/vdemeyer/py3/lib/python3.11/site-packages/xarray/backends/api.py", line 686, in open_dataset
    backend_ds = backend.open_dataset(
                 ^^^^^^^^^^^^^^^^^^^^^
  File "/home/vdemeyer/py3/lib/python3.11/site-packages/xarray/backends/netCDF4_.py", line 666, in open_dataset
    store = NetCDF4DataStore.open(
            ^^^^^^^^^^^^^^^^^^^^^^
  File "/home/vdemeyer/py3/lib/python3.11/site-packages/xarray/backends/netCDF4_.py", line 414, in open
    import netCDF4
  File "/home/vdemeyer/py3/lib/python3.11/site-packages/netCDF4/__init__.py", line 3, in <module>
    from ._netCDF4 import *
  File "src/netCDF4/_netCDF4.pyx", line 1, in init netCDF4._netCDF4
ModuleNotFoundError: No module named 'mpi4py'
#executed by process	0 in 8.33467s	with status	1 : python /home/vdemeyer/TRACKING/KATJA/POSTPROCESSING/EETCs_stat.py 2000 --sim ERA5 --metric ratio
Traceback (most recent call last):
  File "/home/vdemeyer/TRACKING/KATJA/POSTPROCESSING/EETCs_stat.py", line 387, in <module>
    main(iyear, sim, ref, output_file)
  File "/home/vdemeyer/TRACKING/KATJA/POSTPROCESSING/EETCs_stat.py", line 116, in main
    percentile_precip = xr.open_dataset(f'/home/vdemeyer/projects/rrg-gachon/vdemeyer/{sim}/PR_Percentile/pr_{sim.lower()}_percentile_1980-2014_wetdays.nc') ###à changer
                        ^^^^^^^^^^^^^^^^^^^^^^^^^^^^^^^^^^^^^^^^^^^^^^^^^^^^^^^^^^^^^^^^^^^^^^^^^^^^^^^^^^^^^^^^^^^^^^^^^^^^^^^^^^^^^^^^^^^^^^^^^^^^^^^^^^^^
  File "/home/vdemeyer/py3/lib/python3.11/site-packages/xarray/backends/api.py", line 686, in open_dataset
    backend_ds = backend.open_dataset(
                 ^^^^^^^^^^^^^^^^^^^^^
  File "/home/vdemeyer/py3/lib/python3.11/site-packages/xarray/backends/netCDF4_.py", line 666, in open_dataset
    store = NetCDF4DataStore.open(
            ^^^^^^^^^^^^^^^^^^^^^^
  File "/home/vdemeyer/py3/lib/python3.11/site-packages/xarray/backends/netCDF4_.py", line 414, in open
    import netCDF4
  File "/home/vdemeyer/py3/lib/python3.11/site-packages/netCDF4/__init__.py", line 3, in <module>
    from ._netCDF4 import *
  File "src/netCDF4/_netCDF4.pyx", line 1, in init netCDF4._netCDF4
ModuleNotFoundError: No module named 'mpi4py'
#executed by process	0 in 8.31975s	with status	1 : python /home/vdemeyer/TRACKING/KATJA/POSTPROCESSING/EETCs_stat.py 2001 --sim ERA5 --metric ratio
Traceback (most recent call last):
  File "/home/vdemeyer/TRACKING/KATJA/POSTPROCESSING/EETCs_stat.py", line 387, in <module>
    main(iyear, sim, ref, output_file)
  File "/home/vdemeyer/TRACKING/KATJA/POSTPROCESSING/EETCs_stat.py", line 116, in main
    percentile_precip = xr.open_dataset(f'/home/vdemeyer/projects/rrg-gachon/vdemeyer/{sim}/PR_Percentile/pr_{sim.lower()}_percentile_1980-2014_wetdays.nc') ###à changer
                        ^^^^^^^^^^^^^^^^^^^^^^^^^^^^^^^^^^^^^^^^^^^^^^^^^^^^^^^^^^^^^^^^^^^^^^^^^^^^^^^^^^^^^^^^^^^^^^^^^^^^^^^^^^^^^^^^^^^^^^^^^^^^^^^^^^^^
  File "/home/vdemeyer/py3/lib/python3.11/site-packages/xarray/backends/api.py", line 686, in open_dataset
    backend_ds = backend.open_dataset(
                 ^^^^^^^^^^^^^^^^^^^^^
  File "/home/vdemeyer/py3/lib/python3.11/site-packages/xarray/backends/netCDF4_.py", line 666, in open_dataset
    store = NetCDF4DataStore.open(
            ^^^^^^^^^^^^^^^^^^^^^^
  File "/home/vdemeyer/py3/lib/python3.11/site-packages/xarray/backends/netCDF4_.py", line 414, in open
    import netCDF4
  File "/home/vdemeyer/py3/lib/python3.11/site-packages/netCDF4/__init__.py", line 3, in <module>
    from ._netCDF4 import *
  File "src/netCDF4/_netCDF4.pyx", line 1, in init netCDF4._netCDF4
ModuleNotFoundError: No module named 'mpi4py'
#executed by process	0 in 8.51584s	with status	1 : python /home/vdemeyer/TRACKING/KATJA/POSTPROCESSING/EETCs_stat.py 2002 --sim ERA5 --metric ratio
Traceback (most recent call last):
  File "/home/vdemeyer/TRACKING/KATJA/POSTPROCESSING/EETCs_stat.py", line 387, in <module>
    main(iyear, sim, ref, output_file)
  File "/home/vdemeyer/TRACKING/KATJA/POSTPROCESSING/EETCs_stat.py", line 116, in main
    percentile_precip = xr.open_dataset(f'/home/vdemeyer/projects/rrg-gachon/vdemeyer/{sim}/PR_Percentile/pr_{sim.lower()}_percentile_1980-2014_wetdays.nc') ###à changer
                        ^^^^^^^^^^^^^^^^^^^^^^^^^^^^^^^^^^^^^^^^^^^^^^^^^^^^^^^^^^^^^^^^^^^^^^^^^^^^^^^^^^^^^^^^^^^^^^^^^^^^^^^^^^^^^^^^^^^^^^^^^^^^^^^^^^^^
  File "/home/vdemeyer/py3/lib/python3.11/site-packages/xarray/backends/api.py", line 686, in open_dataset
    backend_ds = backend.open_dataset(
                 ^^^^^^^^^^^^^^^^^^^^^
  File "/home/vdemeyer/py3/lib/python3.11/site-packages/xarray/backends/netCDF4_.py", line 666, in open_dataset
    store = NetCDF4DataStore.open(
            ^^^^^^^^^^^^^^^^^^^^^^
  File "/home/vdemeyer/py3/lib/python3.11/site-packages/xarray/backends/netCDF4_.py", line 414, in open
    import netCDF4
  File "/home/vdemeyer/py3/lib/python3.11/site-packages/netCDF4/__init__.py", line 3, in <module>
    from ._netCDF4 import *
  File "src/netCDF4/_netCDF4.pyx", line 1, in init netCDF4._netCDF4
ModuleNotFoundError: No module named 'mpi4py'
#executed by process	0 in 8.3991s	with status	1 : python /home/vdemeyer/TRACKING/KATJA/POSTPROCESSING/EETCs_stat.py 2003 --sim ERA5 --metric ratio
Traceback (most recent call last):
  File "/home/vdemeyer/TRACKING/KATJA/POSTPROCESSING/EETCs_stat.py", line 387, in <module>
    main(iyear, sim, ref, output_file)
  File "/home/vdemeyer/TRACKING/KATJA/POSTPROCESSING/EETCs_stat.py", line 116, in main
    percentile_precip = xr.open_dataset(f'/home/vdemeyer/projects/rrg-gachon/vdemeyer/{sim}/PR_Percentile/pr_{sim.lower()}_percentile_1980-2014_wetdays.nc') ###à changer
                        ^^^^^^^^^^^^^^^^^^^^^^^^^^^^^^^^^^^^^^^^^^^^^^^^^^^^^^^^^^^^^^^^^^^^^^^^^^^^^^^^^^^^^^^^^^^^^^^^^^^^^^^^^^^^^^^^^^^^^^^^^^^^^^^^^^^^
  File "/home/vdemeyer/py3/lib/python3.11/site-packages/xarray/backends/api.py", line 686, in open_dataset
    backend_ds = backend.open_dataset(
                 ^^^^^^^^^^^^^^^^^^^^^
  File "/home/vdemeyer/py3/lib/python3.11/site-packages/xarray/backends/netCDF4_.py", line 666, in open_dataset
    store = NetCDF4DataStore.open(
            ^^^^^^^^^^^^^^^^^^^^^^
  File "/home/vdemeyer/py3/lib/python3.11/site-packages/xarray/backends/netCDF4_.py", line 414, in open
    import netCDF4
  File "/home/vdemeyer/py3/lib/python3.11/site-packages/netCDF4/__init__.py", line 3, in <module>
    from ._netCDF4 import *
  File "src/netCDF4/_netCDF4.pyx", line 1, in init netCDF4._netCDF4
ModuleNotFoundError: No module named 'mpi4py'
#executed by process	0 in 8.35303s	with status	1 : python /home/vdemeyer/TRACKING/KATJA/POSTPROCESSING/EETCs_stat.py 2004 --sim ERA5 --metric ratio
Traceback (most recent call last):
  File "/home/vdemeyer/TRACKING/KATJA/POSTPROCESSING/EETCs_stat.py", line 387, in <module>
    main(iyear, sim, ref, output_file)
  File "/home/vdemeyer/TRACKING/KATJA/POSTPROCESSING/EETCs_stat.py", line 116, in main
    percentile_precip = xr.open_dataset(f'/home/vdemeyer/projects/rrg-gachon/vdemeyer/{sim}/PR_Percentile/pr_{sim.lower()}_percentile_1980-2014_wetdays.nc') ###à changer
                        ^^^^^^^^^^^^^^^^^^^^^^^^^^^^^^^^^^^^^^^^^^^^^^^^^^^^^^^^^^^^^^^^^^^^^^^^^^^^^^^^^^^^^^^^^^^^^^^^^^^^^^^^^^^^^^^^^^^^^^^^^^^^^^^^^^^^
  File "/home/vdemeyer/py3/lib/python3.11/site-packages/xarray/backends/api.py", line 686, in open_dataset
    backend_ds = backend.open_dataset(
                 ^^^^^^^^^^^^^^^^^^^^^
  File "/home/vdemeyer/py3/lib/python3.11/site-packages/xarray/backends/netCDF4_.py", line 666, in open_dataset
    store = NetCDF4DataStore.open(
            ^^^^^^^^^^^^^^^^^^^^^^
  File "/home/vdemeyer/py3/lib/python3.11/site-packages/xarray/backends/netCDF4_.py", line 414, in open
    import netCDF4
  File "/home/vdemeyer/py3/lib/python3.11/site-packages/netCDF4/__init__.py", line 3, in <module>
    from ._netCDF4 import *
  File "src/netCDF4/_netCDF4.pyx", line 1, in init netCDF4._netCDF4
ModuleNotFoundError: No module named 'mpi4py'
#executed by process	0 in 8.2415s	with status	1 : python /home/vdemeyer/TRACKING/KATJA/POSTPROCESSING/EETCs_stat.py 2005 --sim ERA5 --metric ratio
Traceback (most recent call last):
  File "/home/vdemeyer/TRACKING/KATJA/POSTPROCESSING/EETCs_stat.py", line 387, in <module>
    main(iyear, sim, ref, output_file)
  File "/home/vdemeyer/TRACKING/KATJA/POSTPROCESSING/EETCs_stat.py", line 116, in main
    percentile_precip = xr.open_dataset(f'/home/vdemeyer/projects/rrg-gachon/vdemeyer/{sim}/PR_Percentile/pr_{sim.lower()}_percentile_1980-2014_wetdays.nc') ###à changer
                        ^^^^^^^^^^^^^^^^^^^^^^^^^^^^^^^^^^^^^^^^^^^^^^^^^^^^^^^^^^^^^^^^^^^^^^^^^^^^^^^^^^^^^^^^^^^^^^^^^^^^^^^^^^^^^^^^^^^^^^^^^^^^^^^^^^^^
  File "/home/vdemeyer/py3/lib/python3.11/site-packages/xarray/backends/api.py", line 686, in open_dataset
    backend_ds = backend.open_dataset(
                 ^^^^^^^^^^^^^^^^^^^^^
  File "/home/vdemeyer/py3/lib/python3.11/site-packages/xarray/backends/netCDF4_.py", line 666, in open_dataset
    store = NetCDF4DataStore.open(
            ^^^^^^^^^^^^^^^^^^^^^^
  File "/home/vdemeyer/py3/lib/python3.11/site-packages/xarray/backends/netCDF4_.py", line 414, in open
    import netCDF4
  File "/home/vdemeyer/py3/lib/python3.11/site-packages/netCDF4/__init__.py", line 3, in <module>
    from ._netCDF4 import *
  File "src/netCDF4/_netCDF4.pyx", line 1, in init netCDF4._netCDF4
ModuleNotFoundError: No module named 'mpi4py'
#executed by process	0 in 8.24498s	with status	1 : python /home/vdemeyer/TRACKING/KATJA/POSTPROCESSING/EETCs_stat.py 2006 --sim ERA5 --metric ratio
Traceback (most recent call last):
  File "/home/vdemeyer/TRACKING/KATJA/POSTPROCESSING/EETCs_stat.py", line 387, in <module>
    main(iyear, sim, ref, output_file)
  File "/home/vdemeyer/TRACKING/KATJA/POSTPROCESSING/EETCs_stat.py", line 116, in main
    percentile_precip = xr.open_dataset(f'/home/vdemeyer/projects/rrg-gachon/vdemeyer/{sim}/PR_Percentile/pr_{sim.lower()}_percentile_1980-2014_wetdays.nc') ###à changer
                        ^^^^^^^^^^^^^^^^^^^^^^^^^^^^^^^^^^^^^^^^^^^^^^^^^^^^^^^^^^^^^^^^^^^^^^^^^^^^^^^^^^^^^^^^^^^^^^^^^^^^^^^^^^^^^^^^^^^^^^^^^^^^^^^^^^^^
  File "/home/vdemeyer/py3/lib/python3.11/site-packages/xarray/backends/api.py", line 686, in open_dataset
    backend_ds = backend.open_dataset(
                 ^^^^^^^^^^^^^^^^^^^^^
  File "/home/vdemeyer/py3/lib/python3.11/site-packages/xarray/backends/netCDF4_.py", line 666, in open_dataset
    store = NetCDF4DataStore.open(
            ^^^^^^^^^^^^^^^^^^^^^^
  File "/home/vdemeyer/py3/lib/python3.11/site-packages/xarray/backends/netCDF4_.py", line 414, in open
    import netCDF4
  File "/home/vdemeyer/py3/lib/python3.11/site-packages/netCDF4/__init__.py", line 3, in <module>
    from ._netCDF4 import *
  File "src/netCDF4/_netCDF4.pyx", line 1, in init netCDF4._netCDF4
ModuleNotFoundError: No module named 'mpi4py'
#executed by process	0 in 8.19637s	with status	1 : python /home/vdemeyer/TRACKING/KATJA/POSTPROCESSING/EETCs_stat.py 2007 --sim ERA5 --metric ratio
Traceback (most recent call last):
  File "/home/vdemeyer/TRACKING/KATJA/POSTPROCESSING/EETCs_stat.py", line 387, in <module>
    main(iyear, sim, ref, output_file)
  File "/home/vdemeyer/TRACKING/KATJA/POSTPROCESSING/EETCs_stat.py", line 116, in main
    percentile_precip = xr.open_dataset(f'/home/vdemeyer/projects/rrg-gachon/vdemeyer/{sim}/PR_Percentile/pr_{sim.lower()}_percentile_1980-2014_wetdays.nc') ###à changer
                        ^^^^^^^^^^^^^^^^^^^^^^^^^^^^^^^^^^^^^^^^^^^^^^^^^^^^^^^^^^^^^^^^^^^^^^^^^^^^^^^^^^^^^^^^^^^^^^^^^^^^^^^^^^^^^^^^^^^^^^^^^^^^^^^^^^^^
  File "/home/vdemeyer/py3/lib/python3.11/site-packages/xarray/backends/api.py", line 686, in open_dataset
    backend_ds = backend.open_dataset(
                 ^^^^^^^^^^^^^^^^^^^^^
  File "/home/vdemeyer/py3/lib/python3.11/site-packages/xarray/backends/netCDF4_.py", line 666, in open_dataset
    store = NetCDF4DataStore.open(
            ^^^^^^^^^^^^^^^^^^^^^^
  File "/home/vdemeyer/py3/lib/python3.11/site-packages/xarray/backends/netCDF4_.py", line 414, in open
    import netCDF4
  File "/home/vdemeyer/py3/lib/python3.11/site-packages/netCDF4/__init__.py", line 3, in <module>
    from ._netCDF4 import *
  File "src/netCDF4/_netCDF4.pyx", line 1, in init netCDF4._netCDF4
ModuleNotFoundError: No module named 'mpi4py'
#executed by process	0 in 8.2738s	with status	1 : python /home/vdemeyer/TRACKING/KATJA/POSTPROCESSING/EETCs_stat.py 2008 --sim ERA5 --metric ratio
Traceback (most recent call last):
  File "/home/vdemeyer/TRACKING/KATJA/POSTPROCESSING/EETCs_stat.py", line 387, in <module>
    main(iyear, sim, ref, output_file)
  File "/home/vdemeyer/TRACKING/KATJA/POSTPROCESSING/EETCs_stat.py", line 116, in main
    percentile_precip = xr.open_dataset(f'/home/vdemeyer/projects/rrg-gachon/vdemeyer/{sim}/PR_Percentile/pr_{sim.lower()}_percentile_1980-2014_wetdays.nc') ###à changer
                        ^^^^^^^^^^^^^^^^^^^^^^^^^^^^^^^^^^^^^^^^^^^^^^^^^^^^^^^^^^^^^^^^^^^^^^^^^^^^^^^^^^^^^^^^^^^^^^^^^^^^^^^^^^^^^^^^^^^^^^^^^^^^^^^^^^^^
  File "/home/vdemeyer/py3/lib/python3.11/site-packages/xarray/backends/api.py", line 686, in open_dataset
    backend_ds = backend.open_dataset(
                 ^^^^^^^^^^^^^^^^^^^^^
  File "/home/vdemeyer/py3/lib/python3.11/site-packages/xarray/backends/netCDF4_.py", line 666, in open_dataset
    store = NetCDF4DataStore.open(
            ^^^^^^^^^^^^^^^^^^^^^^
  File "/home/vdemeyer/py3/lib/python3.11/site-packages/xarray/backends/netCDF4_.py", line 414, in open
    import netCDF4
  File "/home/vdemeyer/py3/lib/python3.11/site-packages/netCDF4/__init__.py", line 3, in <module>
    from ._netCDF4 import *
  File "src/netCDF4/_netCDF4.pyx", line 1, in init netCDF4._netCDF4
ModuleNotFoundError: No module named 'mpi4py'
#executed by process	0 in 8.22592s	with status	1 : python /home/vdemeyer/TRACKING/KATJA/POSTPROCESSING/EETCs_stat.py 2009 --sim ERA5 --metric ratio
Traceback (most recent call last):
  File "/home/vdemeyer/TRACKING/KATJA/POSTPROCESSING/EETCs_stat.py", line 387, in <module>
    main(iyear, sim, ref, output_file)
  File "/home/vdemeyer/TRACKING/KATJA/POSTPROCESSING/EETCs_stat.py", line 116, in main
    percentile_precip = xr.open_dataset(f'/home/vdemeyer/projects/rrg-gachon/vdemeyer/{sim}/PR_Percentile/pr_{sim.lower()}_percentile_1980-2014_wetdays.nc') ###à changer
                        ^^^^^^^^^^^^^^^^^^^^^^^^^^^^^^^^^^^^^^^^^^^^^^^^^^^^^^^^^^^^^^^^^^^^^^^^^^^^^^^^^^^^^^^^^^^^^^^^^^^^^^^^^^^^^^^^^^^^^^^^^^^^^^^^^^^^
  File "/home/vdemeyer/py3/lib/python3.11/site-packages/xarray/backends/api.py", line 686, in open_dataset
    backend_ds = backend.open_dataset(
                 ^^^^^^^^^^^^^^^^^^^^^
  File "/home/vdemeyer/py3/lib/python3.11/site-packages/xarray/backends/netCDF4_.py", line 666, in open_dataset
    store = NetCDF4DataStore.open(
            ^^^^^^^^^^^^^^^^^^^^^^
  File "/home/vdemeyer/py3/lib/python3.11/site-packages/xarray/backends/netCDF4_.py", line 414, in open
    import netCDF4
  File "/home/vdemeyer/py3/lib/python3.11/site-packages/netCDF4/__init__.py", line 3, in <module>
    from ._netCDF4 import *
  File "src/netCDF4/_netCDF4.pyx", line 1, in init netCDF4._netCDF4
ModuleNotFoundError: No module named 'mpi4py'
#executed by process	0 in 8.26683s	with status	1 : python /home/vdemeyer/TRACKING/KATJA/POSTPROCESSING/EETCs_stat.py 2010 --sim ERA5 --metric ratio
Traceback (most recent call last):
  File "/home/vdemeyer/TRACKING/KATJA/POSTPROCESSING/EETCs_stat.py", line 387, in <module>
    main(iyear, sim, ref, output_file)
  File "/home/vdemeyer/TRACKING/KATJA/POSTPROCESSING/EETCs_stat.py", line 116, in main
    percentile_precip = xr.open_dataset(f'/home/vdemeyer/projects/rrg-gachon/vdemeyer/{sim}/PR_Percentile/pr_{sim.lower()}_percentile_1980-2014_wetdays.nc') ###à changer
                        ^^^^^^^^^^^^^^^^^^^^^^^^^^^^^^^^^^^^^^^^^^^^^^^^^^^^^^^^^^^^^^^^^^^^^^^^^^^^^^^^^^^^^^^^^^^^^^^^^^^^^^^^^^^^^^^^^^^^^^^^^^^^^^^^^^^^
  File "/home/vdemeyer/py3/lib/python3.11/site-packages/xarray/backends/api.py", line 686, in open_dataset
    backend_ds = backend.open_dataset(
                 ^^^^^^^^^^^^^^^^^^^^^
  File "/home/vdemeyer/py3/lib/python3.11/site-packages/xarray/backends/netCDF4_.py", line 666, in open_dataset
    store = NetCDF4DataStore.open(
            ^^^^^^^^^^^^^^^^^^^^^^
  File "/home/vdemeyer/py3/lib/python3.11/site-packages/xarray/backends/netCDF4_.py", line 414, in open
    import netCDF4
  File "/home/vdemeyer/py3/lib/python3.11/site-packages/netCDF4/__init__.py", line 3, in <module>
    from ._netCDF4 import *
  File "src/netCDF4/_netCDF4.pyx", line 1, in init netCDF4._netCDF4
ModuleNotFoundError: No module named 'mpi4py'
#executed by process	0 in 8.34544s	with status	1 : python /home/vdemeyer/TRACKING/KATJA/POSTPROCESSING/EETCs_stat.py 2011 --sim ERA5 --metric ratio
Traceback (most recent call last):
  File "/home/vdemeyer/TRACKING/KATJA/POSTPROCESSING/EETCs_stat.py", line 387, in <module>
    main(iyear, sim, ref, output_file)
  File "/home/vdemeyer/TRACKING/KATJA/POSTPROCESSING/EETCs_stat.py", line 116, in main
    percentile_precip = xr.open_dataset(f'/home/vdemeyer/projects/rrg-gachon/vdemeyer/{sim}/PR_Percentile/pr_{sim.lower()}_percentile_1980-2014_wetdays.nc') ###à changer
                        ^^^^^^^^^^^^^^^^^^^^^^^^^^^^^^^^^^^^^^^^^^^^^^^^^^^^^^^^^^^^^^^^^^^^^^^^^^^^^^^^^^^^^^^^^^^^^^^^^^^^^^^^^^^^^^^^^^^^^^^^^^^^^^^^^^^^
  File "/home/vdemeyer/py3/lib/python3.11/site-packages/xarray/backends/api.py", line 686, in open_dataset
    backend_ds = backend.open_dataset(
                 ^^^^^^^^^^^^^^^^^^^^^
  File "/home/vdemeyer/py3/lib/python3.11/site-packages/xarray/backends/netCDF4_.py", line 666, in open_dataset
    store = NetCDF4DataStore.open(
            ^^^^^^^^^^^^^^^^^^^^^^
  File "/home/vdemeyer/py3/lib/python3.11/site-packages/xarray/backends/netCDF4_.py", line 414, in open
    import netCDF4
  File "/home/vdemeyer/py3/lib/python3.11/site-packages/netCDF4/__init__.py", line 3, in <module>
    from ._netCDF4 import *
  File "src/netCDF4/_netCDF4.pyx", line 1, in init netCDF4._netCDF4
ModuleNotFoundError: No module named 'mpi4py'
#executed by process	0 in 9.05304s	with status	1 : python /home/vdemeyer/TRACKING/KATJA/POSTPROCESSING/EETCs_stat.py 2012 --sim ERA5 --metric ratio
slurmstepd: error: *** STEP 49943655.0 ON nl10201 CANCELLED AT 2025-09-20T01:43:53 DUE TO TIME LIMIT ***
slurmstepd: error: *** JOB 49943655 ON nl10201 CANCELLED AT 2025-09-20T01:43:53 DUE TO TIME LIMIT ***
